
 Start         Length     Name                   Class
 0001:00401000 0002A938H .text                   CODE
 0002:0042C000 0000058CH .itext                  ICODE
 0003:0042D000 0000193CH .data                   DATA
 0004:0042F000 000004BCH .bss                    BSS
 0005:00000000 00000000H .tls                    TLS


Detailed map of segments

 0001:00000000 0000032E C=CODE     S=.text    G=(none)   M=System   ACBP=A9
 0001:00000330 00000055 C=CODE     S=.text    G=(none)   M=SysInit  ACBP=A9
 0001:00000388 00000006 C=CODE     S=.text    G=(none)   M=FastMM4  ACBP=A9
 0001:00000390 0000010C C=CODE     S=.text    G=(none)   M=Windows  ACBP=A9
 0001:0000049C 00000196 C=CODE     S=.text    G=(none)   M=SysUtils ACBP=A9
 0001:00000634 00000006 C=CODE     S=.text    G=(none)   M=VarUtils ACBP=A9
 0001:0000063C 0000001E C=CODE     S=.text    G=(none)   M=Variants ACBP=A9
 0001:0000065C 00000006 C=CODE     S=.text    G=(none)   M=TypInfo  ACBP=A9
 0001:00000664 0000037E C=CODE     S=.text    G=(none)   M=Classes  ACBP=A9
 0001:000009E4 00000006 C=CODE     S=.text    G=(none)   M=Math     ACBP=A9
 0001:000009EC 00000006 C=CODE     S=.text    G=(none)   M=HelpIntfs ACBP=A9
 0001:000009F4 00000006 C=CODE     S=.text    G=(none)   M=MultiMon ACBP=A9
 0001:000009FC 00000006 C=CODE     S=.text    G=(none)   M=IniFiles ACBP=A9
 0001:00000A04 00000006 C=CODE     S=.text    G=(none)   M=Registry ACBP=A9
 0001:00000A0C 0000000E C=CODE     S=.text    G=(none)   M=Graphics ACBP=A9
 0001:00000A1C 00000016 C=CODE     S=.text    G=(none)   M=SyncObjs ACBP=A9
 0001:00000A34 00000006 C=CODE     S=.text    G=(none)   M=UxTheme  ACBP=A9
 0001:00000A3C 00000006 C=CODE     S=.text    G=(none)   M=ShellAPI ACBP=A9
 0001:00000A44 00000006 C=CODE     S=.text    G=(none)   M=Printers ACBP=A9
 0001:00000A4C 00000006 C=CODE     S=.text    G=(none)   M=GraphUtil ACBP=A9
 0001:00000A54 00000006 C=CODE     S=.text    G=(none)   M=ExtCtrls ACBP=A9
 0001:00000A5C 00000006 C=CODE     S=.text    G=(none)   M=Dialogs  ACBP=A9
 0001:00000A64 00000016 C=CODE     S=.text    G=(none)   M=Clipbrd  ACBP=A9
 0001:00000A7C 00000006 C=CODE     S=.text    G=(none)   M=FlatSB   ACBP=A9
 0001:00000A84 00000006 C=CODE     S=.text    G=(none)   M=Themes   ACBP=A9
 0001:00000A8C 00000006 C=CODE     S=.text    G=(none)   M=Menus    ACBP=A9
 0001:00000A94 00000106 C=CODE     S=.text    G=(none)   M=Controls ACBP=A9
 0001:00000B9C 00000006 C=CODE     S=.text    G=(none)   M=ActnList ACBP=A9
 0001:00000BA4 0000016E C=CODE     S=.text    G=(none)   M=Forms    ACBP=A9
 0001:00000D14 000026AF C=CODE     S=.text    G=(none)   M=GBQAppUtils ACBP=A9
 0001:000033C4 0000000E C=CODE     S=.text    G=(none)   M=GSPEngineUtils ACBP=A9
 0001:000033D4 00000348 C=CODE     S=.text    G=(none)   M=HYUtils  ACBP=A9
 0001:0000371C 00000110 C=CODE     S=.text    G=(none)   M=HYService ACBP=A9
 0001:0000382C 0000000E C=CODE     S=.text    G=(none)   M=Mask     ACBP=A9
 0001:0000383C 00000328 C=CODE     S=.text    G=(none)   M=IdResourceStrings ACBP=A9
 0001:00003B64 00000C86 C=CODE     S=.text    G=(none)   M=IdException ACBP=A9
 0001:000047EC 00000994 C=CODE     S=.text    G=(none)   M=IdURI    ACBP=A9
 0001:00005180 000011A5 C=CODE     S=.text    G=(none)   M=IdWinSock2 ACBP=A9
 0001:00006328 0000140A C=CODE     S=.text    G=(none)   M=IdStackWindows ACBP=A9
 0001:00007734 00001E70 C=CODE     S=.text    G=(none)   M=IdGlobal ACBP=A9
 0001:000095A4 00000E91 C=CODE     S=.text    G=(none)   M=IdStack  ACBP=A9
 0001:0000A438 000000C2 C=CODE     S=.text    G=(none)   M=IdBaseComponent ACBP=A9
 0001:0000A4FC 00000300 C=CODE     S=.text    G=(none)   M=IdAntiFreezeBase ACBP=A9
 0001:0000A7FC 000006D9 C=CODE     S=.text    G=(none)   M=IdComponent ACBP=A9
 0001:0000AED8 00000B7B C=CODE     S=.text    G=(none)   M=IdHeaderList ACBP=A9
 0001:0000BA54 00000241 C=CODE     S=.text    G=(none)   M=IdCoder  ACBP=A9
 0001:0000BC98 00000750 C=CODE     S=.text    G=(none)   M=IdCoder3to4 ACBP=A9
 0001:0000C3E8 000001A2 C=CODE     S=.text    G=(none)   M=IdCoderMIME ACBP=A9
 0001:0000C58C 00000A70 C=CODE     S=.text    G=(none)   M=IdAuthentication ACBP=A9
 0001:0000CFFC 0000021F C=CODE     S=.text    G=(none)   M=IdAuthenticationManager ACBP=A9
 0001:0000D21C 00001AB2 C=CODE     S=.text    G=(none)   M=IdCookie ACBP=A9
 0001:0000ECD0 00000938 C=CODE     S=.text    G=(none)   M=IdCookieManager ACBP=A9
 0001:0000F608 00000185 C=CODE     S=.text    G=(none)   M=IdIOHandler ACBP=A9
 0001:0000F790 00000AE2 C=CODE     S=.text    G=(none)   M=IdSocketHandle ACBP=A9
 0001:00010274 00000D0C C=CODE     S=.text    G=(none)   M=IdSocks  ACBP=A9
 0001:00010F80 000004EC C=CODE     S=.text    G=(none)   M=IdRFCReply ACBP=A9
 0001:0001146C 00000433 C=CODE     S=.text    G=(none)   M=IdIntercept ACBP=A9
 0001:000118A0 00000A18 C=CODE     S=.text    G=(none)   M=IdIOHandlerSocket ACBP=A9
 0001:000122B8 00002563 C=CODE     S=.text    G=(none)   M=IdTCPConnection ACBP=A9
 0001:0001481C 000004BC C=CODE     S=.text    G=(none)   M=IdTCPClient ACBP=A9
 0001:00014CD8 00000089 C=CODE     S=.text    G=(none)   M=IdThread ACBP=A9
 0001:00014D64 00000103 C=CODE     S=.text    G=(none)   M=IdServerIOHandler ACBP=A9
 0001:00014E68 00001439 C=CODE     S=.text    G=(none)   M=IdSSLOpenSSLHeaders ACBP=A9
 0001:000162A4 00002F61 C=CODE     S=.text    G=(none)   M=IdSSLOpenSSL ACBP=A9
 0001:00019208 00002309 C=CODE     S=.text    G=(none)   M=IdHTTPHeaderInfo ACBP=A9
 0001:0001B514 00003879 C=CODE     S=.text    G=(none)   M=IdHTTP   ACBP=A9
 0001:0001ED90 00000006 C=CODE     S=.text    G=(none)   M=TBX      ACBP=A9
 0001:0001ED98 00000006 C=CODE     S=.text    G=(none)   M=TBXThemes ACBP=A9
 0001:0001EDA0 00000006 C=CODE     S=.text    G=(none)   M=TBXUtils ACBP=A9
 0001:0001EDA8 00000006 C=CODE     S=.text    G=(none)   M=TB2Version ACBP=A9
 0001:0001EDB0 00000006 C=CODE     S=.text    G=(none)   M=TB2Anim  ACBP=A9
 0001:0001EDB8 00000006 C=CODE     S=.text    G=(none)   M=TB2Hook  ACBP=A9
 0001:0001EDC0 00000006 C=CODE     S=.text    G=(none)   M=TB2Item  ACBP=A9
 0001:0001EDC8 00000006 C=CODE     S=.text    G=(none)   M=TB2Acc   ACBP=A9
 0001:0001EDD0 00000006 C=CODE     S=.text    G=(none)   M=ComCtrls ACBP=A9
 0001:0001EDD8 00000006 C=CODE     S=.text    G=(none)   M=ExtActns ACBP=A9
 0001:0001EDE0 00000006 C=CODE     S=.text    G=(none)   M=ExtDlgs  ACBP=A9
 0001:0001EDE8 00000006 C=CODE     S=.text    G=(none)   M=Buttons  ACBP=A9
 0001:0001EDF0 00000006 C=CODE     S=.text    G=(none)   M=Mapi     ACBP=A9
 0001:0001EDF8 00000006 C=CODE     S=.text    G=(none)   M=TBXDefaultTheme ACBP=A9
 0001:0001EE00 00000016 C=CODE     S=.text    G=(none)   M=GSPDBGrid ACBP=A9
 0001:0001EE18 00000006 C=CODE     S=.text    G=(none)   M=GrandViewGrid ACBP=A9
 0001:0001EE20 00000006 C=CODE     S=.text    G=(none)   M=RichDraw ACBP=A9
 0001:0001EE28 00000006 C=CODE     S=.text    G=(none)   M=ComObj   ACBP=A9
 0001:0001EE30 00000006 C=CODE     S=.text    G=(none)   M=GrandWideControls ACBP=A9
 0001:0001EE38 00000006 C=CODE     S=.text    G=(none)   M=GrandStrUtils ACBP=A9
 0001:0001EE40 00000006 C=CODE     S=.text    G=(none)   M=GrandPrintUtils ACBP=A9
 0001:0001EE48 00000006 C=CODE     S=.text    G=(none)   M=GrandGridThemes ACBP=A9
 0001:0001EE50 00000006 C=CODE     S=.text    G=(none)   M=DrawSymbol ACBP=A9
 0001:0001EE58 00000006 C=CODE     S=.text    G=(none)   M=GSPUtils ACBP=A9
 0001:0001EE60 00000006 C=CODE     S=.text    G=(none)   M=GrandFileUtils ACBP=A9
 0001:0001EE68 00000006 C=CODE     S=.text    G=(none)   M=GrandMathUtils ACBP=A9
 0001:0001EE70 00000006 C=CODE     S=.text    G=(none)   M=GSPDataTransferRule ACBP=A9
 0001:0001EE78 00000006 C=CODE     S=.text    G=(none)   M=GrandXMLUtils ACBP=A9
 0001:0001EE80 00000006 C=CODE     S=.text    G=(none)   M=GrandXMLDoc ACBP=A9
 0001:0001EE88 00000006 C=CODE     S=.text    G=(none)   M=DateUtils ACBP=A9
 0001:0001EE90 00000006 C=CODE     S=.text    G=(none)   M=GSPModelBinStreamBuilder ACBP=A9
 0001:0001EE98 00000006 C=CODE     S=.text    G=(none)   M=GrandDebugUtils ACBP=A9
 0001:0001EEA0 00000006 C=CODE     S=.text    G=(none)   M=GSPDataTransferRuleBuilder ACBP=A9
 0001:0001EEA8 00000026 C=CODE     S=.text    G=(none)   M=GSPDB    ACBP=A9
 0001:0001EED0 00000006 C=CODE     S=.text    G=(none)   M=GSPSQLParser ACBP=A9
 0001:0001EED8 00000006 C=CODE     S=.text    G=(none)   M=GSPDBGridSetting ACBP=A9
 0001:0001EEE0 00000006 C=CODE     S=.text    G=(none)   M=RegExpr  ACBP=A9
 0001:0001EEE8 00000006 C=CODE     S=.text    G=(none)   M=GSPDBGridSettingXMLBuilder ACBP=A9
 0001:0001EEF0 00000006 C=CODE     S=.text    G=(none)   M=ZLibExApi ACBP=A9
 0001:0001EEF8 00000006 C=CODE     S=.text    G=(none)   M=CheckLst ACBP=A9
 0001:0001EF00 00000006 C=CODE     S=.text    G=(none)   M=SynEdit  ACBP=A9
 0001:0001EF08 00000006 C=CODE     S=.text    G=(none)   M=SynEditHighlighter ACBP=A9
 0001:0001EF10 00000006 C=CODE     S=.text    G=(none)   M=SynEditMiscClasses ACBP=A9
 0001:0001EF18 00000006 C=CODE     S=.text    G=(none)   M=SynRegExpr ACBP=A9
 0001:0001EF20 00000006 C=CODE     S=.text    G=(none)   M=SynEditKeyCmds ACBP=A9
 0001:0001EF28 00000006 C=CODE     S=.text    G=(none)   M=SynTextDrawer ACBP=A9
 0001:0001EF30 00000006 C=CODE     S=.text    G=(none)   M=GQLTransfer ACBP=A9
 0001:0001EF38 00000006 C=CODE     S=.text    G=(none)   M=GQLParser ACBP=A9
 0001:0001EF40 00000006 C=CODE     S=.text    G=(none)   M=XLSXMLExcel4 ACBP=A9
 0001:0001EF48 00000006 C=CODE     S=.text    G=(none)   M=HTMLParse4 ACBP=A9
 0001:0001EF50 00000006 C=CODE     S=.text    G=(none)   M=HTMLTypes4 ACBP=A9
 0001:0001EF58 00000006 C=CODE     S=.text    G=(none)   M=XLSUtils4 ACBP=A9
 0001:0001EF60 00000006 C=CODE     S=.text    G=(none)   M=BIFFRecsII4 ACBP=A9
 0001:0001EF68 00000006 C=CODE     S=.text    G=(none)   M=XLSHTMLDecode4 ACBP=A9
 0001:0001EF70 00000006 C=CODE     S=.text    G=(none)   M=XLSXMLTypes4 ACBP=A9
 0001:0001EF78 00000006 C=CODE     S=.text    G=(none)   M=CellFormats4 ACBP=A9
 0001:0001EF80 00000006 C=CODE     S=.text    G=(none)   M=EscherTypes4 ACBP=A9
 0001:0001EF88 00000006 C=CODE     S=.text    G=(none)   M=RTFReadWrite4 ACBP=A9
 0001:0001EF90 00000006 C=CODE     S=.text    G=(none)   M=ExcelFuncII4 ACBP=A9
 0001:0001EF98 00000006 C=CODE     S=.text    G=(none)   M=DecodeFormula4 ACBP=A9
 0001:0001EFA0 00000006 C=CODE     S=.text    G=(none)   M=EncodeFormulaII4 ACBP=A9
 0001:0001EFA8 00000006 C=CODE     S=.text    G=(none)   M=RecordStorageChart4 ACBP=A9
 0001:0001EFB0 00000006 C=CODE     S=.text    G=(none)   M=XLSPNGImage ACBP=A9
 0001:0001EFB8 00000006 C=CODE     S=.text    G=(none)   M=jpeg     ACBP=A9
 0001:0001EFC0 00000006 C=CODE     S=.text    G=(none)   M=XLSWriteXML4 ACBP=A9
 0001:0001EFC8 00000006 C=CODE     S=.text    G=(none)   M=GSPGrid  ACBP=A9
 0001:0001EFD0 00000006 C=CODE     S=.text    G=(none)   M=GSPGridSetting ACBP=A9
 0001:0001EFD8 00000006 C=CODE     S=.text    G=(none)   M=GSPCustomGrid ACBP=A9
 0001:0001EFE0 000006FC C=CODE     S=.text    G=(none)   M=FeedbackFrm ACBP=A9
 0001:0001F6DC 00000006 C=CODE     S=.text    G=(none)   M=WinSock  ACBP=A9
 0001:0001F6E4 00008C30 C=CODE     S=.text    G=(none)   M=superobject ACBP=A9
 0001:00028314 00001CAB C=CODE     S=.text    G=(none)   M=MainFrm  ACBP=A9
 0001:00029FC0 00000978 C=CODE     S=.text    G=(none)   M=HY       ACBP=A9
 0002:00000000 00000006 C=ICODE    S=.itext   G=(none)   M=System   ACBP=A9
 0002:00000008 00000006 C=ICODE    S=.itext   G=(none)   M=FastMM4  ACBP=A9
 0002:00000010 00000011 C=ICODE    S=.itext   G=(none)   M=Windows  ACBP=A9
 0002:00000024 00000006 C=ICODE    S=.itext   G=(none)   M=SysUtils ACBP=A9
 0002:0000002C 00000006 C=ICODE    S=.itext   G=(none)   M=VarUtils ACBP=A9
 0002:00000034 00000006 C=ICODE    S=.itext   G=(none)   M=Variants ACBP=A9
 0002:0000003C 00000006 C=ICODE    S=.itext   G=(none)   M=TypInfo  ACBP=A9
 0002:00000044 00000006 C=ICODE    S=.itext   G=(none)   M=Classes  ACBP=A9
 0002:0000004C 00000006 C=ICODE    S=.itext   G=(none)   M=HelpIntfs ACBP=A9
 0002:00000054 00000006 C=ICODE    S=.itext   G=(none)   M=MultiMon ACBP=A9
 0002:0000005C 00000006 C=ICODE    S=.itext   G=(none)   M=IniFiles ACBP=A9
 0002:00000064 00000006 C=ICODE    S=.itext   G=(none)   M=Registry ACBP=A9
 0002:0000006C 00000006 C=ICODE    S=.itext   G=(none)   M=Graphics ACBP=A9
 0002:00000074 00000006 C=ICODE    S=.itext   G=(none)   M=UxTheme  ACBP=A9
 0002:0000007C 00000006 C=ICODE    S=.itext   G=(none)   M=Printers ACBP=A9
 0002:00000084 00000006 C=ICODE    S=.itext   G=(none)   M=GraphUtil ACBP=A9
 0002:0000008C 00000006 C=ICODE    S=.itext   G=(none)   M=ExtCtrls ACBP=A9
 0002:00000094 00000006 C=ICODE    S=.itext   G=(none)   M=Dialogs  ACBP=A9
 0002:0000009C 00000006 C=ICODE    S=.itext   G=(none)   M=Clipbrd  ACBP=A9
 0002:000000A4 00000006 C=ICODE    S=.itext   G=(none)   M=FlatSB   ACBP=A9
 0002:000000AC 00000006 C=ICODE    S=.itext   G=(none)   M=Themes   ACBP=A9
 0002:000000B4 00000006 C=ICODE    S=.itext   G=(none)   M=Menus    ACBP=A9
 0002:000000BC 00000006 C=ICODE    S=.itext   G=(none)   M=Controls ACBP=A9
 0002:000000C4 00000006 C=ICODE    S=.itext   G=(none)   M=ActnList ACBP=A9
 0002:000000CC 00000006 C=ICODE    S=.itext   G=(none)   M=Forms    ACBP=A9
 0002:000000D4 00000008 C=ICODE    S=.itext   G=(none)   M=GBQAppUtils ACBP=A9
 0002:000000DC 00000006 C=ICODE    S=.itext   G=(none)   M=GSPEngineUtils ACBP=A9
 0002:000000E4 00000044 C=ICODE    S=.itext   G=(none)   M=IdWinSock2 ACBP=A9
 0002:00000128 00000030 C=ICODE    S=.itext   G=(none)   M=IdStackWindows ACBP=A9
 0002:00000158 00000120 C=ICODE    S=.itext   G=(none)   M=IdGlobal ACBP=A9
 0002:00000278 00000029 C=ICODE    S=.itext   G=(none)   M=IdComponent ACBP=A9
 0002:000002A4 00000023 C=ICODE    S=.itext   G=(none)   M=IdCoderMIME ACBP=A9
 0002:000002C8 00000030 C=ICODE    S=.itext   G=(none)   M=IdAuthentication ACBP=A9
 0002:000002F8 00000008 C=ICODE    S=.itext   G=(none)   M=IdCookie ACBP=A9
 0002:00000300 0000000C C=ICODE    S=.itext   G=(none)   M=IdThread ACBP=A9
 0002:0000030C 0000000C C=ICODE    S=.itext   G=(none)   M=IdSSLOpenSSLHeaders ACBP=A9
 0002:00000318 0000000C C=ICODE    S=.itext   G=(none)   M=IdSSLOpenSSL ACBP=A9
 0002:00000324 00000008 C=ICODE    S=.itext   G=(none)   M=IdHTTP   ACBP=A9
 0002:0000032C 00000006 C=ICODE    S=.itext   G=(none)   M=TBX      ACBP=A9
 0002:00000334 00000006 C=ICODE    S=.itext   G=(none)   M=TBXThemes ACBP=A9
 0002:0000033C 00000006 C=ICODE    S=.itext   G=(none)   M=TBXUtils ACBP=A9
 0002:00000344 00000006 C=ICODE    S=.itext   G=(none)   M=TB2Version ACBP=A9
 0002:0000034C 00000006 C=ICODE    S=.itext   G=(none)   M=TB2Anim  ACBP=A9
 0002:00000354 00000006 C=ICODE    S=.itext   G=(none)   M=TB2Hook  ACBP=A9
 0002:0000035C 00000006 C=ICODE    S=.itext   G=(none)   M=TB2Item  ACBP=A9
 0002:00000364 00000006 C=ICODE    S=.itext   G=(none)   M=TB2Acc   ACBP=A9
 0002:0000036C 00000006 C=ICODE    S=.itext   G=(none)   M=ComCtrls ACBP=A9
 0002:00000374 00000006 C=ICODE    S=.itext   G=(none)   M=ExtActns ACBP=A9
 0002:0000037C 00000006 C=ICODE    S=.itext   G=(none)   M=ExtDlgs  ACBP=A9
 0002:00000384 00000006 C=ICODE    S=.itext   G=(none)   M=Buttons  ACBP=A9
 0002:0000038C 00000006 C=ICODE    S=.itext   G=(none)   M=Mapi     ACBP=A9
 0002:00000394 00000006 C=ICODE    S=.itext   G=(none)   M=TBXDefaultTheme ACBP=A9
 0002:0000039C 00000006 C=ICODE    S=.itext   G=(none)   M=GSPDBGrid ACBP=A9
 0002:000003A4 00000006 C=ICODE    S=.itext   G=(none)   M=GrandViewGrid ACBP=A9
 0002:000003AC 00000006 C=ICODE    S=.itext   G=(none)   M=RichDraw ACBP=A9
 0002:000003B4 00000006 C=ICODE    S=.itext   G=(none)   M=ComObj   ACBP=A9
 0002:000003BC 00000006 C=ICODE    S=.itext   G=(none)   M=GrandWideControls ACBP=A9
 0002:000003C4 00000006 C=ICODE    S=.itext   G=(none)   M=GrandStrUtils ACBP=A9
 0002:000003CC 00000006 C=ICODE    S=.itext   G=(none)   M=GrandPrintUtils ACBP=A9
 0002:000003D4 00000006 C=ICODE    S=.itext   G=(none)   M=GrandGridThemes ACBP=A9
 0002:000003DC 00000006 C=ICODE    S=.itext   G=(none)   M=DrawSymbol ACBP=A9
 0002:000003E4 00000006 C=ICODE    S=.itext   G=(none)   M=GSPUtils ACBP=A9
 0002:000003EC 00000006 C=ICODE    S=.itext   G=(none)   M=GrandFileUtils ACBP=A9
 0002:000003F4 00000006 C=ICODE    S=.itext   G=(none)   M=GrandMathUtils ACBP=A9
 0002:000003FC 00000006 C=ICODE    S=.itext   G=(none)   M=GSPDataTransferRule ACBP=A9
 0002:00000404 00000006 C=ICODE    S=.itext   G=(none)   M=GrandXMLUtils ACBP=A9
 0002:0000040C 00000006 C=ICODE    S=.itext   G=(none)   M=GrandXMLDoc ACBP=A9
 0002:00000414 00000006 C=ICODE    S=.itext   G=(none)   M=GSPModelBinStreamBuilder ACBP=A9
 0002:0000041C 00000006 C=ICODE    S=.itext   G=(none)   M=GrandDebugUtils ACBP=A9
 0002:00000424 00000006 C=ICODE    S=.itext   G=(none)   M=GSPDataTransferRuleBuilder ACBP=A9
 0002:0000042C 00000006 C=ICODE    S=.itext   G=(none)   M=GSPDB    ACBP=A9
 0002:00000434 00000006 C=ICODE    S=.itext   G=(none)   M=GSPSQLParser ACBP=A9
 0002:0000043C 00000006 C=ICODE    S=.itext   G=(none)   M=GSPDBGridSetting ACBP=A9
 0002:00000444 00000006 C=ICODE    S=.itext   G=(none)   M=RegExpr  ACBP=A9
 0002:0000044C 00000006 C=ICODE    S=.itext   G=(none)   M=GSPDBGridSettingXMLBuilder ACBP=A9
 0002:00000454 00000006 C=ICODE    S=.itext   G=(none)   M=ZLibExApi ACBP=A9
 0002:0000045C 00000006 C=ICODE    S=.itext   G=(none)   M=CheckLst ACBP=A9
 0002:00000464 00000006 C=ICODE    S=.itext   G=(none)   M=SynEdit  ACBP=A9
 0002:0000046C 00000006 C=ICODE    S=.itext   G=(none)   M=SynEditHighlighter ACBP=A9
 0002:00000474 00000006 C=ICODE    S=.itext   G=(none)   M=SynEditMiscClasses ACBP=A9
 0002:0000047C 00000006 C=ICODE    S=.itext   G=(none)   M=SynRegExpr ACBP=A9
 0002:00000484 00000006 C=ICODE    S=.itext   G=(none)   M=SynEditKeyCmds ACBP=A9
 0002:0000048C 00000006 C=ICODE    S=.itext   G=(none)   M=SynTextDrawer ACBP=A9
 0002:00000494 00000006 C=ICODE    S=.itext   G=(none)   M=GQLTransfer ACBP=A9
 0002:0000049C 00000006 C=ICODE    S=.itext   G=(none)   M=GQLParser ACBP=A9
 0002:000004A4 00000006 C=ICODE    S=.itext   G=(none)   M=XLSXMLExcel4 ACBP=A9
 0002:000004AC 00000006 C=ICODE    S=.itext   G=(none)   M=HTMLParse4 ACBP=A9
 0002:000004B4 00000006 C=ICODE    S=.itext   G=(none)   M=HTMLTypes4 ACBP=A9
 0002:000004BC 00000006 C=ICODE    S=.itext   G=(none)   M=XLSUtils4 ACBP=A9
 0002:000004C4 00000006 C=ICODE    S=.itext   G=(none)   M=BIFFRecsII4 ACBP=A9
 0002:000004CC 00000006 C=ICODE    S=.itext   G=(none)   M=XLSHTMLDecode4 ACBP=A9
 0002:000004D4 00000006 C=ICODE    S=.itext   G=(none)   M=XLSXMLTypes4 ACBP=A9
 0002:000004DC 00000006 C=ICODE    S=.itext   G=(none)   M=CellFormats4 ACBP=A9
 0002:000004E4 00000006 C=ICODE    S=.itext   G=(none)   M=EscherTypes4 ACBP=A9
 0002:000004EC 00000006 C=ICODE    S=.itext   G=(none)   M=RTFReadWrite4 ACBP=A9
 0002:000004F4 00000006 C=ICODE    S=.itext   G=(none)   M=ExcelFuncII4 ACBP=A9
 0002:000004FC 00000006 C=ICODE    S=.itext   G=(none)   M=DecodeFormula4 ACBP=A9
 0002:00000504 00000006 C=ICODE    S=.itext   G=(none)   M=EncodeFormulaII4 ACBP=A9
 0002:0000050C 00000006 C=ICODE    S=.itext   G=(none)   M=RecordStorageChart4 ACBP=A9
 0002:00000514 00000006 C=ICODE    S=.itext   G=(none)   M=XLSPNGImage ACBP=A9
 0002:0000051C 00000006 C=ICODE    S=.itext   G=(none)   M=jpeg     ACBP=A9
 0002:00000524 00000006 C=ICODE    S=.itext   G=(none)   M=XLSWriteXML4 ACBP=A9
 0002:0000052C 00000006 C=ICODE    S=.itext   G=(none)   M=GSPGrid  ACBP=A9
 0002:00000534 00000006 C=ICODE    S=.itext   G=(none)   M=GSPGridSetting ACBP=A9
 0002:0000053C 00000006 C=ICODE    S=.itext   G=(none)   M=GSPCustomGrid ACBP=A9
 0002:00000544 00000045 C=ICODE    S=.itext   G=(none)   M=HY       ACBP=A9
 0003:00000000 00000020 C=DATA     S=.data    G=DGROUP   M=SysInit  ACBP=A9
 0003:00000020 00000DCC C=DATA     S=.data    G=DGROUP   M=GBQAppUtils ACBP=A9
 0003:00000DEC 00000544 C=DATA     S=.data    G=DGROUP   M=IdWinSock2 ACBP=A9
 0003:00001330 00000001 C=DATA     S=.data    G=DGROUP   M=IdStackWindows ACBP=A9
 0003:00001334 0000009C C=DATA     S=.data    G=DGROUP   M=IdGlobal ACBP=A9
 0003:000013D0 0000000C C=DATA     S=.data    G=DGROUP   M=IdStack  ACBP=A9
 0003:000013DC 00000004 C=DATA     S=.data    G=DGROUP   M=IdAntiFreezeBase ACBP=A9
 0003:000013E0 00000028 C=DATA     S=.data    G=DGROUP   M=IdComponent ACBP=A9
 0003:00001408 00000004 C=DATA     S=.data    G=DGROUP   M=IdCoderMIME ACBP=A9
 0003:0000140C 00000004 C=DATA     S=.data    G=DGROUP   M=IdAuthentication ACBP=A9
 0003:00001410 0000004C C=DATA     S=.data    G=DGROUP   M=IdCookie ACBP=A9
 0003:0000145C 00000008 C=DATA     S=.data    G=DGROUP   M=IdIOHandlerSocket ACBP=A9
 0003:00001464 0000014C C=DATA     S=.data    G=DGROUP   M=IdSSLOpenSSLHeaders ACBP=A9
 0003:000015B0 00000004 C=DATA     S=.data    G=DGROUP   M=IdSSLOpenSSL ACBP=A9
 0003:000015B4 00000008 C=DATA     S=.data    G=DGROUP   M=IdHTTP   ACBP=A9
 0003:000015BC 00000078 C=DATA     S=.data    G=DGROUP   M=superobject ACBP=A9
 0004:00000000 00000004 C=BSS      S=.bss     G=DGROUP   M=SysInit  ACBP=A9
 0004:00000004 00000008 C=BSS      S=.bss     G=DGROUP   M=Windows  ACBP=A9
 0004:0000000C 00000004 C=BSS      S=.bss     G=DGROUP   M=GBQAppUtils ACBP=A9
 0004:00000010 000001E8 C=BSS      S=.bss     G=DGROUP   M=IdWinSock2 ACBP=A9
 0004:000001F8 00000004 C=BSS      S=.bss     G=DGROUP   M=IdStackWindows ACBP=A9
 0004:000001FC 00000014 C=BSS      S=.bss     G=DGROUP   M=IdGlobal ACBP=A9
 0004:00000210 00000004 C=BSS      S=.bss     G=DGROUP   M=IdStack  ACBP=A9
 0004:00000214 00000008 C=BSS      S=.bss     G=DGROUP   M=IdComponent ACBP=A9
 0004:0000021C 00000084 C=BSS      S=.bss     G=DGROUP   M=IdCoderMIME ACBP=A9
 0004:000002A0 00000004 C=BSS      S=.bss     G=DGROUP   M=IdAuthentication ACBP=A9
 0004:000002A4 00000004 C=BSS      S=.bss     G=DGROUP   M=IdCookie ACBP=A9
 0004:000002A8 0000000C C=BSS      S=.bss     G=DGROUP   M=IdThread ACBP=A9
 0004:000002B4 00000004 C=BSS      S=.bss     G=DGROUP   M=IdSSLOpenSSLHeaders ACBP=A9
 0004:000002B8 00000014 C=BSS      S=.bss     G=DGROUP   M=IdSSLOpenSSL ACBP=A9
 0004:000002CC 00000004 C=BSS      S=.bss     G=DGROUP   M=IdHTTP   ACBP=A9
 0004:000002D0 000001EC C=BSS      S=.bss     G=DGROUP   M=MainFrm  ACBP=A9


  Address             Publics by Name

 0001:0001EFE0       FeedbackFrm..TFeedbackForm
 0001:0001F2F4       FeedbackFrm.TFeedbackForm.acAddExecute
 0001:0001F348       FeedbackFrm.TFeedbackForm.acDelExecute
 0001:0001F2B0       FeedbackFrm.TFeedbackForm.Create
 0001:0001F3A4       FeedbackFrm.TFeedbackForm.Execute
 0001:0001F3FC       FeedbackFrm.TFeedbackForm.FormShow
 0001:0001F4A0       FeedbackFrm.TFeedbackForm.GridQueryCellValue
 0001:0001F544       FeedbackFrm.TFeedbackForm.GridQueryEditHide
 0004:0000000C       GBQAppUtils..51
 0001:00001414       GBQAppUtils.AppendIntegerArray
 0003:00000DE8       GBQAppUtils.CAPRegionArray
 0003:00000598       GBQAppUtils.CBitMask
 0003:00000090       GBQAppUtils.CItemCaptions_Bid
 0003:0000002C       GBQAppUtils.CItemCaptions_BQGrid
 0003:00000020       GBQAppUtils.CItemCaptions_MainForm
 0003:00000060       GBQAppUtils.CItemCaptions_MeasGrid
 0003:00000088       GBQAppUtils.CItemCaptions_Resource
 0003:00000110       GBQAppUtils.CItemNames_Bid
 0003:000000AC       GBQAppUtils.CItemNames_BQGrid
 0003:000000A0       GBQAppUtils.CItemNames_MainForm
 0003:000000E0       GBQAppUtils.CItemNames_MeasGrid
 0003:00000108       GBQAppUtils.CItemNames_Resource
 0001:00001498       GBQAppUtils.CRC32
 0001:000014F8       GBQAppUtils.CRC32Buffer
 0003:00000588       GBQAppUtils.CTotRot
 0001:00002D54       GBQAppUtils.DecryptString
 0003:00000120       GBQAppUtils.defCrc32Table
 0001:00002E04       GBQAppUtils.DoEncryptStream
 0001:00001BB8       GBQAppUtils.EncryptDES
 0001:00003154       GBQAppUtils.EncryptStream
 0001:00001D90       GBQAppUtils.EncryptTripleDES
 0001:00001270       GBQAppUtils.Exchange
 0001:00001EF4       GBQAppUtils.FF
 0001:00003294       GBQAppUtils.Finalization
 0001:00002960       GBQAppUtils.FinalizeMD5
 0001:00001AB0       GBQAppUtils.FPerm
 0002:000000D4       GBQAppUtils.GBQAppUtils
 0001:00002B1C       GBQAppUtils.GenerateTripleDESKey
 0001:00002CC4       GBQAppUtils.GetRandomPos
 0001:00001F34       GBQAppUtils.GG
 0001:00001F74       GBQAppUtils.HH
 0001:00001FB0       GBQAppUtils.II
 0001:000013CC       GBQAppUtils.IndexOfIntegerArray
 0001:000016D4       GBQAppUtils.InitEncryptDES
 0001:000018EC       GBQAppUtils.InitEncryptTripleDES
 0001:00001E98       GBQAppUtils.InitMD5
 0001:000019B0       GBQAppUtils.IPerm
 0001:00001988       GBQAppUtils.JoinBlock
 0003:00000DE0       GBQAppUtils.Key
 0003:00000DE4       GBQAppUtils.Key
 0001:00002AD8       GBQAppUtils.MD5HashBuffer
 0001:00001528       GBQAppUtils.MoveBackBuffer
 0003:00000DA0       GBQAppUtils.Padding
 0003:00000520       GBQAppUtils.PC1
 0003:00000558       GBQAppUtils.PC2
 0001:00002B58       GBQAppUtils.PopulateRandomArray
 0001:0000129C       GBQAppUtils.QuickSort
 0001:00001384       GBQAppUtils.ReadByte
 0001:00001EEC       GBQAppUtils.RolX
 0003:000005A0       GBQAppUtils.SPBox
 0001:00001958       GBQAppUtils.SplitBlock
 0001:00001FF0       GBQAppUtils.Transform
 0001:00001DC8       GBQAppUtils.TripleDES
 0001:0000282C       GBQAppUtils.UpdateMD5
 0001:000013A8       GBQAppUtils.WriteByte
 0001:00002FC4       GBQAppUtils.WriteHeader
 0001:00029FC0       HY.Finalization
 0002:00000544       HY.HY
 0001:0000371C       HYService..THYService
 0001:00003788       HYService.THYService.GetProjModel
 0001:00003804       HYService.THYService.Save
 0001:000035A0       HYUtils.LoadGSPModel
 0001:000033D4       HYUtils.SaveModelToFile
 0001:0000A4FC       IdAntiFreezeBase..TIdAntiFreezeBase
 0003:000013DC       IdAntiFreezeBase.GAntiFreeze
 0001:0000A664       IdAntiFreezeBase.TIdAntiFreezeBase.Create
 0001:0000A73C       IdAntiFreezeBase.TIdAntiFreezeBase.Destroy
 0001:0000A774       IdAntiFreezeBase.TIdAntiFreezeBase.DoProcess
 0001:0000A7C0       IdAntiFreezeBase.TIdAntiFreezeBase.ShouldUse
 0004:000002A0       IdAuthentication..4
 0001:0000C72C       IdAuthentication..EIdAlreadyRegisteredAuthenticationMethod
 0001:0000C7A4       IdAuthentication..TAuthListObject
 0001:0000C58C       IdAuthentication..TIdAuthentication
 0001:0000C64C       IdAuthentication..TIdBasicAuthentication
 0003:0000140C       IdAuthentication.AuthList
 0001:0000CF8C       IdAuthentication.Finalization
 0001:0000C92C       IdAuthentication.FindAuthClass
 0002:000002C8       IdAuthentication.IdAuthentication
 0001:0000C800       IdAuthentication.RegisterAuthenticationMethod
 0001:0000C9A8       IdAuthentication.TIdAuthentication.Create
 0001:0000CA04       IdAuthentication.TIdAuthentication.Destroy
 0001:0000CB7C       IdAuthentication.TIdAuthentication.GetPassword
 0001:0000CC5C       IdAuthentication.TIdAuthentication.GetSteps
 0001:0000CBB4       IdAuthentication.TIdAuthentication.GetUserName
 0001:0000CB4C       IdAuthentication.TIdAuthentication.Next
 0001:0000CA88       IdAuthentication.TIdAuthentication.ReadAuthInfo
 0001:0000CB68       IdAuthentication.TIdAuthentication.Reset
 0001:0000CA4C       IdAuthentication.TIdAuthentication.SetAuthParams
 0001:0000CBEC       IdAuthentication.TIdAuthentication.SetPassword
 0001:0000CC24       IdAuthentication.TIdAuthentication.SetUserName
 0001:0000CCC0       IdAuthentication.TIdBasicAuthentication.Authentication
 0001:0000CC74       IdAuthentication.TIdBasicAuthentication.Create
 0001:0000CD70       IdAuthentication.TIdBasicAuthentication.DoNext
 0001:0000CF74       IdAuthentication.TIdBasicAuthentication.GetSteps
 0001:0000CF44       IdAuthentication.TIdBasicAuthentication.KeepAlive
 0001:0000CF58       IdAuthentication.TIdBasicAuthentication.Reset
 0001:0000CFFC       IdAuthenticationManager..TIdAuthenticationItem
 0001:0000D0C0       IdAuthenticationManager.TIdAuthenticationCollection.Add
 0001:0000D164       IdAuthenticationManager.TIdAuthenticationItem.Create
 0001:0000D1D4       IdAuthenticationManager.TIdAuthenticationItem.Destroy
 0001:0000D0E4       IdAuthenticationManager.TIdAuthenticationManager.AddAuthentication
 0001:0000A438       IdBaseComponent..TIdBaseComponent
 0001:0000BB04       IdCoder..TIdDecoder
 0001:0000BA54       IdCoder..TIdEncoder
 0001:0000BBB4       IdCoder.TIdEncoder.Encode
 0001:0000BC3C       IdCoder.TIdEncoder.EncodeString
 0001:0000BDB4       IdCoder3to4..TIdDecoder4to3
 0001:0000BC98       IdCoder3to4..TIdEncoder3to4
 0001:0000BE94       IdCoder3to4.TIdDecoder4to3.ConstructDecodeTable
 0001:0000BF0C       IdCoder3to4.TIdDecoder4to3.DecodeToStream
 0001:0000C0F0       IdCoder3to4.TIdDecoder4to3.DecodeUnit
 0001:0000C16C       IdCoder3to4.TIdEncoder3to4.Encode
 0001:0000C35C       IdCoder3to4.TIdEncoder3to4.EncodeUnit
 0004:0000029C       IdCoderMIME..3
 0001:0000C3E8       IdCoderMIME..TIdEncoderMIME
 0001:0000C550       IdCoderMIME.Finalization
 0003:00001408       IdCoderMIME.GBase64CodeTable
 0004:0000021C       IdCoderMIME.GBase64DecodeTable
 0002:000002A4       IdCoderMIME.IdCoderMIME
 0001:0000C4F0       IdCoderMIME.TIdEncoderMIME.Create
 0004:00000214       IdComponent..3
 0001:0000AA28       IdComponent..TIdComponent
 0001:0000AE90       IdComponent.Finalization
 0003:00001404       IdComponent.GInstanceCount
 0004:00000218       IdComponent.GStackCriticalSection
 0002:00000278       IdComponent.IdComponent
 0003:000013E0       IdComponent.IdStati
 0001:0000AD1C       IdComponent.TIdComponent.BeginWork
 0001:0000AB10       IdComponent.TIdComponent.Create
 0001:0000ABB0       IdComponent.TIdComponent.Destroy
 0001:0000AC50       IdComponent.TIdComponent.DoStatus
 0001:0000AC30       IdComponent.TIdComponent.DoStatus
 0001:0000AD94       IdComponent.TIdComponent.DoWork
 0001:0000ADF8       IdComponent.TIdComponent.EndWork
 0004:000002A4       IdCookie..9
 0001:0000D21C       IdCookie..TIdCookieList
 0001:0000D434       IdCookie..TIdCookieRFC2109
 0001:0000D534       IdCookie..TIdCookieRFC2965
 0001:0000D610       IdCookie..TIdCookies
 0001:0000D338       IdCookie..TIdNetscapeCookie
 0001:0000D79C       IdCookie.AddCookieFlag
 0001:0000D6B8       IdCookie.AddCookieProperty
 0001:0000EC74       IdCookie.Finalization
 0002:000002F8       IdCookie.IdCookie
 0003:0000142C       IdCookie.monthnames
 0001:0000D83C       IdCookie.TIdCookieList.GetCookie
 0001:0000E160       IdCookie.TIdCookieRFC2109.Create
 0001:0000E28C       IdCookie.TIdCookieRFC2109.GetClientCookie
 0001:0000E2A8       IdCookie.TIdCookieRFC2109.GetCookie
 0001:0000E3D8       IdCookie.TIdCookieRFC2109.LoadProperties
 0001:0000E1C0       IdCookie.TIdCookieRFC2109.SetExpires
 0001:0000E550       IdCookie.TIdCookieRFC2965.Create
 0001:0000E5A0       IdCookie.TIdCookieRFC2965.GetCookie
 0001:0000E5BC       IdCookie.TIdCookieRFC2965.LoadProperties
 0001:0000E7D4       IdCookie.TIdCookieRFC2965.SetPort
 0001:0000EBB8       IdCookie.TIdCookies.Add
 0001:0000EBDC       IdCookie.TIdCookies.Add2
 0001:0000EA60       IdCookie.TIdCookies.AddCookie
 0001:0000E958       IdCookie.TIdCookies.Create
 0001:0000E9D8       IdCookie.TIdCookies.Destroy
 0001:0000EC00       IdCookie.TIdCookies.LockCookieListByDomain
 0001:0000EC40       IdCookie.TIdCookies.UnlockCookieListByDomain
 0001:0000D9A0       IdCookie.TIdNetscapeCookie.Assign
 0001:0000D860       IdCookie.TIdNetscapeCookie.Create
 0001:0000D8B0       IdCookie.TIdNetscapeCookie.Destroy
 0001:0000DBD4       IdCookie.TIdNetscapeCookie.GetClientCookie
 0001:0000DC10       IdCookie.TIdNetscapeCookie.GetCookie
 0001:0000DBB8       IdCookie.TIdNetscapeCookie.GetServerCookie
 0001:0000DA1C       IdCookie.TIdNetscapeCookie.IsValidCookie
 0001:0000DD48       IdCookie.TIdNetscapeCookie.LoadProperties
 0001:0000DED4       IdCookie.TIdNetscapeCookie.SetCookie
 0001:0000DB64       IdCookie.TIdNetscapeCookie.SetExpires
 0003:00001410       IdCookie.wdays
 0001:0000ED84       IdCookieManager..TIdCookieManager
 0001:0000F328       IdCookieManager.TIdCookieManager.AddCookie
 0001:0000F39C       IdCookieManager.TIdCookieManager.AddCookie2
 0001:0000F498       IdCookieManager.TIdCookieManager.CleanupCookieList
 0001:0000EEC0       IdCookieManager.TIdCookieManager.Create
 0001:0000EF24       IdCookieManager.TIdCookieManager.Destroy
 0001:0000F224       IdCookieManager.TIdCookieManager.DoAdd
 0001:0000F448       IdCookieManager.TIdCookieManager.DoOnCreate
 0001:0000F470       IdCookieManager.TIdCookieManager.DoOnDestroy
 0001:0000F410       IdCookieManager.TIdCookieManager.DoOnNewCookie
 0001:0000EF70       IdCookieManager.TIdCookieManager.GenerateCookieList
 0001:00003C84       IdException..EIdAlreadyConnected
 0001:00003CE4       IdException..EIdClosedSocket
 0001:00003C20       IdException..EIdConnClosedGracefully
 0001:00003FA0       IdException..EIdConnectException
 0001:00003F40       IdException..EIdConnectTimeout
 0001:00003B64       IdException..EIdException
 0001:00003E08       IdException..EIdInvalidServiceName
 0001:00004684       IdException..EIdInvalidSocket
 0001:00003E6C       IdException..EIdProtocolReplyError
 0001:00003D9C       IdException..EIdReadLnMaxLineLengthExceeded
 0001:00003D40       IdException..EIdReadTimeout
 0001:00003BC0       IdException..EIdSilentException
 0001:000046E4       IdException..EIdSocketError
 0001:000042C0       IdException..EIdSocksAuthError
 0001:0000425C       IdException..EIdSocksAuthMethodError
 0001:00004000       IdException..EIdSocksError
 0001:0000405C       IdException..EIdSocksRequestFailed
 0001:00004128       IdException..EIdSocksRequestIdentFailed
 0001:000040C0       IdException..EIdSocksRequestServerFailed
 0001:0000461C       IdException..EIdSocksServerAddressError
 0001:000045B4       IdException..EIdSocksServerCommandError
 0001:000044D4       IdException..EIdSocksServerConnectionRefusedError
 0001:00004320       IdException..EIdSocksServerGeneralError
 0001:00004464       IdException..EIdSocksServerHostUnreachableError
 0001:000043F4       IdException..EIdSocksServerNetUnreachableError
 0001:00004388       IdException..EIdSocksServerPermissionError
 0001:000041F4       IdException..EIdSocksServerRespondError
 0001:00004548       IdException..EIdSocksServerTTLExpiredError
 0001:00004190       IdException..EIdSocksUnknownError
 0001:00003ED4       IdException..EIdSSLProtocolReplyError
 0001:00004744       IdException.EIdProtocolReplyError.CreateError
 0001:00004798       IdException.EIdSocketError.CreateError
 0004:00000204       IdGlobal..11
 0001:000078D4       IdGlobal..EIdFailedToRetreiveTimeZoneInfo
 0001:00007858       IdGlobal..TIdReadMemoryStream
 0004:0000020C       IdGlobal.ATempPath
 0001:00007E74       IdGlobal.DateTimeGMTToHttpStr
 0001:00008AC0       IdGlobal.DateTimeToGmtOffSetStr
 0001:00007F90       IdGlobal.DateTimeToInternetStr
 0001:00008FDC       IdGlobal.DomainName
 0001:00008664       IdGlobal.Fetch
 0001:0000854C       IdGlobal.FetchCaseInsensitive
 0004:00000208       IdGlobal.FIdPorts
 0001:000094E8       IdGlobal.Finalization
 0001:00008D9C       IdGlobal.GetCurrentThreadHandle
 0001:00008B88       IdGlobal.GmtOffsetStrToDateTime
 0001:00008CCC       IdGlobal.GMTToLocalDateTime
 0002:00000158       IdGlobal.IdGlobal
 0001:00007E2C       IdGlobal.IncludeTrailingSlash
 0004:000001FC       IdGlobal.IndyFalseBoolStrs
 0003:00001380       IdGlobal.IndyPos
 0004:00000200       IdGlobal.IndyTrueBoolStrs
 0001:00008DB0       IdGlobal.InMainThread
 0001:00008F90       IdGlobal.IsHostname
 0001:00008ED4       IdGlobal.IsValidIP
 0001:00008DF0       IdGlobal.MemoryPos
 0001:00007E48       IdGlobal.Min
 0003:000013A0       IdGlobal.monthnames
 0003:00001350       IdGlobal.monthnames
 0001:00008420       IdGlobal.OffsetFromUTC
 0001:00007988       IdGlobal.ParseDayOfMonth
 0001:00007A10       IdGlobal.ParseMonth
 0001:00008748       IdGlobal.PosInStrArray
 0001:00009030       IdGlobal.ProcessPath
 0001:00007A98       IdGlobal.RawStrInternetToDateTime
 0001:000083BC       IdGlobal.RightStr
 0001:0000823C       IdGlobal.RPos
 0001:00008DCC       IdGlobal.SBPos
 0001:00008D88       IdGlobal.Sleep
 0001:0000887C       IdGlobal.StrToDay
 0001:0000896C       IdGlobal.StrToMonth
 0001:000081A4       IdGlobal.TempPath
 0001:0000949C       IdGlobal.TIdReadMemoryStream.SetPointer
 0001:000094CC       IdGlobal.TIdReadMemoryStream.Write
 0003:00001334       IdGlobal.wdays
 0003:00001384       IdGlobal.wdays
 0001:0000AED8       IdHeaderList..TIdHeaderList
 0001:0000B008       IdHeaderList.FoldWrapText
 0001:0000B2A4       IdHeaderList.TIdHeaderList.Create
 0001:0000B320       IdHeaderList.TIdHeaderList.DeleteFoldedLines
 0001:0000B3D8       IdHeaderList.TIdHeaderList.Extract
 0001:0000B484       IdHeaderList.TIdHeaderList.FoldAndInsert
 0001:0000B570       IdHeaderList.TIdHeaderList.FoldLine
 0001:0000B688       IdHeaderList.TIdHeaderList.GetNameFromLine
 0001:0000B740       IdHeaderList.TIdHeaderList.GetValue
 0001:0000B76C       IdHeaderList.TIdHeaderList.GetValueFromLine
 0001:0000B8C4       IdHeaderList.TIdHeaderList.IndexOfName
 0001:0000B954       IdHeaderList.TIdHeaderList.SetValue
 0004:000002CC       IdHTTP..8
 0001:0001BEDC       IdHTTP..EIdHTTPProtocolException
 0001:0001BE7C       IdHTTP..EIdUnknownProtocol
 0001:0001B980       IdHTTP..TIdCustomHTTP
 0001:0001BAB0       IdHTTP..TIdHTTP
 0001:0001B924       IdHTTP..TIdHTTPProtocol
 0001:0001B86C       IdHTTP..TIdHTTPRequest
 0001:0001B7B4       IdHTTP..TIdHTTPResponse
 0001:0001C5A0       IdHTTP.ChunkSize
 0001:0001BF74       IdHTTP.EIdHTTPProtocolException.CreateError
 0001:0001ED48       IdHTTP.Finalization
 0002:00000324       IdHTTP.IdHTTP
 0003:000015B4       IdHTTP.ProtocolVersionString
 0001:0001E6C8       IdHTTP.RaiseException
 0001:0001E7F8       IdHTTP.ReadContent
 0001:0001CC90       IdHTTP.TIdCustomHTTP.CheckAndConnect
 0001:0001CD24       IdHTTP.TIdCustomHTTP.ConnectToHost
 0001:0001BFD0       IdHTTP.TIdCustomHTTP.Create
 0001:0001C0DC       IdHTTP.TIdCustomHTTP.Destroy
 0001:0001D64C       IdHTTP.TIdCustomHTTP.DoOnAuthorization
 0001:0001DC44       IdHTTP.TIdCustomHTTP.DoOnDisconnected
 0001:0001D8E4       IdHTTP.TIdCustomHTTP.DoOnProxyAuthorization
 0001:0001C194       IdHTTP.TIdCustomHTTP.DoOnRedirect
 0001:0001D0F4       IdHTTP.TIdCustomHTTP.DoRequest
 0001:0001C134       IdHTTP.TIdCustomHTTP.Get
 0001:0001ECD4       IdHTTP.TIdCustomHTTP.GetAuthRetries
 0001:0001ED10       IdHTTP.TIdCustomHTTP.GetProxyAuthRetries
 0001:0001DC24       IdHTTP.TIdCustomHTTP.GetRequestHeaders
 0001:0001DBC0       IdHTTP.TIdCustomHTTP.GetResponseCode
 0001:0001DC04       IdHTTP.TIdCustomHTTP.GetResponseHeaders
 0001:0001DBE0       IdHTTP.TIdCustomHTTP.GetResponseText
 0001:0001D584       IdHTTP.TIdCustomHTTP.Notification
 0001:0001C830       IdHTTP.TIdCustomHTTP.PrepareRequest
 0001:0001D3AC       IdHTTP.TIdCustomHTTP.ProcessCookies
 0001:0001C66C       IdHTTP.TIdCustomHTTP.ReadResult
 0001:0001D390       IdHTTP.TIdCustomHTTP.SetAllowCookies
 0001:0001D5E0       IdHTTP.TIdCustomHTTP.SetCookieManager
 0001:0001C1E8       IdHTTP.TIdCustomHTTP.SetCookies
 0001:0001DD4C       IdHTTP.TIdCustomHTTP.SetHost
 0001:0001C2A4       IdHTTP.TIdCustomHTTP.SetHostAndPort
 0001:0001DD7C       IdHTTP.TIdCustomHTTP.SetPort
 0001:0001DDE8       IdHTTP.TIdCustomHTTP.SetRequestHeaders
 0001:0001E1DC       IdHTTP.TIdHTTPProtocol.BuildAndSendRequest
 0001:0001E114       IdHTTP.TIdHTTPProtocol.Create
 0001:0001E194       IdHTTP.TIdHTTPProtocol.Destroy
 0001:0001E884       IdHTTP.TIdHTTPProtocol.ProcessResponse
 0001:0001E5D0       IdHTTP.TIdHTTPProtocol.RetrieveHeaders
 0001:0001E0B8       IdHTTP.TIdHTTPRequest.Create
 0001:0001DE0C       IdHTTP.TIdHTTPResponse.Create
 0001:0001DE5C       IdHTTP.TIdHTTPResponse.GetKeepAlive
 0001:0001DFFC       IdHTTP.TIdHTTPResponse.GetResponseCode
 0001:00019208       IdHTTPHeaderInfo..TIdEntityHeaderInfo
 0001:0001951C       IdHTTPHeaderInfo..TIdProxyConnectionInfo
 0001:000196B4       IdHTTPHeaderInfo..TIdRequestHeaderInfo
 0001:00019990       IdHTTPHeaderInfo..TIdResponseHeaderInfo
 0001:00019BF0       IdHTTPHeaderInfo.TIdEntityHeaderInfo.AssignTo
 0001:00019CE4       IdHTTPHeaderInfo.TIdEntityHeaderInfo.Clear
 0001:00019B2C       IdHTTPHeaderInfo.TIdEntityHeaderInfo.Create
 0001:00019BA8       IdHTTPHeaderInfo.TIdEntityHeaderInfo.Destroy
 0001:00019D6C       IdHTTPHeaderInfo.TIdEntityHeaderInfo.ProcessHeaders
 0001:0001B4E8       IdHTTPHeaderInfo.TIdEntityHeaderInfo.SetContentLength
 0001:0001B4C8       IdHTTPHeaderInfo.TIdEntityHeaderInfo.SetCustomHeaders
 0001:0001A094       IdHTTPHeaderInfo.TIdEntityHeaderInfo.SetHeaders
 0001:0001A4F0       IdHTTPHeaderInfo.TIdProxyConnectionInfo.AssignTo
 0001:0001A57C       IdHTTPHeaderInfo.TIdProxyConnectionInfo.Clear
 0001:0001A45C       IdHTTPHeaderInfo.TIdProxyConnectionInfo.Create
 0001:0001A4A8       IdHTTPHeaderInfo.TIdProxyConnectionInfo.Destroy
 0001:0001A5B0       IdHTTPHeaderInfo.TIdProxyConnectionInfo.SetHeaders
 0001:0001A70C       IdHTTPHeaderInfo.TIdProxyConnectionInfo.SetProxyPort
 0001:0001A73C       IdHTTPHeaderInfo.TIdProxyConnectionInfo.SetProxyServer
 0001:0001AA0C       IdHTTPHeaderInfo.TIdRequestHeaderInfo.AssignTo
 0001:0001AAF8       IdHTTPHeaderInfo.TIdRequestHeaderInfo.Clear
 0001:0001B0D0       IdHTTPHeaderInfo.TIdRequestHeaderInfo.Destroy
 0001:0001A778       IdHTTPHeaderInfo.TIdRequestHeaderInfo.ProcessHeaders
 0001:0001AB84       IdHTTPHeaderInfo.TIdRequestHeaderInfo.SetHeaders
 0001:0001B454       IdHTTPHeaderInfo.TIdResponseHeaderInfo.Clear
 0001:0001B110       IdHTTPHeaderInfo.TIdResponseHeaderInfo.Create
 0001:0001B19C       IdHTTPHeaderInfo.TIdResponseHeaderInfo.Destroy
 0001:0001B224       IdHTTPHeaderInfo.TIdResponseHeaderInfo.ProcessHeaders
 0001:0001B1E4       IdHTTPHeaderInfo.TIdResponseHeaderInfo.SetProxyAuthenticate
 0001:0001B204       IdHTTPHeaderInfo.TIdResponseHeaderInfo.SetWWWAuthenticate
 0001:0001150C       IdIntercept..TIdConnectionIntercept
 0001:000116B8       IdIntercept.TIdConnectionIntercept.Connect
 0001:000116F4       IdIntercept.TIdConnectionIntercept.Create
 0001:00011684       IdIntercept.TIdConnectionIntercept.Disconnect
 0001:00011808       IdIntercept.TIdConnectionIntercept.NestedConnect
 0001:00011830       IdIntercept.TIdConnectionIntercept.NestedDisconnect
 0001:00011850       IdIntercept.TIdConnectionIntercept.NestedReceive
 0001:00011878       IdIntercept.TIdConnectionIntercept.NestedSend
 0001:000117CC       IdIntercept.TIdConnectionIntercept.Notification
 0001:00011744       IdIntercept.TIdConnectionIntercept.Receive
 0001:00011788       IdIntercept.TIdConnectionIntercept.Send
 0001:0000F608       IdIOHandler..TIdIOHandler
 0001:0000F754       IdIOHandler.TIdIOHandler.AfterAccept
 0001:0000F6EC       IdIOHandler.TIdIOHandler.Close
 0001:0000F700       IdIOHandler.TIdIOHandler.ConnectClient
 0001:0000F774       IdIOHandler.TIdIOHandler.Connected
 0001:0000F718       IdIOHandler.TIdIOHandler.Destroy
 0001:0000F760       IdIOHandler.TIdIOHandler.Open
 0001:000119DC       IdIOHandlerSocket..TIdConnectThread
 0001:000118A0       IdIOHandlerSocket..TIdIOHandlerSocket
 0001:00011A7C       IdIOHandlerSocket.ConnectTimeout
 0003:0000145C       IdIOHandlerSocket.Options
 0001:0001220C       IdIOHandlerSocket.TIdConnectThread.Execute
 0001:00011A54       IdIOHandlerSocket.TIdIOHandlerSocket.Close
 0001:00011C48       IdIOHandlerSocket.TIdIOHandlerSocket.ConnectClient
 0001:00011E2C       IdIOHandlerSocket.TIdIOHandlerSocket.Connected
 0001:00011E5C       IdIOHandlerSocket.TIdIOHandlerSocket.Create
 0001:00012100       IdIOHandlerSocket.TIdIOHandlerSocket.Destroy
 0001:000120C8       IdIOHandlerSocket.TIdIOHandlerSocket.GetSocksInfo
 0001:000121D0       IdIOHandlerSocket.TIdIOHandlerSocket.Notification
 0001:00011EAC       IdIOHandlerSocket.TIdIOHandlerSocket.Open
 0001:00011EEC       IdIOHandlerSocket.TIdIOHandlerSocket.Readable
 0001:00011F10       IdIOHandlerSocket.TIdIOHandlerSocket.Recv
 0001:00011FA0       IdIOHandlerSocket.TIdIOHandlerSocket.Send
 0001:00012190       IdIOHandlerSocket.TIdIOHandlerSocket.SetNagleOpt
 0001:00012030       IdIOHandlerSocket.TIdIOHandlerSocket.SetSocksInfo
 0001:0001215C       IdIOHandlerSocket.TIdIOHandlerSocket.SetUseNagle
 0001:00010F80       IdRFCReply..TIdRFCReply
 0001:0001109C       IdRFCReply.TIdRFCReply.AssignTo
 0001:00011104       IdRFCReply.TIdRFCReply.Clear
 0001:0001112C       IdRFCReply.TIdRFCReply.Create
 0001:00011190       IdRFCReply.TIdRFCReply.Destroy
 0001:000113D4       IdRFCReply.TIdRFCReply.GetDisplayName
 0001:000111CC       IdRFCReply.TIdRFCReply.ParseResponse
 0001:00011300       IdRFCReply.TIdRFCReply.SetNumericCode
 0001:00011368       IdRFCReply.TIdRFCReply.SetText
 0001:00011388       IdRFCReply.TIdRFCReply.SetTextCode
 0001:00014D64       IdServerIOHandler..TIdServerIOHandler
 0001:00014E4C       IdServerIOHandler.TIdServerIOHandler.Accept
 0001:00014E40       IdServerIOHandler.TIdServerIOHandler.Init
 0001:0000F9B8       IdSocketHandle..EIdCanNotBindPortInRange
 0001:0000F954       IdSocketHandle..EIdCouldNotBindSocket
 0001:0000FA20       IdSocketHandle..EIdInvalidPortRange
 0001:0000F8F0       IdSocketHandle..EIdSocketHandleError
 0001:0000F790       IdSocketHandle..TIdSocketHandle
 0001:0000FF18       IdSocketHandle.CheckIsReadable
 0001:0000FE18       IdSocketHandle.TIdSocketHandle.Accept
 0001:0000FA80       IdSocketHandle.TIdSocketHandle.AllocateSocket
 0001:00010090       IdSocketHandle.TIdSocketHandle.Assign
 0001:0000FCB0       IdSocketHandle.TIdSocketHandle.Bind
 0001:00010224       IdSocketHandle.TIdSocketHandle.BindPortReserved
 0001:0000FAD0       IdSocketHandle.TIdSocketHandle.CloseSocket
 0001:0000FB1C       IdSocketHandle.TIdSocketHandle.Connect
 0001:0000FEA4       IdSocketHandle.TIdSocketHandle.Create
 0001:0000FB70       IdSocketHandle.TIdSocketHandle.Destroy
 0001:00010004       IdSocketHandle.TIdSocketHandle.Readable
 0001:0000FBAC       IdSocketHandle.TIdSocketHandle.Recv
 0001:0000FC6C       IdSocketHandle.TIdSocketHandle.RecvFrom
 0001:00010170       IdSocketHandle.TIdSocketHandle.Reset
 0001:0000FBE8       IdSocketHandle.TIdSocketHandle.Send
 0001:0000FDEC       IdSocketHandle.TIdSocketHandle.SetPeer
 0001:0000FC24       IdSocketHandle.TIdSocketHandle.SetSockOpt
 0001:000101C0       IdSocketHandle.TIdSocketHandle.TryBind
 0001:00010108       IdSocketHandle.TIdSocketHandle.UpdateBindingLocal
 0001:0001013C       IdSocketHandle.TIdSocketHandle.UpdateBindingPeer
 0001:0001031C       IdSocks..TIdSocksInfo
 0001:000104CC       IdSocks.TIdSocksInfo.AssignTo
 0001:00010554       IdSocks.TIdSocksInfo.Create
 0001:000105B4       IdSocks.TIdSocksInfo.MakeSocks4Connection
 0001:00010828       IdSocks.TIdSocksInfo.MakeSocks5Connection
 0001:00010F40       IdSocks.TIdSocksInfo.MakeSocksConnection
 0004:000002B8       IdSSLOpenSSL..22
 0001:00016B68       IdSSLOpenSSL..EIdOpenSSLError
 0001:00016BC4       IdSSLOpenSSL..EIdOpenSSLLoadError
 0001:00016FB8       IdSSLOpenSSL..EIdOSSLAcceptError
 0001:00017018       IdSSLOpenSSL..EIdOSSLConnectError
 0001:00016C24       IdSSLOpenSSL..EIdOSSLCouldNotLoadSSLLibrary
 0001:00016D54       IdSSLOpenSSL..EIdOSSLCreatingContextError
 0001:00016F54       IdSSLOpenSSL..EIdOSSLDataBindingError
 0001:00016CF0       IdSSLOpenSSL..EIdOSSLGetMethodError
 0001:00016E24       IdSSLOpenSSL..EIdOSSLLoadingCertError
 0001:00016E88       IdSSLOpenSSL..EIdOSSLLoadingKeyError
 0001:00016DBC       IdSSLOpenSSL..EIdOSSLLoadingRootCertError
 0001:00016C90       IdSSLOpenSSL..EIdOSSLModeNotSet
 0001:00016EEC       IdSSLOpenSSL..EIdOSSLSettingCipherError
 0001:00016908       IdSSLOpenSSL..TIdServerIOHandlerSSL
 0001:00016B0C       IdSSLOpenSSL..TIdSSLCipher
 0001:00016674       IdSSLOpenSSL..TIdSSLContext
 0001:0001675C       IdSSLOpenSSL..TIdSSLIOHandlerSocket
 0001:0001646C       IdSSLOpenSSL..TIdSSLOptions
 0001:00016700       IdSSLOpenSSL..TIdSSLSocket
 0001:00016A8C       IdSSLOpenSSL..TIdX509
 0004:000002C8       IdSSLOpenSSL.CallbackLockList
 0003:000015B0       IdSSLOpenSSL.DLLLoadCount
 0001:000191D0       IdSSLOpenSSL.Finalization
 0002:00000318       IdSSLOpenSSL.IdSSLOpenSSL
 0001:000171A0       IdSSLOpenSSL.InfoCallback
 0001:000173BC       IdSSLOpenSSL.LoadOpenSLLibrary
 0004:000002BC       IdSSLOpenSSL.LockInfoCB
 0004:000002C0       IdSSLOpenSSL.LockPassCB
 0004:000002C4       IdSSLOpenSSL.LockVerifyCB
 0001:00017078       IdSSLOpenSSL.PasswordCallback
 0001:00017324       IdSSLOpenSSL.PrepareOpenSSLLocking
 0001:000172B8       IdSSLOpenSSL.SslLockingCallback
 0001:0001793C       IdSSLOpenSSL.TIdServerIOHandlerSSL.Accept
 0001:00017770       IdSSLOpenSSL.TIdServerIOHandlerSSL.Create
 0001:000177D0       IdSSLOpenSSL.TIdServerIOHandlerSSL.Destroy
 0001:00017A44       IdSSLOpenSSL.TIdServerIOHandlerSSL.DoGetPassword
 0001:000179E8       IdSSLOpenSSL.TIdServerIOHandlerSSL.DoStatusInfo
 0001:00017A78       IdSSLOpenSSL.TIdServerIOHandlerSSL.DoVerifyPeer
 0001:00017820       IdSSLOpenSSL.TIdServerIOHandlerSSL.Init
 0001:0001905C       IdSSLOpenSSL.TIdSSLCipher.Create
 0001:000190AC       IdSSLOpenSSL.TIdSSLCipher.Destroy
 0001:00019160       IdSSLOpenSSL.TIdSSLCipher.GetBits
 0001:000190E0       IdSSLOpenSSL.TIdSSLCipher.GetDescription
 0001:00019128       IdSSLOpenSSL.TIdSSLCipher.GetName
 0001:00019198       IdSSLOpenSSL.TIdSSLCipher.GetVersion
 0001:00018110       IdSSLOpenSSL.TIdSSLContext.Create
 0001:000181DC       IdSSLOpenSSL.TIdSSLContext.Destroy
 0001:00018218       IdSSLOpenSSL.TIdSSLContext.DestroyContext
 0001:00018244       IdSSLOpenSSL.TIdSSLContext.InitContext
 0001:00018824       IdSSLOpenSSL.TIdSSLContext.LoadCert
 0001:0001887C       IdSSLOpenSSL.TIdSSLContext.LoadKey
 0001:000187CC       IdSSLOpenSSL.TIdSSLContext.LoadRootCert
 0001:000185C8       IdSSLOpenSSL.TIdSSLContext.SetSSLMethod
 0001:00018548       IdSSLOpenSSL.TIdSSLContext.SetVerifyMode
 0001:00017E00       IdSSLOpenSSL.TIdSSLIOHandlerSocket.AfterAccept
 0001:00017C2C       IdSSLOpenSSL.TIdSSLIOHandlerSocket.Close
 0001:00017B88       IdSSLOpenSSL.TIdSSLIOHandlerSocket.ConnectClient
 0001:00017AB4       IdSSLOpenSSL.TIdSSLIOHandlerSocket.Create
 0001:00017B24       IdSSLOpenSSL.TIdSSLIOHandlerSocket.Destroy
 0001:000180DC       IdSSLOpenSSL.TIdSSLIOHandlerSocket.DoBeforeConnect
 0001:00018008       IdSSLOpenSSL.TIdSSLIOHandlerSocket.DoGetPassword
 0001:00017FA4       IdSSLOpenSSL.TIdSSLIOHandlerSocket.DoStatusInfo
 0001:0001803C       IdSSLOpenSSL.TIdSSLIOHandlerSocket.DoVerifyPeer
 0001:00017E68       IdSSLOpenSSL.TIdSSLIOHandlerSocket.Init
 0001:00017C64       IdSSLOpenSSL.TIdSSLIOHandlerSocket.Open
 0001:00018078       IdSSLOpenSSL.TIdSSLIOHandlerSocket.OpenEncodedConnection
 0001:00017C78       IdSSLOpenSSL.TIdSSLIOHandlerSocket.Recv
 0001:00017DA0       IdSSLOpenSSL.TIdSSLIOHandlerSocket.RecvEnc
 0001:00017CC0       IdSSLOpenSSL.TIdSSLIOHandlerSocket.Send
 0001:00017DD0       IdSSLOpenSSL.TIdSSLIOHandlerSocket.SendEnc
 0001:00017D08       IdSSLOpenSSL.TIdSSLIOHandlerSocket.SetPassThrough
 0001:000176B8       IdSSLOpenSSL.TIdSSLOptions.AssignTo
 0001:00018A50       IdSSLOpenSSL.TIdSSLSocket.Accept
 0001:00018C70       IdSSLOpenSSL.TIdSSLSocket.Connect
 0001:000188F4       IdSSLOpenSSL.TIdSSLSocket.Create
 0001:0001894C       IdSSLOpenSSL.TIdSSLSocket.Destroy
 0001:00018F5C       IdSSLOpenSSL.TIdSSLSocket.GetSSLCipher
 0001:000189C4       IdSSLOpenSSL.TIdSSLSocket.GetSSLError
 0001:00018E84       IdSSLOpenSSL.TIdSSLSocket.Recv
 0001:00018EF0       IdSSLOpenSSL.TIdSSLSocket.Send
 0001:00018F9C       IdSSLOpenSSL.TIdX509.Create
 0001:00018FFC       IdSSLOpenSSL.TIdX509.Destroy
 0001:0001750C       IdSSLOpenSSL.TranslateInternalVerifyToSLL
 0001:0001745C       IdSSLOpenSSL.UnLoadOpenSLLibrary
 0001:00017540       IdSSLOpenSSL.VerifyCallback
 0001:000173A8       IdSSLOpenSSL._GetThreadID
 0004:000002B4       IdSSLOpenSSLHeaders..1
 0001:0001626C       IdSSLOpenSSLHeaders.Finalization
 0003:000015A4       IdSSLOpenSSLHeaders.hIdCrypto
 0003:000015A8       IdSSLOpenSSLHeaders.hIdIndySSL
 0003:000015A0       IdSSLOpenSSLHeaders.hIdSSL
 0003:00001570       IdSSLOpenSSLHeaders.IdDES_ecb_encrypt
 0003:0000156C       IdSSLOpenSSLHeaders.IdDES_set_key
 0003:00001568       IdSSLOpenSSLHeaders.IdDES_set_odd_parity
 0003:000014A8       IdSSLOpenSSLHeaders.IdSslAccept
 0003:00001508       IdSSLOpenSSLHeaders.IdSslAddSslAlgorithms
 0003:0000158C       IdSSLOpenSSLHeaders.IdSSLCipherDescription
 0003:0000159C       IdSSLOpenSSLHeaders.IdSSLCipherGetBits
 0003:00001594       IdSSLOpenSSLHeaders.IdSSLCipherGetName
 0003:00001598       IdSSLOpenSSLHeaders.IdSSLCipherGetVersion
 0003:000014AC       IdSSLOpenSSLHeaders.IdSslConnect
 0003:0000155C       IdSSLOpenSSLHeaders.IdSslCryptoNumLocks
 0003:0000149C       IdSSLOpenSSLHeaders.IdSslCtxCheckPrivateKeyFile
 0003:0000146C       IdSSLOpenSSLHeaders.IdSslCtxFree
 0003:00001490       IdSSLOpenSSLHeaders.IdSslCtxGetVerifyDepth
 0003:0000151C       IdSSLOpenSSLHeaders.IdSslCtxGetVersion
 0003:00001500       IdSSLOpenSSLHeaders.IdSslCtxLoadVerifyLocations
 0003:00001468       IdSSLOpenSSLHeaders.IdSslCtxNew
 0003:00001464       IdSSLOpenSSLHeaders.IdSslCtxSetCipherList
 0003:00001580       IdSSLOpenSSLHeaders.IdSSLCtxSetClientCAList
 0003:00001494       IdSSLOpenSSLHeaders.IdSslCtxSetDefaultPasswdCb
 0003:00001498       IdSSLOpenSSLHeaders.IdSslCtxSetDefaultPasswdCbUserdata
 0003:00001584       IdSSLOpenSSLHeaders.IdSSLCtxSetDefaultVerifyPaths
 0003:0000150C       IdSSLOpenSSLHeaders.IdSslCtxSetInfoCallback
 0003:00001520       IdSSLOpenSSLHeaders.IdSslCtxSetOptions
 0003:00001588       IdSSLOpenSSLHeaders.IdSSLCtxSetSessionIdContext
 0003:00001488       IdSSLOpenSSLHeaders.IdSslCtxSetVerify
 0003:0000148C       IdSSLOpenSSLHeaders.IdSslCtxSetVerifyDepth
 0003:00001478       IdSSLOpenSSLHeaders.IdSslCtxUseCertificateFile
 0003:00001474       IdSSLOpenSSLHeaders.IdSslCtxUsePrivateKeyFile
 0003:00001540       IdSSLOpenSSLHeaders.IdSslEvpMd5
 0003:000014A4       IdSSLOpenSSLHeaders.IdSslFree
 0001:00016234       IdSSLOpenSSLHeaders.IdSslGetAppData
 0003:00001590       IdSSLOpenSSLHeaders.IdSSLGetCurrentCipher
 0003:000014BC       IdSSLOpenSSLHeaders.IdSslGetError
 0003:00001484       IdSSLOpenSSLHeaders.IdSslGetPeerCertificate
 0003:00001504       IdSSLOpenSSLHeaders.IdSslGetSession
 0003:0000157C       IdSSLOpenSSLHeaders.IdSSLLoadClientCAFile
 0003:0000147C       IdSSLOpenSSLHeaders.IdSslLoadErrorStrings
 0003:000014EC       IdSSLOpenSSLHeaders.IdSslMethodClientTLSV1
 0003:000014C8       IdSSLOpenSSLHeaders.IdSslMethodClientV2
 0003:000014E0       IdSSLOpenSSLHeaders.IdSslMethodClientV23
 0003:000014D4       IdSSLOpenSSLHeaders.IdSslMethodClientV3
 0003:000014E8       IdSSLOpenSSLHeaders.IdSslMethodServerTLSV1
 0003:000014C4       IdSSLOpenSSLHeaders.IdSslMethodServerV2
 0003:000014DC       IdSSLOpenSSLHeaders.IdSslMethodServerV23
 0003:000014D0       IdSSLOpenSSLHeaders.IdSslMethodServerV3
 0003:000014E4       IdSSLOpenSSLHeaders.IdSslMethodTLSV1
 0003:000014C0       IdSSLOpenSSLHeaders.IdSslMethodV2
 0003:000014D8       IdSSLOpenSSLHeaders.IdSslMethodV23
 0003:000014CC       IdSSLOpenSSLHeaders.IdSslMethodV3
 0003:000014A0       IdSSLOpenSSLHeaders.IdSslNew
 0002:0000030C       IdSSLOpenSSLHeaders.IdSSLOpenSSLHeaders
 0003:000014B4       IdSSLOpenSSLHeaders.IdSslPeek
 0003:000015AC       IdSSLOpenSSLHeaders.IdSslRandScreen
 0003:000014B0       IdSSLOpenSSLHeaders.IdSslRead
 0003:00001514       IdSSLOpenSSLHeaders.IdSslSessionGetId
 0003:00001518       IdSSLOpenSSLHeaders.IdSslSessionGetIdCtx
 0003:000014F8       IdSSLOpenSSLHeaders.IdSslSetAcceptState
 0001:00016208       IdSSLOpenSSLHeaders.IdSslSetAppData
 0003:000014F4       IdSSLOpenSSLHeaders.IdSslSetConnectState
 0003:00001470       IdSSLOpenSSLHeaders.IdSslSetFd
 0003:00001564       IdSSLOpenSSLHeaders.IdSslSetIdCallback
 0003:00001560       IdSSLOpenSSLHeaders.IdSslSetLockingCallback
 0003:000014FC       IdSSLOpenSSLHeaders.IdSslSetShutdown
 0003:000014F0       IdSSLOpenSSLHeaders.IdSslShutdown
 0003:00001480       IdSSLOpenSSLHeaders.IdSslStateStringLong
 0003:000014B8       IdSSLOpenSSLHeaders.IdSslWrite
 0003:0000153C       IdSSLOpenSSLHeaders.IdSslX509Digest
 0003:00001530       IdSSLOpenSSLHeaders.IdSslX509GetIssuerName
 0003:00001548       IdSSLOpenSSLHeaders.IdSslX509GetNotAfter
 0003:00001544       IdSSLOpenSSLHeaders.IdSslX509GetNotBefore
 0003:00001538       IdSSLOpenSSLHeaders.IdSslX509GetSubjectName
 0003:00001528       IdSSLOpenSSLHeaders.IdSslX509NameHash
 0003:00001524       IdSSLOpenSSLHeaders.IdSslX509NameOneline
 0003:0000152C       IdSSLOpenSSLHeaders.IdSslX509SetIssuerName
 0003:00001534       IdSSLOpenSSLHeaders.IdSslX509SetSubjectName
 0003:00001510       IdSSLOpenSSLHeaders.IdSslX509StoreCtxGetAppData
 0003:00001558       IdSSLOpenSSLHeaders.IdSslX509StoreCtxGetCurrentCert
 0003:0000154C       IdSSLOpenSSLHeaders.IdSslX509StoreCtxGetError
 0003:00001554       IdSSLOpenSSLHeaders.IdSslX509StoreCtxGetErrorDepth
 0003:00001550       IdSSLOpenSSLHeaders.IdSslX509StoreCtxSetError
 0003:00001578       IdSSLOpenSSLHeaders.IdSSL_get_ex_data
 0003:00001574       IdSSLOpenSSLHeaders.IdSSL_set_ex_data
 0001:00016258       IdSSLOpenSSLHeaders.InitializeRandom
 0001:00014FA0       IdSSLOpenSSLHeaders.Load
 0001:00014E68       IdSSLOpenSSLHeaders.LoadFunction
 0001:00014F2C       IdSSLOpenSSLHeaders.LoadFunctionCLib
 0001:00014EDC       IdSSLOpenSSLHeaders.LoadIndyFunction
 0001:000161B0       IdSSLOpenSSLHeaders.Unload
 0001:00009828       IdStack..EIdInvalidIPAddress
 0001:000096FC       IdStack..EIdStackError
 0001:00009758       IdStack..EIdStackInitializationFailed
 0001:000097C4       IdStack..EIdStackSetSizeExceeded
 0001:000095A4       IdStack..TIdSocketList
 0001:00009610       IdStack..TIdStack
 0001:00009F2C       IdStack.ByteIsOk
 0003:000013D8       IdStack.GServeFileProc
 0004:00000210       IdStack.GSocketListClass
 0003:000013D0       IdStack.GStack
 0003:000013D4       IdStack.GStackClass
 0001:0000A008       IdStack.LongIsOk
 0001:000098B0       IdStack.TIdStack.CheckForSocketError
 0001:00009888       IdStack.TIdStack.CheckForSocketError
 0001:00009A10       IdStack.TIdStack.Create
 0001:00009920       IdStack.TIdStack.CreateSocketHandle
 0001:00009A48       IdStack.TIdStack.CreateStack
 0001:0000A3A0       IdStack.TIdStack.Destroy
 0001:0000A064       IdStack.TIdStack.GetIPInfo
 0001:0000A324       IdStack.TIdStack.GetIPType
 0001:0000A378       IdStack.TIdStack.IPIsType
 0001:0000A350       IdStack.TIdStack.IsIP
 0001:000099A8       IdStack.TIdStack.RaiseSocketError
 0001:00009A68       IdStack.TIdStack.ResolveHost
 0001:0000A3DC       IdStack.TIdStack.StringToTInAddr
 0001:00009AF0       IdStack.TIdStack.WSTranslateSocketErrorMsg
 0001:00009FC0       IdStack.TwentyFourBitValueIsOk
 0001:00009F74       IdStack.WordIsOk
 0004:000001F8       IdStackWindows..3
 0001:00006328       IdStackWindows..TIdSocketListWindows
 0001:0000639C       IdStackWindows..TIdStackWindows
 0001:000076F0       IdStackWindows.Finalization
 0001:00006A14       IdStackWindows.GetFDSet
 0003:00001330       IdStackWindows.GStarted
 0002:00000128       IdStackWindows.IdStackWindows
 0001:0000717C       IdStackWindows.ServeFile
 0001:00006A70       IdStackWindows.SetFDSet
 0001:000074A8       IdStackWindows.TIdSocketListWindows.Add
 0001:00007528       IdStackWindows.TIdSocketListWindows.Count
 0001:00007544       IdStackWindows.TIdSocketListWindows.GetItem
 0001:000075C8       IdStackWindows.TIdSocketListWindows.Remove
 0001:0000647C       IdStackWindows.TIdStackWindows.Create
 0001:00006544       IdStackWindows.TIdStackWindows.Destroy
 0001:00007090       IdStackWindows.TIdStackWindows.PopulateLocalAddresses
 0001:00006578       IdStackWindows.TIdStackWindows.TInAddrToString
 0001:00007244       IdStackWindows.TIdStackWindows.TranslateStringToTInAddr
 0001:00006638       IdStackWindows.TIdStackWindows.WSAccept
 0001:000066D0       IdStackWindows.TIdStackWindows.WSBind
 0001:00006750       IdStackWindows.TIdStackWindows.WSCloseSocket
 0001:00006774       IdStackWindows.TIdStackWindows.WSConnect
 0001:0000684C       IdStackWindows.TIdStackWindows.WSGetHostByAddr
 0001:000067D0       IdStackWindows.TIdStackWindows.WSGetHostByName
 0001:000068A8       IdStackWindows.TIdStackWindows.WSGetHostName
 0001:00006D68       IdStackWindows.TIdStackWindows.WSGetLastError
 0001:00007158       IdStackWindows.TIdStackWindows.WSGetLocalAddress
 0001:00006D2C       IdStackWindows.TIdStackWindows.WSGetLocalAddresses
 0001:00007320       IdStackWindows.TIdStackWindows.WSGetPeerName
 0001:00006E04       IdStackWindows.TIdStackWindows.WSGetServByName
 0001:00006F18       IdStackWindows.TIdStackWindows.WSGetServByPort
 0001:000073C8       IdStackWindows.TIdStackWindows.WSGetSockName
 0001:00007470       IdStackWindows.TIdStackWindows.WSGetSockOpt
 0001:00007048       IdStackWindows.TIdStackWindows.WSHToNL
 0001:00006DB4       IdStackWindows.TIdStackWindows.WSHToNs
 0001:00006910       IdStackWindows.TIdStackWindows.WSListen
 0001:0000706C       IdStackWindows.TIdStackWindows.WSNToHL
 0001:00006DDC       IdStackWindows.TIdStackWindows.WSNToHs
 0001:0000693C       IdStackWindows.TIdStackWindows.WSRecv
 0001:00006970       IdStackWindows.TIdStackWindows.WSRecvFrom
 0001:00006B20       IdStackWindows.TIdStackWindows.WSSelect
 0001:00006C48       IdStackWindows.TIdStackWindows.WSSend
 0001:00006C7C       IdStackWindows.TIdStackWindows.WSSendTo
 0001:00006CF4       IdStackWindows.TIdStackWindows.WSSetSockOpt
 0001:000072F4       IdStackWindows.TIdStackWindows.WSShutdown
 0001:00006D84       IdStackWindows.TIdStackWindows.WSSocket
 0001:00007634       IdStackWindows.TIdStackWindows.WSTranslateSocketErrorMsg
 0001:0001481C       IdTCPClient..TIdTCPClient
 0001:00014A10       IdTCPClient.TIdTCPClient.Connect
 0001:00014B94       IdTCPClient.TIdTCPClient.ConnectAndGetAll
 0001:00014BE8       IdTCPClient.TIdTCPClient.Create
 0001:00014C3C       IdTCPClient.TIdTCPClient.Destroy
 0001:00014C70       IdTCPClient.TIdTCPClient.DoOnConnected
 0001:00014C9C       IdTCPClient.TIdTCPClient.SetHost
 0001:00014CBC       IdTCPClient.TIdTCPClient.SetPort
 0001:00012890       IdTCPConnection..EIdFileNotFound
 0001:00012774       IdTCPConnection..EIdIOHandlerPropInvalid
 0001:000127D8       IdTCPConnection..EIdNoDataToRead
 0001:00012834       IdTCPConnection..EIdNotConnected
 0001:0001270C       IdTCPConnection..EIdNotEnoughDataInBuffer
 0001:000126A8       IdTCPConnection..EIdTCPConnectionError
 0001:0001233C       IdTCPConnection..TIdManagedBuffer
 0001:000122B8       IdTCPConnection..TIdSimpleBuffer
 0001:000123C4       IdTCPConnection..TIdTCPConnection
 0001:00013540       IdTCPConnection.AdjustStreamSize
 0001:00014558       IdTCPConnection.TIdManagedBuffer.Clear
 0001:00014574       IdTCPConnection.TIdManagedBuffer.Create
 0001:000145C8       IdTCPConnection.TIdManagedBuffer.Extract
 0001:00014670       IdTCPConnection.TIdManagedBuffer.Memory
 0001:00014690       IdTCPConnection.TIdManagedBuffer.PackBuffer
 0001:000146E0       IdTCPConnection.TIdManagedBuffer.Remove
 0001:000147C4       IdTCPConnection.TIdManagedBuffer.Seek
 0001:0001416C       IdTCPConnection.TIdSimpleBuffer.Create
 0001:000141C0       IdTCPConnection.TIdSimpleBuffer.Extract
 0001:00014264       IdTCPConnection.TIdSimpleBuffer.Remove
 0001:000128EC       IdTCPConnection.TIdTCPConnection.AllData
 0001:00014534       IdTCPConnection.TIdTCPConnection.BufferRemoveNotify
 0001:00012998       IdTCPConnection.TIdTCPConnection.CheckForDisconnect
 0001:00014148       IdTCPConnection.TIdTCPConnection.CheckForGracefulDisconnect
 0001:00014368       IdTCPConnection.TIdTCPConnection.CheckResponse
 0001:00014130       IdTCPConnection.TIdTCPConnection.ClearWriteBuffer
 0001:00014030       IdTCPConnection.TIdTCPConnection.CloseWriteBuffer
 0001:00012A7C       IdTCPConnection.TIdTCPConnection.Connected
 0001:00012ABC       IdTCPConnection.TIdTCPConnection.Create
 0001:00012B94       IdTCPConnection.TIdTCPConnection.CurrentReadBuffer
 0001:00012BE4       IdTCPConnection.TIdTCPConnection.Destroy
 0001:00012C58       IdTCPConnection.TIdTCPConnection.Disconnect
 0001:00013FBC       IdTCPConnection.TIdTCPConnection.DisconnectSocket
 0001:00012CB4       IdTCPConnection.TIdTCPConnection.DoOnDisconnected
 0001:00014078       IdTCPConnection.TIdTCPConnection.FlushWriteBuffer
 0001:000143D4       IdTCPConnection.TIdTCPConnection.GetInternalResponse
 0001:00012CE0       IdTCPConnection.TIdTCPConnection.GetResponse
 0001:00013890       IdTCPConnection.TIdTCPConnection.Notification
 0001:00013FF8       IdTCPConnection.TIdTCPConnection.OpenWriteBuffer
 0001:00012D24       IdTCPConnection.TIdTCPConnection.RaiseExceptionForLastCmdResult
 0001:00012D8C       IdTCPConnection.TIdTCPConnection.RaiseExceptionForLastCmdResult
 0001:00012E00       IdTCPConnection.TIdTCPConnection.ReadBuffer
 0001:00012E88       IdTCPConnection.TIdTCPConnection.ReadFromStack
 0001:000131B0       IdTCPConnection.TIdTCPConnection.ReadInteger
 0001:000131EC       IdTCPConnection.TIdTCPConnection.ReadLn
 0001:00013478       IdTCPConnection.TIdTCPConnection.ReadLnWait
 0001:00013594       IdTCPConnection.TIdTCPConnection.ReadStream
 0001:0001383C       IdTCPConnection.TIdTCPConnection.ResetConnection
 0001:00013858       IdTCPConnection.TIdTCPConnection.SendCmd
 0001:000138E8       IdTCPConnection.TIdTCPConnection.SetIntercept
 0001:00013918       IdTCPConnection.TIdTCPConnection.SetIOHandler
 0001:000139AC       IdTCPConnection.TIdTCPConnection.Write
 0001:000139F0       IdTCPConnection.TIdTCPConnection.WriteBuffer
 0001:00013C38       IdTCPConnection.TIdTCPConnection.WriteFile
 0001:00013D7C       IdTCPConnection.TIdTCPConnection.WriteInteger
 0001:00013DBC       IdTCPConnection.TIdTCPConnection.WriteLn
 0001:00013E24       IdTCPConnection.TIdTCPConnection.WriteStream
 0004:000002A8       IdThread..5
 0001:00014D2C       IdThread.Finalization
 0004:000002B0       IdThread.GThreadCount
 0004:000002AC       IdThread.GThreadLock
 0002:00000300       IdThread.IdThread
 0001:00014CD8       IdThread.WaitAllTerminated
 0001:000048A0       IdURI..EIdURIException
 0001:000047EC       IdURI..TIdURI
 0001:000048FC       IdURI.TIdURI.Create
 0001:00004F30       IdURI.TIdURI.GetFullURI
 0001:00004EB8       IdURI.TIdURI.GetURI
 0001:00004968       IdURI.TIdURI.NormalizePath
 0001:000049DC       IdURI.TIdURI.SetURI
 0004:000001F0       IdWinSock2..2
 0001:00005180       IdWinSock2..EIdWS2StubError
 0004:00000014       IdWinSock2.accept
 0004:000001C4       IdWinSock2.AcceptEx
 0004:00000018       IdWinSock2.bind
 0004:0000001C       IdWinSock2.closesocket
 0004:00000020       IdWinSock2.connect
 0001:000051F8       IdWinSock2.EIdWS2StubError.Build
 0001:000062F0       IdWinSock2.Finalization
 0004:000001C8       IdWinSock2.GetAcceptExSockaddrs
 0004:00000070       IdWinSock2.gethostbyaddr
 0004:00000074       IdWinSock2.gethostbyname
 0004:00000078       IdWinSock2.gethostname
 0004:00000028       IdWinSock2.getpeername
 0004:00000088       IdWinSock2.getprotobyname
 0004:00000084       IdWinSock2.getprotobynumber
 0004:00000080       IdWinSock2.getservbyname
 0004:0000007C       IdWinSock2.getservbyport
 0004:0000002C       IdWinSock2.getsockname
 0004:00000030       IdWinSock2.getsockopt
 0004:00000034       IdWinSock2.htonl
 0004:00000038       IdWinSock2.htons
 0003:00000DEC       IdWinSock2.hWS2Dll
 0002:000000E4       IdWinSock2.IdWinSock2
 0004:000001D0       IdWinSock2.in6addr_any
 0001:000062B4       IdWinSock2.IN6ADDR_ANY_INIT
 0004:000001E0       IdWinSock2.in6addr_loopback
 0001:000062D0       IdWinSock2.IN6ADDR_LOOPBACK_INIT
 0004:0000003C       IdWinSock2.inet_addr
 0004:00000040       IdWinSock2.inet_ntoa
 0004:00000024       IdWinSock2.ioctlsocket
 0004:00000044       IdWinSock2.listen
 0004:00000048       IdWinSock2.ntohl
 0004:0000004C       IdWinSock2.ntohs
 0004:00000050       IdWinSock2.recv
 0004:00000054       IdWinSock2.recvfrom
 0004:00000058       IdWinSock2.select
 0004:0000005C       IdWinSock2.send
 0004:00000060       IdWinSock2.sendto
 0004:00000064       IdWinSock2.setsockopt
 0004:00000068       IdWinSock2.shutdown
 0004:0000006C       IdWinSock2.socket
 0004:000001C0       IdWinSock2.TransmitFile
 0001:000060A4       IdWinSock2.WS2Call
 0001:0000616C       IdWinSock2.WS2StubInit
 0003:00000DF0       IdWinSock2.WS2StubTable
 0001:00005324       IdWinSock2.WS2Stub_accept
 0001:000059E4       IdWinSock2.WS2Stub_AcceptEx
 0001:00005334       IdWinSock2.WS2Stub_bind
 0001:00005344       IdWinSock2.WS2Stub_closesocket
 0001:00005354       IdWinSock2.WS2Stub_connect
 0001:000059F4       IdWinSock2.WS2Stub_GetAcceptExSockaddrs
 0001:00005494       IdWinSock2.WS2Stub_gethostbyaddr
 0001:000054A4       IdWinSock2.WS2Stub_gethostbyname
 0001:000054B4       IdWinSock2.WS2Stub_gethostname
 0001:00005374       IdWinSock2.WS2Stub_getpeername
 0001:000054F4       IdWinSock2.WS2Stub_getprotobyname
 0001:000054E4       IdWinSock2.WS2Stub_getprotobynumber
 0001:000054D4       IdWinSock2.WS2Stub_getservbyname
 0001:000054C4       IdWinSock2.WS2Stub_getservbyport
 0001:00005384       IdWinSock2.WS2Stub_getsockname
 0001:00005394       IdWinSock2.WS2Stub_getsockopt
 0001:000053A4       IdWinSock2.WS2Stub_htonl
 0001:000053B4       IdWinSock2.WS2Stub_htons
 0001:000053C4       IdWinSock2.WS2Stub_inet_addr
 0001:000053D4       IdWinSock2.WS2Stub_inet_ntoa
 0001:00005364       IdWinSock2.WS2Stub_ioctlsocket
 0001:000053E4       IdWinSock2.WS2Stub_listen
 0001:000053F4       IdWinSock2.WS2Stub_ntohl
 0001:00005404       IdWinSock2.WS2Stub_ntohs
 0001:00005414       IdWinSock2.WS2Stub_recv
 0001:00005424       IdWinSock2.WS2Stub_recvfrom
 0001:00005434       IdWinSock2.WS2Stub_select
 0001:00005444       IdWinSock2.WS2Stub_send
 0001:00005454       IdWinSock2.WS2Stub_sendto
 0001:00005464       IdWinSock2.WS2Stub_setsockopt
 0001:00005474       IdWinSock2.WS2Stub_shutdown
 0001:00005484       IdWinSock2.WS2Stub_socket
 0001:000059D4       IdWinSock2.WS2Stub_TransmitFile
 0001:000055F4       IdWinSock2.WS2Stub_WSAAccept
 0001:00005944       IdWinSock2.WS2Stub_WSAAddressToString
 0001:000057C4       IdWinSock2.WS2Stub_WSAAddressToStringA
 0001:000057D4       IdWinSock2.WS2Stub_WSAAddressToStringW
 0001:000055B4       IdWinSock2.WS2Stub_WSAAsyncGetHostByAddr
 0001:000055A4       IdWinSock2.WS2Stub_WSAAsyncGetHostByName
 0001:00005584       IdWinSock2.WS2Stub_WSAAsyncGetProtoByName
 0001:00005594       IdWinSock2.WS2Stub_WSAAsyncGetProtoByNumber
 0001:00005564       IdWinSock2.WS2Stub_WSAAsyncGetServByName
 0001:00005574       IdWinSock2.WS2Stub_WSAAsyncGetServByPort
 0001:000055D4       IdWinSock2.WS2Stub_WSAAsyncSelect
 0001:000055C4       IdWinSock2.WS2Stub_WSACancelAsyncRequest
 0001:00005554       IdWinSock2.WS2Stub_WSACancelBlockingCall
 0001:00005314       IdWinSock2.WS2Stub_WSACleanup
 0001:00005604       IdWinSock2.WS2Stub_WSACloseEvent
 0001:00005614       IdWinSock2.WS2Stub_WSAConnect
 0001:00005624       IdWinSock2.WS2Stub_WSACreateEvent
 0001:00005914       IdWinSock2.WS2Stub_WSADuplicateSocket
 0001:00005634       IdWinSock2.WS2Stub_WSADuplicateSocketA
 0001:00005644       IdWinSock2.WS2Stub_WSADuplicateSocketW
 0001:000059A4       IdWinSock2.WS2Stub_WSAEnumNameSpaceProviders
 0001:000058A4       IdWinSock2.WS2Stub_WSAEnumNameSpaceProvidersA
 0001:000058B4       IdWinSock2.WS2Stub_WSAEnumNameSpaceProvidersW
 0001:00005654       IdWinSock2.WS2Stub_WSAEnumNetworkEvents
 0001:00005924       IdWinSock2.WS2Stub_WSAEnumProtocols
 0001:00005664       IdWinSock2.WS2Stub_WSAEnumProtocolsA
 0001:00005674       IdWinSock2.WS2Stub_WSAEnumProtocolsW
 0001:00005684       IdWinSock2.WS2Stub_WSAEventSelect
 0001:00005514       IdWinSock2.WS2Stub_WSAGetLastError
 0001:00005694       IdWinSock2.WS2Stub_WSAGetOverlappedResult
 0001:000056A4       IdWinSock2.WS2Stub_WSAGetQosByName
 0001:00005994       IdWinSock2.WS2Stub_WSAGetServiceClassInfo
 0001:00005884       IdWinSock2.WS2Stub_WSAGetServiceClassInfoA
 0001:00005894       IdWinSock2.WS2Stub_WSAGetServiceClassInfoW
 0001:000059B4       IdWinSock2.WS2Stub_WSAGetServiceClassNameByClassId
 0001:000058C4       IdWinSock2.WS2Stub_WSAGetServiceClassNameByClassIdA
 0001:000058D4       IdWinSock2.WS2Stub_WSAGetServiceClassNameByClassIdW
 0001:000056B4       IdWinSock2.WS2Stub_WSAHtonl
 0001:000056C4       IdWinSock2.WS2Stub_WSAHtons
 0001:00005984       IdWinSock2.WS2Stub_WSAInstallServiceClass
 0001:00005854       IdWinSock2.WS2Stub_WSAInstallServiceClassA
 0001:00005864       IdWinSock2.WS2Stub_WSAInstallServiceClassW
 0001:000056D4       IdWinSock2.WS2Stub_WSAIoctl
 0001:00005524       IdWinSock2.WS2Stub_WSAIsBlocking
 0001:000056E4       IdWinSock2.WS2Stub_WSAJoinLeaf
 0001:00005964       IdWinSock2.WS2Stub_WSALookupServiceBegin
 0001:00005804       IdWinSock2.WS2Stub_WSALookupServiceBeginA
 0001:00005814       IdWinSock2.WS2Stub_WSALookupServiceBeginW
 0001:00005844       IdWinSock2.WS2Stub_WSALookupServiceEnd
 0001:00005974       IdWinSock2.WS2Stub_WSALookupServiceNext
 0001:00005824       IdWinSock2.WS2Stub_WSALookupServiceNextA
 0001:00005834       IdWinSock2.WS2Stub_WSALookupServiceNextW
 0001:000056F4       IdWinSock2.WS2Stub_WSANtohl
 0001:00005704       IdWinSock2.WS2Stub_WSANtohs
 0001:00005904       IdWinSock2.WS2Stub_WSAProviderConfigChange
 0001:00005714       IdWinSock2.WS2Stub_WSARecv
 0001:00005724       IdWinSock2.WS2Stub_WSARecvDisconnect
 0001:00005A04       IdWinSock2.WS2Stub_WSARecvEx
 0001:00005734       IdWinSock2.WS2Stub_WSARecvFrom
 0001:00005874       IdWinSock2.WS2Stub_WSARemoveServiceClass
 0001:00005744       IdWinSock2.WS2Stub_WSAResetEvent
 0001:00005754       IdWinSock2.WS2Stub_WSASend
 0001:00005764       IdWinSock2.WS2Stub_WSASendDisconnect
 0001:00005774       IdWinSock2.WS2Stub_WSASendTo
 0001:00005544       IdWinSock2.WS2Stub_WSASetBlockingHook
 0001:00005784       IdWinSock2.WS2Stub_WSASetEvent
 0001:00005504       IdWinSock2.WS2Stub_WSASetLastError
 0001:000059C4       IdWinSock2.WS2Stub_WSASetService
 0001:000058E4       IdWinSock2.WS2Stub_WSASetServiceA
 0001:000058F4       IdWinSock2.WS2Stub_WSASetServiceW
 0001:00005934       IdWinSock2.WS2Stub_WSASocket
 0001:00005794       IdWinSock2.WS2Stub_WSASocketA
 0001:000057A4       IdWinSock2.WS2Stub_WSASocketW
 0001:00005954       IdWinSock2.WS2Stub_WSAStringToAddress
 0001:000057E4       IdWinSock2.WS2Stub_WSAStringToAddressA
 0001:000057F4       IdWinSock2.WS2Stub_WSAStringToAddressW
 0001:00005534       IdWinSock2.WS2Stub_WSAUnhookBlockingHook
 0001:000057B4       IdWinSock2.WS2Stub_WSAWaitForMultipleEvents
 0001:000055E4       IdWinSock2.WS2Stub___WSAFDIsSet
 0001:000052E8       IdWinSock2.WS2Unload
 0004:000001F4       IdWinSock2.WS2_WSAStartup
 0004:000000C8       IdWinSock2.WSAAccept
 0004:00000150       IdWinSock2.WSAAddressToString
 0004:00000148       IdWinSock2.WSAAddressToStringA
 0004:0000014C       IdWinSock2.WSAAddressToStringW
 0004:000000B8       IdWinSock2.WSAAsyncGetHostByAddr
 0004:000000B4       IdWinSock2.WSAAsyncGetHostByName
 0004:000000AC       IdWinSock2.WSAAsyncGetProtoByName
 0004:000000B0       IdWinSock2.WSAAsyncGetProtoByNumber
 0004:000000A4       IdWinSock2.WSAAsyncGetServByName
 0004:000000A8       IdWinSock2.WSAAsyncGetServByPort
 0004:000000C0       IdWinSock2.WSAAsyncSelect
 0004:000000BC       IdWinSock2.WSACancelAsyncRequest
 0004:000000A0       IdWinSock2.WSACancelBlockingCall
 0004:00000010       IdWinSock2.WSACleanup
 0004:000000CC       IdWinSock2.WSACloseEvent
 0004:000000D0       IdWinSock2.WSAConnect
 0004:000000D4       IdWinSock2.WSACreateEvent
 0004:000000E0       IdWinSock2.WSADuplicateSocket
 0004:000000D8       IdWinSock2.WSADuplicateSocketA
 0004:000000DC       IdWinSock2.WSADuplicateSocketW
 0004:000001A0       IdWinSock2.WSAEnumNameSpaceProviders
 0004:00000198       IdWinSock2.WSAEnumNameSpaceProvidersA
 0004:0000019C       IdWinSock2.WSAEnumNameSpaceProvidersW
 0004:000000E4       IdWinSock2.WSAEnumNetworkEvents
 0004:000000F0       IdWinSock2.WSAEnumProtocols
 0004:000000E8       IdWinSock2.WSAEnumProtocolsA
 0004:000000EC       IdWinSock2.WSAEnumProtocolsW
 0004:000000F4       IdWinSock2.WSAEventSelect
 0004:00000090       IdWinSock2.WSAGetLastError
 0004:000000F8       IdWinSock2.WSAGetOverlappedResult
 0004:000000FC       IdWinSock2.WSAGetQosByName
 0004:00000194       IdWinSock2.WSAGetServiceClassInfo
 0004:0000018C       IdWinSock2.WSAGetServiceClassInfoA
 0004:00000190       IdWinSock2.WSAGetServiceClassInfoW
 0004:000001AC       IdWinSock2.WSAGetServiceClassNameByClassId
 0004:000001A4       IdWinSock2.WSAGetServiceClassNameByClassIdA
 0004:000001A8       IdWinSock2.WSAGetServiceClassNameByClassIdW
 0004:00000100       IdWinSock2.WSAHtonl
 0004:00000104       IdWinSock2.WSAHtons
 0004:00000184       IdWinSock2.WSAInstallServiceClass
 0004:0000017C       IdWinSock2.WSAInstallServiceClassA
 0004:00000180       IdWinSock2.WSAInstallServiceClassW
 0004:00000108       IdWinSock2.WSAIoctl
 0004:00000094       IdWinSock2.WSAIsBlocking
 0004:0000010C       IdWinSock2.WSAJoinLeaf
 0004:00000168       IdWinSock2.WSALookupServiceBegin
 0004:00000160       IdWinSock2.WSALookupServiceBeginA
 0004:00000164       IdWinSock2.WSALookupServiceBeginW
 0004:00000178       IdWinSock2.WSALookupServiceEnd
 0004:00000174       IdWinSock2.WSALookupServiceNext
 0004:0000016C       IdWinSock2.WSALookupServiceNextA
 0004:00000170       IdWinSock2.WSALookupServiceNextW
 0004:00000110       IdWinSock2.WSANtohl
 0004:00000114       IdWinSock2.WSANtohs
 0004:000001BC       IdWinSock2.WSAProviderConfigChange
 0004:00000118       IdWinSock2.WSARecv
 0004:0000011C       IdWinSock2.WSARecvDisconnect
 0004:000001CC       IdWinSock2.WSARecvEx
 0004:00000120       IdWinSock2.WSARecvFrom
 0004:00000188       IdWinSock2.WSARemoveServiceClass
 0004:00000124       IdWinSock2.WSAResetEvent
 0004:00000128       IdWinSock2.WSASend
 0004:0000012C       IdWinSock2.WSASendDisconnect
 0004:00000130       IdWinSock2.WSASendTo
 0004:0000009C       IdWinSock2.WSASetBlockingHook
 0004:00000134       IdWinSock2.WSASetEvent
 0004:0000008C       IdWinSock2.WSASetLastError
 0004:000001B8       IdWinSock2.WSASetService
 0004:000001B0       IdWinSock2.WSASetServiceA
 0004:000001B4       IdWinSock2.WSASetServiceW
 0004:00000140       IdWinSock2.WSASocket
 0004:00000138       IdWinSock2.WSASocketA
 0004:0000013C       IdWinSock2.WSASocketW
 0001:000061A8       IdWinSock2.WSAStartup
 0004:0000015C       IdWinSock2.WSAStringToAddress
 0004:00000154       IdWinSock2.WSAStringToAddressA
 0004:00000158       IdWinSock2.WSAStringToAddressW
 0004:00000098       IdWinSock2.WSAUnhookBlockingHook
 0004:00000144       IdWinSock2.WSAWaitForMultipleEvents
 0004:000000C4       IdWinSock2.__WSAFDIsSet
 0001:00028314       MainFrm..TMianForm
 0001:00028C90       MainFrm.DecodeJSStr
 0004:000002D0       MainFrm.MianForm
 0004:000002D4       MainFrm.NotifyIcon
 0001:00028724       MainFrm.TMianForm.btnFeedbackClick
 0001:00028744       MainFrm.TMianForm.btnTestClick
 0001:000287BC       MainFrm.TMianForm.btnWeatherClick
 0001:00028664       MainFrm.TMianForm.FormCreate
 0001:00028B9C       MainFrm.TMianForm.FormDestroy
 0001:00028BCC       MainFrm.TMianForm.GetFeedbackRec
 0001:00028DF0       MainFrm.TMianForm.GetWeather
 0001:00029290       MainFrm.TMianForm.IdHTTPGet
 0001:0002883C       MainFrm.TMianForm.IsHYOurHome
 0001:000288F4       MainFrm.TMianForm.IsWorkDay
 0001:00028A84       MainFrm.TMianForm.LoadConfig
 0001:000296D8       MainFrm.TMianForm.miClose1Click
 0001:0002880C       MainFrm.TMianForm.miShowClick
 0001:000296F4       MainFrm.TMianForm.SaveConfig
 0001:0002981C       MainFrm.TMianForm.SendMsg
 0001:00029B30       MainFrm.TMianForm.SysCommand
 0001:00029C60       MainFrm.TMianForm.Timer1Timer
 0001:00029E50       MainFrm.TMianForm.UpdateToNextDate
 0001:00029F50       MainFrm.TMianForm.WMNID
 0001:00000A3C       ShellAPI.Shell_NotifyIcon
 0001:0001FA58       superobject..TSuperAnsiWriterStream
 0001:0001F8B4       superobject..TSuperArray
 0001:0001F6E4       superobject..TSuperAvlEntry
 0001:0001F850       superobject..TSuperAvlIterator
[...]
  5043 0001:00025FE4  5044 0001:00025FE8  5045 0001:00025FF5  5048 0001:0002600D
  5052 0001:0002601B  5055 0001:00026046  5056 0001:0002604F  5057 0001:00026062
  5060 0001:0002606B  5066 0001:0002607D  5067 0001:000260B6  5070 0001:000260E1
  5071 0001:000260EA  5072 0001:000260FD  5075 0001:00026106  5082 0001:00026117
  5083 0001:00026150  5086 0001:00026178  5087 0001:00026181  5088 0001:00026194
  5092 0001:0002619A  5093 0001:000261A3  5094 0001:000261B6  5096 0001:000261BA
  5098 0001:000261E0  5102 0001:00026310  5103 0001:0002633D  5104 0001:00026341
  5105 0001:00026360  5106 0001:0002637F  5107 0001:0002638D  5108 0001:0002639E
  5109 0001:000263AF  5110 0001:000263C0  5111 0001:000263D1  5112 0001:000263E2
  5113 0001:000263F3  5114 0001:00026404  5115 0001:00026415  5116 0001:00026426
  5118 0001:00026437  5119 0001:00026445  5120 0001:0002645B  5121 0001:0002647E
  5123 0001:0002649F  5124 0001:000264A5  5125 0001:000264AF  5126 0001:000264B6
  5119 0001:000264B7  5129 0001:000264BA  5130 0001:000264C8  5132 0001:000264D4
  5133 0001:000264DA  5134 0001:000264E4  5137 0001:000264EB  5140 0001:00026511
  5141 0001:00026519  5143 0001:00026529  5146 0001:00026604  5147 0001:0002660A
  5148 0001:00026613  5151 0001:00026618  5152 0001:00026620  5153 0001:0002662B
  5154 0001:0002662F  5155 0001:00026638  5158 0001:00026640  5159 0001:00026659
  5160 0001:0002668E  5164 0001:000266B8  5165 0001:000266BB  5166 0001:000266CF
  5167 0001:000266DF  5168 0001:000266E1  5171 0001:000266E8  5172 0001:000266EB
  5173 0001:000266FE  5174 0001:00026711  5175 0001:00026713  5177 0001:0002671C
  5178 0001:00026740  5180 0001:0002677A  5181 0001:000267B4  5182 0001:000267D5
  5183 0001:00026801  5184 0001:00026839  5185 0001:00026864  5187 0001:000268A1
  5190 0001:000268A8  5191 0001:000268E2  5192 0001:00026908  5193 0001:00026928
  5194 0001:00026956  5195 0001:0002697F  5197 0001:000269BC  5200 0001:000269C3
  5201 0001:000269FD  5202 0001:00026A31  5203 0001:00026A5F  5204 0001:00026A87
  5205 0001:00026ABE  5207 0001:00026AFB  5210 0001:00026B02  5211 0001:00026B3C
  5212 0001:00026B66  5213 0001:00026B88  5214 0001:00026BB6  5215 0001:00026BDF
  5217 0001:00026C19  5220 0001:00026C1D  5225 0001:00026C2D  5227 0001:00026C67
  5230 0001:00026C6B  5232 0001:00026C6D  5237 0001:00026CA8  5238 0001:00026CAE
  5239 0001:00026CB2  5240 0001:00026CB4  5245 0001:00026CB8  5246 0001:00026CD2
  5247 0001:00026CDD  5248 0001:00026CE0  5255 0001:00026D00  5256 0001:00026D19
  5257 0001:00026D47  5258 0001:00026D59  5259 0001:00026D68  5260 0001:00026D6A
  5265 0001:00026D94  5266 0001:00026DB0  5267 0001:00026DF2  5272 0001:00026E1C
  5273 0001:00026E28  5274 0001:00026E55  5279 0001:00026E60  5280 0001:00026E7C
  5281 0001:00026ED5  5286 0001:00026F04  5287 0001:00026F08  5291 0001:00026F0C
  5292 0001:00026F0F  5296 0001:00026F10  5297 0001:00026F13  5302 0001:00026F14
  5303 0001:00026F15  5304 0001:00026F18  5305 0001:00026F21  5308 0001:00026F28
  5309 0001:00026F32  5311 0001:00026F3B  5312 0001:00026F48  5313 0001:00026F50
  5314 0001:00026F53  5316 0001:00026F5A  5318 0001:00026F74  5321 0001:00026F7F
  5343 0001:00026F84  5344 0001:00026F8C  5345 0001:00026F97  5347 0001:00026FA0
  5348 0001:00026FA4  5349 0001:00026FB4  5350 0001:00026FBF  5344 0001:00026FC0
  5351 0001:00026FC3  5352 0001:00026FC8  5357 0001:00026FD0  5358 0001:00026FDA
  5360 0001:00026FE4  5361 0001:00026FE6  5364 0001:00026FEA  5363 0001:00026FEB
  5365 0001:00026FF9  5367 0001:00026FFE  5369 0001:00027002  5368 0001:00027003
  5371 0001:00027011  5373 0001:00027012  5374 0001:00027016  5376 0001:00027032
  5377 0001:00027039  5379 0001:0002703C  5380 0001:00027043  5381 0001:00027057
  5382 0001:0002705C  5383 0001:00027062  5384 0001:0002706C  5383 0001:0002707F
  5386 0001:00027082  5389 0001:00027088  5390 0001:0002709B  5391 0001:000270A4
  5392 0001:000270AB  5393 0001:000270B0  5394 0001:000270C1  5395 0001:000270D1
  5398 0001:000270EC  5399 0001:000270F7  5400 0001:00027100  5401 0001:00027108
  5402 0001:00027114  5407 0001:00027124  5408 0001:00027128  5410 0001:0002712F
  5412 0001:00027137  5413 0001:0002713A  5414 0001:00027148  5415 0001:00027163
  5416 0001:00027166  5419 0001:0002716C  5420 0001:00027175  5421 0001:0002717A
  5422 0001:00027183  5423 0001:00027190  5466 0001:00027194  5467 0001:0002719D
  5468 0001:000271A6  5469 0001:000271B3  5470 0001:000271BC  5543 0001:000271C0
  5544 0001:000271C8  5545 0001:000271D2  5546 0001:000271D4  5548 0001:000271DC
  5550 0001:000271E6  5551 0001:000271FB  5554 0001:00027208  5555 0001:00027217
  5556 0001:00027227  5557 0001:00027237  5559 0001:0002724D  5561 0001:00027261
  5562 0001:00027264  5564 0001:00027270  5567 0001:00027278  5568 0001:0002727E
  5569 0001:0002728F  5572 0001:00027294  5573 0001:000272A6  5574 0001:000272AF
  5575 0001:000272B6  5576 0001:000272BB  5577 0001:000272C8  5580 0001:000272E4
  5581 0001:000272EF  5582 0001:000272FB  5583 0001:00027302  5584 0001:00027307
  5588 0001:00027318  5589 0001:00027324  5593 0001:00027328  5594 0001:00027330
  5595 0001:00027335  5598 0001:00027338  5601 0001:0002733A  5602 0001:0002733D
  5599 0001:00027349  5604 0001:00027373  5609 0001:00027374  5610 0001:0002737A
  5611 0001:0002738B  5614 0001:00027390  5615 0001:000273A5  5616 0001:000273AE
  5617 0001:000273B1  5621 0001:000273CC  5622 0001:000273D8  5631 0001:000273DC
  5632 0001:000273EF  5633 0001:000273F4  5635 0001:00027408  5636 0001:00027410
  5637 0001:0002741C  5638 0001:00027425  5639 0001:00027433  5640 0001:0002743D
  5639 0001:00027448  5641 0001:0002744B  5643 0001:0002746B  5644 0001:00027476
  5647 0001:00027486  5652 0001:00027490  5653 0001:00027494  5654 0001:000274A2
  5660 0001:000274A8  5661 0001:000274AB  5662 0001:000274AE  5665 0001:000274B0
  5666 0001:000274B6  5667 0001:000274C0  5668 0001:000274C3  5671 0001:000274C8
  5672 0001:000274DA  5673 0001:000274E3  5674 0001:000274E8  5678 0001:00027504
  5679 0001:00027509  5688 0001:0002750C  5689 0001:0002751F  5693 0001:00027524
  5696 0001:0002753C  5697 0001:00027544  5698 0001:00027550  5699 0001:00027559
  5700 0001:00027567  5701 0001:00027571  5700 0001:0002757E  5705 0001:00027581
  5708 0001:000275A4  5709 0001:000275AF  5712 0001:000275BF  5713 0001:000275C8
  5716 0001:000275D4  5717 0001:000275DA  5718 0001:000275EB  5721 0001:000275F0
  5722 0001:00027605  5723 0001:0002760E  5724 0001:00027611  5725 0001:00027616
  5729 0001:00027634  5730 0001:00027639  5735 0001:0002763C  5736 0001:0002764E
  5737 0001:0002765D  5738 0001:00027667  5739 0001:0002766F  5740 0001:00027676
  5743 0001:00027690  5744 0001:0002769B  5745 0001:000276A2  5746 0001:000276AA
  5747 0001:000276B6  5752 0001:000276C4  5753 0001:000276C8  5754 0001:000276D0
  5753 0001:000276DA  5755 0001:000276DF  5756 0001:000276E4  5757 0001:000276E8
  5760 0001:000276EC  5761 0001:000276F3  5762 0001:000276FB  5763 0001:00027700
  5764 0001:00027709  5765 0001:00027712  5766 0001:0002771B  5767 0001:00027724
  5768 0001:0002772D  5773 0001:00027734  5774 0001:00027740  5775 0001:00027745
  5776 0001:0002774A  5779 0001:00027760  5780 0001:0002776B  5781 0001:00027774
  5782 0001:00027780  5793 0001:00027790  5794 0001:00027791  5796 0001:0002779B
  5797 0001:0002779E  5799 0001:000277A4  5800 0001:000277A6  5801 0001:000277A9
  5802 0001:000277AF  5803 0001:000277B5  5804 0001:000277B8  5805 0001:000277BB
  5806 0001:000277BE  5808 0001:000277C2  5810 0001:000277C6  5811 0001:000277CD
  5814 0001:000277D4  5815 0001:000277DB  5817 0001:000277E0  5820 0001:000277EA
  5821 0001:000277EF  5825 0001:000277F9  5826 0001:000277FF  5827 0001:00027802
  5829 0001:00027808  5830 0001:0002780F  5833 0001:00027818  5834 0001:0002781D
  5836 0001:00027822  5842 0001:00027829  5843 0001:0002782C  5845 0001:00027832
  5846 0001:00027834  5847 0001:00027837  5848 0001:0002783D  5849 0001:00027843
  5850 0001:00027846  5852 0001:00027849  5853 0001:0002784C  5855 0001:00027850
  5857 0001:00027854  5858 0001:0002785B  5861 0001:00027862  5862 0001:00027869
  5864 0001:0002786E  5867 0001:00027875  5868 0001:0002787A  5872 0001:00027881
  5873 0001:00027887  5874 0001:0002788A  5876 0001:00027890  5877 0001:00027897
  5880 0001:000278A0  5881 0001:000278A5  5883 0001:000278AA  5886 0001:000278AC
  5887 0001:000278AE  5897 0001:000278B0  5898 0001:000278BC  5899 0001:000278C2
  5900 0001:000278C7  5901 0001:000278CC  5902 0001:000278D1  5904 0001:000278DA
  5905 0001:000278E4  5908 0001:000278EF  5909 0001:000278F5  5910 0001:000278FB
  5911 0001:00027901  5912 0001:00027907  5913 0001:00027909  5915 0001:0002790B
  5917 0001:00027911  5918 0001:00027915  5919 0001:00027919  5921 0001:00027921
  5923 0001:0002792B  5924 0001:00027934  5925 0001:0002793F  5927 0001:00027943
  5928 0001:00027951  5930 0001:00027955  5932 0001:00027957  5933 0001:0002795A
  5934 0001:00027960  5935 0001:00027963  5936 0001:0002796E  5937 0001:00027974
  5939 0001:00027979  5940 0001:0002797B  5942 0001:0002797F  5943 0001:00027982
  5946 0001:00027992  5947 0001:00027995  5949 0001:000279A3  5950 0001:000279A7
  5952 0001:000279AF  5953 0001:000279B3  5954 0001:000279B8  5956 0001:000279BB
  5958 0001:000279C3  5959 0001:000279CA  5962 0001:000279D2  5963 0001:000279E2
  5964 0001:000279E9  5965 0001:000279EC  5966 0001:000279F0  5967 0001:000279F7
  5968 0001:000279FB  5969 0001:000279FE  5970 0001:000279FF  5971 0001:00027A03
  5972 0001:00027A0C  5973 0001:00027A13  5975 0001:00027A1D  5976 0001:00027A24
  5980 0001:00027A2A  5981 0001:00027A2E  5983 0001:00027A32  5984 0001:00027A42
  5985 0001:00027A49  5986 0001:00027A4C  5987 0001:00027A50  5989 0001:00027A54
  5990 0001:00027A5B  5993 0001:00027A60  5994 0001:00027A67  5981 0001:00027A6A
  5998 0001:00027A6E  6000 0001:00027A75  6001 0001:00027A85  6002 0001:00027A8C
  6005 0001:00027A98  6006 0001:00027AA1  6007 0001:00027AB1  6008 0001:00027AB8
  6009 0001:00027ABB  6010 0001:00027ABF  6011 0001:00027ACC  6015 0001:00027AD7
  6016 0001:00027AD9  6023 0001:00027AE8  6024 0001:00027B0C  6026 0001:00027B1C
  6027 0001:00027B21  6029 0001:00027B27  6030 0001:00027B2D  6031 0001:00027B36
  6032 0001:00027B3C  6033 0001:00027B45  6035 0001:00027B4A  6037 0001:00027B4E
  6038 0001:00027B5B  6039 0001:00027B6A  6041 0001:00027B6C  6042 0001:00027B70
  6043 0001:00027B91  6045 0001:00027B95  6047 0001:00027B9B  6048 0001:00027B9E
  6050 0001:00027BA0  6053 0001:00027BA7  6054 0001:00027BAD  6055 0001:00027BB9
  6056 0001:00027BBC  6057 0001:00027BC0  6058 0001:00027BC5  6035 0001:00027BC8
  6060 0001:00027BCC  6061 0001:00027BCF  6070 0001:00027BF4  6071 0001:00027C06
  6072 0001:00027C18  6073 0001:00027C1E  6075 0001:00027C27  6076 0001:00027C29
  6077 0001:00027C2F  6080 0001:00027C35  6082 0001:00027C3D  6083 0001:00027C4B
  6084 0001:00027C5B  6086 0001:00027C5D  6087 0001:00027C61  6088 0001:00027C71
  6090 0001:00027C75  6091 0001:00027C79  6093 0001:00027C7D  6094 0001:00027C80
  6097 0001:00027C8E  6098 0001:00027C91  6100 0001:00027C9D  6101 0001:00027C9E
  6078 0001:00027CA2  6103 0001:00027CA4  6104 0001:00027CA8  6105 0001:00027CB0
  6107 0001:00027CB4  6109 0001:00027CBA  6110 0001:00027CBD  6111 0001:00027CC9
  6114 0001:00027CCE  6115 0001:00027CD1  6116 0001:00027CDD  6118 0001:00027CE2
  6120 0001:00027CE3  6122 0001:00027CE7  6124 0001:00027CE9  6125 0001:00027CED
  6126 0001:00027CEF  6128 0001:00027CF3  6129 0001:00027CF6  6132 0001:00027D04
  6133 0001:00027D07  6135 0001:00027D13  6136 0001:00027D14  6138 0001:00027D18
  6139 0001:00027D22  6140 0001:00027D2C  6142 0001:00027D30  6143 0001:00027D34
  6144 0001:00027D39  6147 0001:00027D3C  6148 0001:00027D43  6149 0001:00027D4B
  6150 0001:00027D52  6151 0001:00027D5B  6153 0001:00027D62  6154 0001:00027D6C
  6155 0001:00027D70  6157 0001:00027D74  6159 0001:00027D7A  6160 0001:00027D84
  6161 0001:00027D8E  6162 0001:00027D98  6163 0001:00027D9F  6166 0001:00027DA7
  6167 0001:00027DAC  6168 0001:00027DBA  6169 0001:00027DC3  6173 0001:00027DCA
  6175 0001:00027DD2  6176 0001:00027DD8  6177 0001:00027DDE  6178 0001:00027DE0
  6180 0001:00027DE4  6182 0001:00027DF2  6183 0001:00027DF5  6186 0001:00027DFE
  6187 0001:00027E01  6189 0001:00027E08  6190 0001:00027E09  6191 0001:00027E0D
  6178 0001:00027E0F  6194 0001:00027E13  6195 0001:00027E1B  6198 0001:00027E1F
  6200 0001:00027E26  6201 0001:00027E2D  6202 0001:00027E31  6203 0001:00027E37
  6204 0001:00027E3B  6206 0001:00027E49  6207 0001:00027E55  6209 0001:00027E5E
  6210 0001:00027E65  6212 0001:00027E74  6214 0001:00027E7B  6215 0001:00027E7D
  6216 0001:00027E81  6217 0001:00027E82  6218 0001:00027E90  6219 0001:00027E97
  6220 0001:00027E9A  6222 0001:00027E9E  6223 0001:00027EA5  6226 0001:00027EAD
  6227 0001:00027EB4  6196 0001:00027EB7  6230 0001:00027EBC  6232 0001:00027EC2
  6234 0001:00027EC9  6235 0001:00027ED6  6236 0001:00027EE3  6238 0001:00027EE9
  6245 0001:00027EF8  6246 0001:00027F1D  6247 0001:00027F23  6248 0001:00027F31
  6250 0001:00027F35  6252 0001:00027F3B  6253 0001:00027F3E  6254 0001:00027F44
  6255 0001:00027F4F  6256 0001:00027F55  6260 0001:00027F70  6261 0001:00027F73
  6262 0001:00027F79  6264 0001:00027F7C  6248 0001:00027F7E  6266 0001:00027F82
  6267 0001:00027F8D  6266 0001:00027FA5  6268 0001:00027FA8  6269 0001:00027FAF
  6274 0001:00027FE0  6275 0001:00027FE9  6276 0001:00027FEC  6278 0001:00027FF0
  6280 0001:00027FF6  6281 0001:00027FF9  6285 0001:00028007  6286 0001:0002800A
  6287 0001:00028010  6289 0001:00028013  6276 0001:00028015  6291 0001:00028019
  6292 0001:0002801E  6293 0001:00028023  6296 0001:00028028  6297 0001:0002802E
  6298 0001:00028044  6301 0001:00028048  6302 0001:0002804E  6303 0001:00028065
  6313 0001:00028068  6314 0001:00028074  6315 0001:0002807B  6316 0001:0002807E
  6376 0001:00028094  6377 0001:0002809A  6378 0001:000280A1  6379 0001:000280AA
  6381 0001:000280AE  6382 0001:000280B6  6383 0001:000280BA  6384 0001:000280BD
  6379 0001:000280C0  6386 0001:000280C4  6414 0001:000280CC  6416 0001:000280D4
  6417 0001:000280D6  6419 0001:000280D7  6420 0001:000280DB  6421 0001:000280E3
  6422 0001:000280E7  6427 0001:000280E8  6428 0001:000280ED  6430 0001:000280F5
  6431 0001:000280F9  6432 0001:00028104  6434 0001:0002810B  6436 0001:0002810F
  6438 0001:00028115  6439 0001:0002811C  6441 0001:0002811E  6442 0001:00028121
  6445 0001:00028131  6446 0001:0002813C  6447 0001:00028143  6450 0001:00028146
  6451 0001:00028149  6453 0001:0002814D  6454 0001:00028159  6455 0001:00028160
  6448 0001:00028163  6459 0001:00028165  6499 0001:0002816C  6500 0001:00028173
  6504 0001:00028174  6505 0001:00028182  6510 0001:00028184  6511 0001:0002819C
  6512 0001:000281A6  6513 0001:000281AC  6514 0001:000281B6  6517 0001:000281D4
  6518 0001:000281DA  6519 0001:000281E4  6525 0001:000281E8  6526 0001:000281ED
  6527 0001:000281EF  6528 0001:000281FF  6527 0001:00028216  6529 0001:00028219
  6530 0001:0002821B  6533 0001:00028220  6534 0001:00028226  6535 0001:00028230
  6582 0001:00028234  6583 0001:00028250  6585 0001:00028256  6586 0001:00028271
  6588 0001:0002827A  6589 0001:00028285  6607 0001:000282A8  6608 0001:000282B0
  6609 0001:000282C1  6610 0001:000282C5  6611 0001:000282D0  6612 0001:000282D7
  6617 0001:000282E0  6618 0001:000282E9  6619 0001:00028301  6620 0001:00028307
  6621 0001:00028310  7501 0001:00028314

Line numbers for MainFrm(MainFrm.pas) segment .text

    67 0001:00028664    68 0001:0002867D    69 0001:00028691    70 0001:000286C4
    71 0001:000286CB    74 0001:00028724    75 0001:00028727    76 0001:00028737
    77 0001:00028742    82 0001:00028744    83 0001:0002875C    84 0001:00028772
    85 0001:00028778    86 0001:0002878F    89 0001:000287BC    90 0001:000287D2
    91 0001:000287E8    95 0001:0002880C    96 0001:00028813    97 0001:0002882F
    98 0001:0002883B   103 0001:0002883C   104 0001:0002885E   105 0001:00028865
   106 0001:00028877   107 0001:0002888B   108 0001:000288B3   115 0001:000288F4
   116 0001:0002892F   117 0001:0002893C   118 0001:0002894C   119 0001:00028960
   120 0001:0002896E   122 0001:000289A0   126 0001:000289A5   127 0001:000289B4
   128 0001:000289C8   129 0001:000289D3   130 0001:000289D8   133 0001:00028A84
   134 0001:00028A9F   135 0001:00028AC0   136 0001:00028AE1   137 0001:00028B02
   138 0001:00028B23   141 0001:00028B9C   142 0001:00028B9F   143 0001:00028BAB
   144 0001:00028BB2   145 0001:00028BBD   146 0001:00028BC8   151 0001:00028BCC
   152 0001:00028BEB   153 0001:00028C0F   154 0001:00028C2B   163 0001:00028C90
   164 0001:00028CB1   165 0001:00028CB9   168 0001:00028CC7   169 0001:00028CC9
   172 0001:00028CD5   173 0001:00028CD8   175 0001:00028D0F   177 0001:00028D14
   179 0001:00028D1A   181 0001:00028D20   183 0001:00028D26   185 0001:00028D2C
   188 0001:00028D32   189 0001:00028D52   190 0001:00028D77   195 0001:00028D7C
   197 0001:00028D7E   198 0001:00028D96   166 0001:00028D99   200 0001:00028DA5
   205 0001:00028DF0   233 0001:00028E13   234 0001:00028E21   235 0001:00028E2E
   236 0001:00028E4F   237 0001:00028E8C   239 0001:00028EE3   240 0001:00028F3A
   241 0001:00028F91   242 0001:00028FE8   244 0001:0002904E   246 0001:00029060
   252 0001:00029290   253 0001:000292B4   254 0001:000292B8   255 0001:000292C2
   256 0001:000292C9   257 0001:000292DA   258 0001:000292E8   262 0001:000292F6
   263 0001:0002930F   264 0001:00029319   265 0001:00029334   266 0001:0002933E
   267 0001:00029348   268 0001:00029355   270 0001:00029362   271 0001:00029377
   272 0001:0002938C   273 0001:0002939C   274 0001:000293B1   275 0001:000293C6
   277 0001:000293DB   278 0001:000293F5   279 0001:0002940A   281 0001:0002941D
   282 0001:0002942E   283 0001:0002943C   284 0001:0002944A   286 0001:0002946D
   287 0001:0002947A   289 0001:0002948B   294 0001:000294B6   297 0001:000294CC
   298 0001:000294D4   300 0001:000294E4   304 0001:000296D8   305 0001:000296E4
   306 0001:000296F0   309 0001:000296F4   310 0001:0002970F   311 0001:00029730
   312 0001:00029751   313 0001:00029772   314 0001:00029793   322 0001:0002981C
   323 0001:00029848   324 0001:00029857   325 0001:00029865   326 0001:00029872
   328 0001:00029895   332 0001:000298A5   333 0001:000298B5   334 0001:000298C1
   335 0001:000298CB   337 0001:000298DA   339 0001:000298E7   340 0001:000298F9
   342 0001:00029903   343 0001:0002991E   344 0001:0002997C   345 0001:0002998E
   347 0001:000299A8   348 0001:000299F2   349 0001:00029A04   350 0001:00029A0E
   351 0001:00029A20   360 0001:00029A32   361 0001:00029A44   366 0001:00029A56
   367 0001:00029A65   370 0001:00029B30   371 0001:00029B35   374 0001:00029B43
   375 0001:00029B62   379 0001:00029B69   380 0001:00029B73   381 0001:00029B7F
   382 0001:00029B89   383 0001:00029B93   384 0001:00029B9D   385 0001:00029BB4
   387 0001:00029BC5   390 0001:00029BD3   392 0001:00029BDA   398 0001:00029C60
   399 0001:00029C81   400 0001:00029C8F   402 0001:00029CD5   404 0001:00029CE8
   406 0001:00029D0C   407 0001:00029D23   409 0001:00029D29   410 0001:00029D42
   411 0001:00029D4D   415 0001:00029D57   416 0001:00029D65   418 0001:00029DAB
   420 0001:00029DBE   422 0001:00029DE2   423 0001:00029E00   425 0001:00029E0A
   432 0001:00029E50   433 0001:00029E6F   436 0001:00029E77   437 0001:00029E81
   438 0001:00029E8E   439 0001:00029EB4   441 0001:00029EC8   442 0001:00029ED5
   443 0001:00029EE6   444 0001:00029EFB   445 0001:00029F06   450 0001:00029F50
   451 0001:00029F59   452 0001:00029F5F   455 0001:00029F70   456 0001:00029F7E
   457 0001:00029F8A   459 0001:00029FA8   461 0001:00029FBA   463 0001:00029FED

Line numbers for HY(G:\刘延军\tools\QQ自动发消息\HY.dpr) segment .itext

    15 0002:00000544    16 0002:00000554    17 0002:00000560    18 0002:00000578
    19 0002:00000584

Bound resource files

FeedbackFrm.dfm
MainFrm.dfm
HY.res
HY.drf


Program entry point at 0002:00000544
