
 Start         Length     Name                   Class
 0001:00401000 000280F0H .text                   CODE
 0002:0042A000 0000054CH .itext                  ICODE
 0003:0042B000 00000B70H .data                   DATA
 0004:0042C000 000004B8H .bss                    BSS
 0005:00000000 00000000H .tls                    TLS


Detailed map of segments

 0001:00000000 0000030E C=CODE     S=.text    G=(none)   M=System   ACBP=A9
 0001:00000310 00000055 C=CODE     S=.text    G=(none)   M=SysInit  ACBP=A9
 0001:00000368 00000006 C=CODE     S=.text    G=(none)   M=FastMM4  ACBP=A9
 0001:00000370 00000104 C=CODE     S=.text    G=(none)   M=Windows  ACBP=A9
 0001:00000474 0000016E C=CODE     S=.text    G=(none)   M=Forms    ACBP=A9
 0001:000005E4 00000006 C=CODE     S=.text    G=(none)   M=HelpIntfs ACBP=A9
 0001:000005EC 00000376 C=CODE     S=.text    G=(none)   M=Classes  ACBP=A9
 0001:00000964 00000006 C=CODE     S=.text    G=(none)   M=TypInfo  ACBP=A9
 0001:0000096C 00000196 C=CODE     S=.text    G=(none)   M=SysUtils ACBP=A9
 0001:00000B04 0000001E C=CODE     S=.text    G=(none)   M=Variants ACBP=A9
 0001:00000B24 00000006 C=CODE     S=.text    G=(none)   M=VarUtils ACBP=A9
 0001:00000B2C 00000006 C=CODE     S=.text    G=(none)   M=MultiMon ACBP=A9
 0001:00000B34 00000006 C=CODE     S=.text    G=(none)   M=ActnList ACBP=A9
 0001:00000B3C 0000000E C=CODE     S=.text    G=(none)   M=Graphics ACBP=A9
 0001:00000B4C 00000006 C=CODE     S=.text    G=(none)   M=Registry ACBP=A9
 0001:00000B54 00000006 C=CODE     S=.text    G=(none)   M=IniFiles ACBP=A9
 0001:00000B5C 00000106 C=CODE     S=.text    G=(none)   M=Controls ACBP=A9
 0001:00000C64 00000006 C=CODE     S=.text    G=(none)   M=Menus    ACBP=A9
 0001:00000C6C 00000006 C=CODE     S=.text    G=(none)   M=UxTheme  ACBP=A9
 0001:00000C74 00000016 C=CODE     S=.text    G=(none)   M=SyncObjs ACBP=A9
 0001:00000C8C 00000006 C=CODE     S=.text    G=(none)   M=Themes   ACBP=A9
 0001:00000C94 00000006 C=CODE     S=.text    G=(none)   M=Dialogs  ACBP=A9
 0001:00000C9C 00000006 C=CODE     S=.text    G=(none)   M=ShellAPI ACBP=A9
 0001:00000CA4 00000006 C=CODE     S=.text    G=(none)   M=Printers ACBP=A9
 0001:00000CAC 00000006 C=CODE     S=.text    G=(none)   M=ExtCtrls ACBP=A9
 0001:00000CB4 00000006 C=CODE     S=.text    G=(none)   M=GraphUtil ACBP=A9
 0001:00000CBC 00000016 C=CODE     S=.text    G=(none)   M=Clipbrd  ACBP=A9
 0001:00000CD4 00000006 C=CODE     S=.text    G=(none)   M=FlatSB   ACBP=A9
 0001:00000CDC 00000C86 C=CODE     S=.text    G=(none)   M=IdException ACBP=A9
 0001:00001964 00000328 C=CODE     S=.text    G=(none)   M=IdResourceStrings ACBP=A9
 0001:00001C8C 00000994 C=CODE     S=.text    G=(none)   M=IdURI    ACBP=A9
 0001:00002620 000011A5 C=CODE     S=.text    G=(none)   M=IdWinSock2 ACBP=A9
 0001:000037C8 00000E91 C=CODE     S=.text    G=(none)   M=IdStack  ACBP=A9
 0001:0000465C 0000140A C=CODE     S=.text    G=(none)   M=IdStackWindows ACBP=A9
 0001:00005A68 00001E70 C=CODE     S=.text    G=(none)   M=IdGlobal ACBP=A9
 0001:000078D8 000000C2 C=CODE     S=.text    G=(none)   M=IdBaseComponent ACBP=A9
 0001:0000799C 00000300 C=CODE     S=.text    G=(none)   M=IdAntiFreezeBase ACBP=A9
 0001:00007C9C 000006D9 C=CODE     S=.text    G=(none)   M=IdComponent ACBP=A9
 0001:00008378 00000185 C=CODE     S=.text    G=(none)   M=IdIOHandler ACBP=A9
 0001:00008500 00000AE2 C=CODE     S=.text    G=(none)   M=IdSocketHandle ACBP=A9
 0001:00008FE4 00000D0C C=CODE     S=.text    G=(none)   M=IdSocks  ACBP=A9
 0001:00009CF0 000004EC C=CODE     S=.text    G=(none)   M=IdRFCReply ACBP=A9
 0001:0000A1DC 00000433 C=CODE     S=.text    G=(none)   M=IdIntercept ACBP=A9
 0001:0000A610 00000A18 C=CODE     S=.text    G=(none)   M=IdIOHandlerSocket ACBP=A9
 0001:0000B028 00002563 C=CODE     S=.text    G=(none)   M=IdTCPConnection ACBP=A9
 0001:0000D58C 000004BC C=CODE     S=.text    G=(none)   M=IdTCPClient ACBP=A9
 0001:0000DA48 00000B7B C=CODE     S=.text    G=(none)   M=IdHeaderList ACBP=A9
 0001:0000E5C4 00000241 C=CODE     S=.text    G=(none)   M=IdCoder  ACBP=A9
 0001:0000E808 00000750 C=CODE     S=.text    G=(none)   M=IdCoder3to4 ACBP=A9
 0001:0000EF58 000001A2 C=CODE     S=.text    G=(none)   M=IdCoderMIME ACBP=A9
 0001:0000F0FC 00000A70 C=CODE     S=.text    G=(none)   M=IdAuthentication ACBP=A9
 0001:0000FB6C 0000021F C=CODE     S=.text    G=(none)   M=IdAuthenticationManager ACBP=A9
 0001:0000FD8C 00001AB2 C=CODE     S=.text    G=(none)   M=IdCookie ACBP=A9
 0001:00011840 00000938 C=CODE     S=.text    G=(none)   M=IdCookieManager ACBP=A9
 0001:00012178 00000089 C=CODE     S=.text    G=(none)   M=IdThread ACBP=A9
 0001:00012204 00000103 C=CODE     S=.text    G=(none)   M=IdServerIOHandler ACBP=A9
 0001:00012308 00001439 C=CODE     S=.text    G=(none)   M=IdSSLOpenSSLHeaders ACBP=A9
 0001:00013744 00002F61 C=CODE     S=.text    G=(none)   M=IdSSLOpenSSL ACBP=A9
 0001:000166A8 00002309 C=CODE     S=.text    G=(none)   M=IdHTTPHeaderInfo ACBP=A9
 0001:000189B4 00003879 C=CODE     S=.text    G=(none)   M=IdHTTP   ACBP=A9
 0001:0001C230 0000000E C=CODE     S=.text    G=(none)   M=Mask     ACBP=A9
 0001:0001C240 0000000E C=CODE     S=.text    G=(none)   M=GSPEngineUtils ACBP=A9
 0001:0001C250 000002B8 C=CODE     S=.text    G=(none)   M=HYUtils  ACBP=A9
 0001:0001C508 0000010C C=CODE     S=.text    G=(none)   M=HYService ACBP=A9
 0001:0001C614 00000006 C=CODE     S=.text    G=(none)   M=DateUtils ACBP=A9
 0001:0001C61C 00000006 C=CODE     S=.text    G=(none)   M=WinSock  ACBP=A9
 0001:0001C624 00008C30 C=CODE     S=.text    G=(none)   M=superobject ACBP=A9
 0001:00025254 00000006 C=CODE     S=.text    G=(none)   M=GrandViewGrid ACBP=A9
 0001:0002525C 00000006 C=CODE     S=.text    G=(none)   M=RichDraw ACBP=A9
 0001:00025264 00000006 C=CODE     S=.text    G=(none)   M=ComCtrls ACBP=A9
 0001:0002526C 00000006 C=CODE     S=.text    G=(none)   M=ExtActns ACBP=A9
 0001:00025274 00000006 C=CODE     S=.text    G=(none)   M=ExtDlgs  ACBP=A9
 0001:0002527C 00000006 C=CODE     S=.text    G=(none)   M=Buttons  ACBP=A9
 0001:00025284 00000006 C=CODE     S=.text    G=(none)   M=Mapi     ACBP=A9
 0001:0002528C 00000006 C=CODE     S=.text    G=(none)   M=ComObj   ACBP=A9
 0001:00025294 00000006 C=CODE     S=.text    G=(none)   M=GrandWideControls ACBP=A9
 0001:0002529C 00000006 C=CODE     S=.text    G=(none)   M=GrandStrUtils ACBP=A9
 0001:000252A4 00000006 C=CODE     S=.text    G=(none)   M=GrandPrintUtils ACBP=A9
 0001:000252AC 00000006 C=CODE     S=.text    G=(none)   M=GrandGridThemes ACBP=A9
 0001:000252B4 00000006 C=CODE     S=.text    G=(none)   M=DrawSymbol ACBP=A9
 0001:000252BC 00000006 C=CODE     S=.text    G=(none)   M=TBX      ACBP=A9
 0001:000252C4 00000006 C=CODE     S=.text    G=(none)   M=TBXThemes ACBP=A9
 0001:000252CC 00000006 C=CODE     S=.text    G=(none)   M=TBXUtils ACBP=A9
 0001:000252D4 00000006 C=CODE     S=.text    G=(none)   M=TB2Version ACBP=A9
 0001:000252DC 00000006 C=CODE     S=.text    G=(none)   M=TB2Anim  ACBP=A9
 0001:000252E4 00000006 C=CODE     S=.text    G=(none)   M=TB2Hook  ACBP=A9
 0001:000252EC 00000006 C=CODE     S=.text    G=(none)   M=TB2Item  ACBP=A9
 0001:000252F4 00000006 C=CODE     S=.text    G=(none)   M=TB2Acc   ACBP=A9
 0001:000252FC 00000006 C=CODE     S=.text    G=(none)   M=TBXDefaultTheme ACBP=A9
 0001:00025304 00000016 C=CODE     S=.text    G=(none)   M=GSPDBGrid ACBP=A9
 0001:0002531C 00000006 C=CODE     S=.text    G=(none)   M=GSPUtils ACBP=A9
 0001:00025324 00000006 C=CODE     S=.text    G=(none)   M=GrandXMLUtils ACBP=A9
 0001:0002532C 00000006 C=CODE     S=.text    G=(none)   M=GrandXMLDoc ACBP=A9
 0001:00025334 00000006 C=CODE     S=.text    G=(none)   M=GrandFileUtils ACBP=A9
 0001:0002533C 00000006 C=CODE     S=.text    G=(none)   M=GrandMathUtils ACBP=A9
 0001:00025344 00000006 C=CODE     S=.text    G=(none)   M=GSPDataTransferRule ACBP=A9
 0001:0002534C 00000006 C=CODE     S=.text    G=(none)   M=GSPModelBinStreamBuilder ACBP=A9
 0001:00025354 00000006 C=CODE     S=.text    G=(none)   M=GrandDebugUtils ACBP=A9
 0001:0002535C 00000006 C=CODE     S=.text    G=(none)   M=GSPDataTransferRuleBuilder ACBP=A9
 0001:00025364 00000006 C=CODE     S=.text    G=(none)   M=ZLibEx   ACBP=A9
 0001:0002536C 00000006 C=CODE     S=.text    G=(none)   M=URangeEncoder ACBP=A9
 0001:00025374 00000006 C=CODE     S=.text    G=(none)   M=ULZBinTree ACBP=A9
 0001:0002537C 0000001E C=CODE     S=.text    G=(none)   M=GSPDB    ACBP=A9
 0001:0002539C 00000006 C=CODE     S=.text    G=(none)   M=GSPSQLParser ACBP=A9
 0001:000253A4 00000006 C=CODE     S=.text    G=(none)   M=GSPDBGridSetting ACBP=A9
 0001:000253AC 00000006 C=CODE     S=.text    G=(none)   M=RegExpr  ACBP=A9
 0001:000253B4 00000006 C=CODE     S=.text    G=(none)   M=GSPDBGridSettingXMLBuilder ACBP=A9
 0001:000253BC 00000006 C=CODE     S=.text    G=(none)   M=XLSXMLExcel4 ACBP=A9
 0001:000253C4 00000006 C=CODE     S=.text    G=(none)   M=HTMLParse4 ACBP=A9
 0001:000253CC 00000006 C=CODE     S=.text    G=(none)   M=HTMLTypes4 ACBP=A9
 0001:000253D4 00000006 C=CODE     S=.text    G=(none)   M=XLSUtils4 ACBP=A9
 0001:000253DC 00000006 C=CODE     S=.text    G=(none)   M=BIFFRecsII4 ACBP=A9
 0001:000253E4 00000006 C=CODE     S=.text    G=(none)   M=XLSHTMLDecode4 ACBP=A9
 0001:000253EC 00000006 C=CODE     S=.text    G=(none)   M=XLSXMLTypes4 ACBP=A9
 0001:000253F4 00000006 C=CODE     S=.text    G=(none)   M=CellFormats4 ACBP=A9
 0001:000253FC 00000006 C=CODE     S=.text    G=(none)   M=EscherTypes4 ACBP=A9
 0001:00025404 00000006 C=CODE     S=.text    G=(none)   M=RTFReadWrite4 ACBP=A9
 0001:0002540C 00000006 C=CODE     S=.text    G=(none)   M=ExcelFuncII4 ACBP=A9
 0001:00025414 00000006 C=CODE     S=.text    G=(none)   M=DecodeFormula4 ACBP=A9
 0001:0002541C 00000006 C=CODE     S=.text    G=(none)   M=EncodeFormulaII4 ACBP=A9
 0001:00025424 00000006 C=CODE     S=.text    G=(none)   M=RecordStorageChart4 ACBP=A9
 0001:0002542C 00000006 C=CODE     S=.text    G=(none)   M=XLSPNGImage ACBP=A9
 0001:00025434 00000006 C=CODE     S=.text    G=(none)   M=jpeg     ACBP=A9
 0001:0002543C 00000006 C=CODE     S=.text    G=(none)   M=XLSWriteXML4 ACBP=A9
 0001:00025444 00000006 C=CODE     S=.text    G=(none)   M=GSPGrid  ACBP=A9
 0001:0002544C 00000006 C=CODE     S=.text    G=(none)   M=GSPGridSetting ACBP=A9
 0001:00025454 00000006 C=CODE     S=.text    G=(none)   M=GSPCustomGrid ACBP=A9
 0001:0002545C 00000006 C=CODE     S=.text    G=(none)   M=GSPGridSettingXMLBuilder ACBP=A9
 0001:00025464 00000708 C=CODE     S=.text    G=(none)   M=FeedbackFrm ACBP=A9
 0001:00025B6C 00001C8B C=CODE     S=.text    G=(none)   M=MainFrm  ACBP=A9
 0001:000277F8 000008F8 C=CODE     S=.text    G=(none)   M=HY       ACBP=A9
 0002:00000000 00000006 C=ICODE    S=.itext   G=(none)   M=System   ACBP=A9
 0002:00000008 00000006 C=ICODE    S=.itext   G=(none)   M=FastMM4  ACBP=A9
 0002:00000010 00000011 C=ICODE    S=.itext   G=(none)   M=Windows  ACBP=A9
 0002:00000024 00000006 C=ICODE    S=.itext   G=(none)   M=Forms    ACBP=A9
 0002:0000002C 00000006 C=ICODE    S=.itext   G=(none)   M=HelpIntfs ACBP=A9
 0002:00000034 00000006 C=ICODE    S=.itext   G=(none)   M=Classes  ACBP=A9
 0002:0000003C 00000006 C=ICODE    S=.itext   G=(none)   M=TypInfo  ACBP=A9
 0002:00000044 00000006 C=ICODE    S=.itext   G=(none)   M=SysUtils ACBP=A9
 0002:0000004C 00000006 C=ICODE    S=.itext   G=(none)   M=Variants ACBP=A9
 0002:00000054 00000006 C=ICODE    S=.itext   G=(none)   M=VarUtils ACBP=A9
 0002:0000005C 00000006 C=ICODE    S=.itext   G=(none)   M=MultiMon ACBP=A9
 0002:00000064 00000006 C=ICODE    S=.itext   G=(none)   M=ActnList ACBP=A9
 0002:0000006C 00000006 C=ICODE    S=.itext   G=(none)   M=Graphics ACBP=A9
 0002:00000074 00000006 C=ICODE    S=.itext   G=(none)   M=Registry ACBP=A9
 0002:0000007C 00000006 C=ICODE    S=.itext   G=(none)   M=IniFiles ACBP=A9
 0002:00000084 00000006 C=ICODE    S=.itext   G=(none)   M=Controls ACBP=A9
 0002:0000008C 00000006 C=ICODE    S=.itext   G=(none)   M=Menus    ACBP=A9
 0002:00000094 00000006 C=ICODE    S=.itext   G=(none)   M=UxTheme  ACBP=A9
 0002:0000009C 00000006 C=ICODE    S=.itext   G=(none)   M=Themes   ACBP=A9
 0002:000000A4 00000006 C=ICODE    S=.itext   G=(none)   M=Dialogs  ACBP=A9
 0002:000000AC 00000006 C=ICODE    S=.itext   G=(none)   M=Printers ACBP=A9
 0002:000000B4 00000006 C=ICODE    S=.itext   G=(none)   M=ExtCtrls ACBP=A9
 0002:000000BC 00000006 C=ICODE    S=.itext   G=(none)   M=GraphUtil ACBP=A9
 0002:000000C4 00000006 C=ICODE    S=.itext   G=(none)   M=Clipbrd  ACBP=A9
 0002:000000CC 00000006 C=ICODE    S=.itext   G=(none)   M=FlatSB   ACBP=A9
 0002:000000D4 00000044 C=ICODE    S=.itext   G=(none)   M=IdWinSock2 ACBP=A9
 0002:00000118 00000030 C=ICODE    S=.itext   G=(none)   M=IdStackWindows ACBP=A9
 0002:00000148 00000120 C=ICODE    S=.itext   G=(none)   M=IdGlobal ACBP=A9
 0002:00000268 00000029 C=ICODE    S=.itext   G=(none)   M=IdComponent ACBP=A9
 0002:00000294 00000023 C=ICODE    S=.itext   G=(none)   M=IdCoderMIME ACBP=A9
 0002:000002B8 00000030 C=ICODE    S=.itext   G=(none)   M=IdAuthentication ACBP=A9
 0002:000002E8 00000008 C=ICODE    S=.itext   G=(none)   M=IdCookie ACBP=A9
 0002:000002F0 0000000C C=ICODE    S=.itext   G=(none)   M=IdThread ACBP=A9
 0002:000002FC 0000000C C=ICODE    S=.itext   G=(none)   M=IdSSLOpenSSLHeaders ACBP=A9
 0002:00000308 0000000C C=ICODE    S=.itext   G=(none)   M=IdSSLOpenSSL ACBP=A9
 0002:00000314 00000008 C=ICODE    S=.itext   G=(none)   M=IdHTTP   ACBP=A9
 0002:0000031C 00000006 C=ICODE    S=.itext   G=(none)   M=GSPEngineUtils ACBP=A9
 0002:00000324 00000006 C=ICODE    S=.itext   G=(none)   M=GrandViewGrid ACBP=A9
 0002:0000032C 00000006 C=ICODE    S=.itext   G=(none)   M=RichDraw ACBP=A9
 0002:00000334 00000006 C=ICODE    S=.itext   G=(none)   M=ComCtrls ACBP=A9
 0002:0000033C 00000006 C=ICODE    S=.itext   G=(none)   M=ExtActns ACBP=A9
 0002:00000344 00000006 C=ICODE    S=.itext   G=(none)   M=ExtDlgs  ACBP=A9
 0002:0000034C 00000006 C=ICODE    S=.itext   G=(none)   M=Buttons  ACBP=A9
 0002:00000354 00000006 C=ICODE    S=.itext   G=(none)   M=Mapi     ACBP=A9
 0002:0000035C 00000006 C=ICODE    S=.itext   G=(none)   M=ComObj   ACBP=A9
 0002:00000364 00000006 C=ICODE    S=.itext   G=(none)   M=GrandWideControls ACBP=A9
 0002:0000036C 00000006 C=ICODE    S=.itext   G=(none)   M=GrandStrUtils ACBP=A9
 0002:00000374 00000006 C=ICODE    S=.itext   G=(none)   M=GrandPrintUtils ACBP=A9
 0002:0000037C 00000006 C=ICODE    S=.itext   G=(none)   M=GrandGridThemes ACBP=A9
 0002:00000384 00000006 C=ICODE    S=.itext   G=(none)   M=DrawSymbol ACBP=A9
 0002:0000038C 00000006 C=ICODE    S=.itext   G=(none)   M=TBX      ACBP=A9
 0002:00000394 00000006 C=ICODE    S=.itext   G=(none)   M=TBXThemes ACBP=A9
 0002:0000039C 00000006 C=ICODE    S=.itext   G=(none)   M=TBXUtils ACBP=A9
 0002:000003A4 00000006 C=ICODE    S=.itext   G=(none)   M=TB2Version ACBP=A9
 0002:000003AC 00000006 C=ICODE    S=.itext   G=(none)   M=TB2Anim  ACBP=A9
 0002:000003B4 00000006 C=ICODE    S=.itext   G=(none)   M=TB2Hook  ACBP=A9
 0002:000003BC 00000006 C=ICODE    S=.itext   G=(none)   M=TB2Item  ACBP=A9
 0002:000003C4 00000006 C=ICODE    S=.itext   G=(none)   M=TB2Acc   ACBP=A9
 0002:000003CC 00000006 C=ICODE    S=.itext   G=(none)   M=TBXDefaultTheme ACBP=A9
 0002:000003D4 00000006 C=ICODE    S=.itext   G=(none)   M=GSPDBGrid ACBP=A9
 0002:000003DC 00000006 C=ICODE    S=.itext   G=(none)   M=GSPUtils ACBP=A9
 0002:000003E4 00000006 C=ICODE    S=.itext   G=(none)   M=GrandXMLUtils ACBP=A9
 0002:000003EC 00000006 C=ICODE    S=.itext   G=(none)   M=GrandXMLDoc ACBP=A9
 0002:000003F4 00000006 C=ICODE    S=.itext   G=(none)   M=GrandFileUtils ACBP=A9
 0002:000003FC 00000006 C=ICODE    S=.itext   G=(none)   M=GrandMathUtils ACBP=A9
 0002:00000404 00000006 C=ICODE    S=.itext   G=(none)   M=GSPDataTransferRule ACBP=A9
 0002:0000040C 00000006 C=ICODE    S=.itext   G=(none)   M=GSPModelBinStreamBuilder ACBP=A9
 0002:00000414 00000006 C=ICODE    S=.itext   G=(none)   M=GrandDebugUtils ACBP=A9
 0002:0000041C 00000006 C=ICODE    S=.itext   G=(none)   M=GSPDataTransferRuleBuilder ACBP=A9
 0002:00000424 00000006 C=ICODE    S=.itext   G=(none)   M=ZLibEx   ACBP=A9
 0002:0000042C 00000006 C=ICODE    S=.itext   G=(none)   M=URangeEncoder ACBP=A9
 0002:00000434 00000006 C=ICODE    S=.itext   G=(none)   M=ULZBinTree ACBP=A9
 0002:0000043C 00000006 C=ICODE    S=.itext   G=(none)   M=GSPSQLParser ACBP=A9
 0002:00000444 00000006 C=ICODE    S=.itext   G=(none)   M=GSPDBGridSetting ACBP=A9
 0002:0000044C 00000006 C=ICODE    S=.itext   G=(none)   M=RegExpr  ACBP=A9
 0002:00000454 00000006 C=ICODE    S=.itext   G=(none)   M=GSPDBGridSettingXMLBuilder ACBP=A9
 0002:0000045C 00000006 C=ICODE    S=.itext   G=(none)   M=XLSXMLExcel4 ACBP=A9
 0002:00000464 00000006 C=ICODE    S=.itext   G=(none)   M=HTMLParse4 ACBP=A9
 0002:0000046C 00000006 C=ICODE    S=.itext   G=(none)   M=HTMLTypes4 ACBP=A9
 0002:00000474 00000006 C=ICODE    S=.itext   G=(none)   M=XLSUtils4 ACBP=A9
 0002:0000047C 00000006 C=ICODE    S=.itext   G=(none)   M=BIFFRecsII4 ACBP=A9
 0002:00000484 00000006 C=ICODE    S=.itext   G=(none)   M=XLSHTMLDecode4 ACBP=A9
 0002:0000048C 00000006 C=ICODE    S=.itext   G=(none)   M=XLSXMLTypes4 ACBP=A9
 0002:00000494 00000006 C=ICODE    S=.itext   G=(none)   M=CellFormats4 ACBP=A9
 0002:0000049C 00000006 C=ICODE    S=.itext   G=(none)   M=EscherTypes4 ACBP=A9
 0002:000004A4 00000006 C=ICODE    S=.itext   G=(none)   M=RTFReadWrite4 ACBP=A9
 0002:000004AC 00000006 C=ICODE    S=.itext   G=(none)   M=ExcelFuncII4 ACBP=A9
 0002:000004B4 00000006 C=ICODE    S=.itext   G=(none)   M=DecodeFormula4 ACBP=A9
 0002:000004BC 00000006 C=ICODE    S=.itext   G=(none)   M=EncodeFormulaII4 ACBP=A9
 0002:000004C4 00000006 C=ICODE    S=.itext   G=(none)   M=RecordStorageChart4 ACBP=A9
 0002:000004CC 00000006 C=ICODE    S=.itext   G=(none)   M=XLSPNGImage ACBP=A9
 0002:000004D4 00000006 C=ICODE    S=.itext   G=(none)   M=jpeg     ACBP=A9
 0002:000004DC 00000006 C=ICODE    S=.itext   G=(none)   M=XLSWriteXML4 ACBP=A9
 0002:000004E4 00000006 C=ICODE    S=.itext   G=(none)   M=GSPGrid  ACBP=A9
 0002:000004EC 00000006 C=ICODE    S=.itext   G=(none)   M=GSPGridSetting ACBP=A9
 0002:000004F4 00000006 C=ICODE    S=.itext   G=(none)   M=GSPCustomGrid ACBP=A9
 0002:000004FC 00000006 C=ICODE    S=.itext   G=(none)   M=GSPGridSettingXMLBuilder ACBP=A9
 0002:00000504 00000045 C=ICODE    S=.itext   G=(none)   M=HY       ACBP=A9
 0003:00000000 00000020 C=DATA     S=.data    G=DGROUP   M=SysInit  ACBP=A9
 0003:00000020 00000544 C=DATA     S=.data    G=DGROUP   M=IdWinSock2 ACBP=A9
 0003:00000564 0000000C C=DATA     S=.data    G=DGROUP   M=IdStack  ACBP=A9
 0003:00000570 00000001 C=DATA     S=.data    G=DGROUP   M=IdStackWindows ACBP=A9
 0003:00000574 0000009C C=DATA     S=.data    G=DGROUP   M=IdGlobal ACBP=A9
 0003:00000610 00000004 C=DATA     S=.data    G=DGROUP   M=IdAntiFreezeBase ACBP=A9
 0003:00000614 00000028 C=DATA     S=.data    G=DGROUP   M=IdComponent ACBP=A9
 0003:0000063C 00000008 C=DATA     S=.data    G=DGROUP   M=IdIOHandlerSocket ACBP=A9
 0003:00000644 00000004 C=DATA     S=.data    G=DGROUP   M=IdCoderMIME ACBP=A9
 0003:00000648 00000004 C=DATA     S=.data    G=DGROUP   M=IdAuthentication ACBP=A9
 0003:0000064C 0000004C C=DATA     S=.data    G=DGROUP   M=IdCookie ACBP=A9
 0003:00000698 0000014C C=DATA     S=.data    G=DGROUP   M=IdSSLOpenSSLHeaders ACBP=A9
 0003:000007E4 00000004 C=DATA     S=.data    G=DGROUP   M=IdSSLOpenSSL ACBP=A9
 0003:000007E8 00000008 C=DATA     S=.data    G=DGROUP   M=IdHTTP   ACBP=A9
 0003:000007F0 00000078 C=DATA     S=.data    G=DGROUP   M=superobject ACBP=A9
 0004:00000000 00000004 C=BSS      S=.bss     G=DGROUP   M=SysInit  ACBP=A9
 0004:00000004 00000008 C=BSS      S=.bss     G=DGROUP   M=Windows  ACBP=A9
 0004:0000000C 000001E8 C=BSS      S=.bss     G=DGROUP   M=IdWinSock2 ACBP=A9
 0004:000001F4 00000004 C=BSS      S=.bss     G=DGROUP   M=IdStack  ACBP=A9
 0004:000001F8 00000004 C=BSS      S=.bss     G=DGROUP   M=IdStackWindows ACBP=A9
 0004:000001FC 00000014 C=BSS      S=.bss     G=DGROUP   M=IdGlobal ACBP=A9
 0004:00000210 00000008 C=BSS      S=.bss     G=DGROUP   M=IdComponent ACBP=A9
 0004:00000218 00000084 C=BSS      S=.bss     G=DGROUP   M=IdCoderMIME ACBP=A9
 0004:0000029C 00000004 C=BSS      S=.bss     G=DGROUP   M=IdAuthentication ACBP=A9
 0004:000002A0 00000004 C=BSS      S=.bss     G=DGROUP   M=IdCookie ACBP=A9
 0004:000002A4 0000000C C=BSS      S=.bss     G=DGROUP   M=IdThread ACBP=A9
 0004:000002B0 00000004 C=BSS      S=.bss     G=DGROUP   M=IdSSLOpenSSLHeaders ACBP=A9
 0004:000002B4 00000014 C=BSS      S=.bss     G=DGROUP   M=IdSSLOpenSSL ACBP=A9
 0004:000002C8 00000004 C=BSS      S=.bss     G=DGROUP   M=IdHTTP   ACBP=A9
 0004:000002CC 000001EC C=BSS      S=.bss     G=DGROUP   M=MainFrm  ACBP=A9


  Address             Publics by Name

 0001:00025464       FeedbackFrm..TFeedbackForm
 0001:00025778       FeedbackFrm.TFeedbackForm.acAddExecute
 0001:000257CC       FeedbackFrm.TFeedbackForm.acDelExecute
 0001:00025734       FeedbackFrm.TFeedbackForm.Create
 0001:00025828       FeedbackFrm.TFeedbackForm.Execute
 0001:00025880       FeedbackFrm.TFeedbackForm.FormShow
 0001:00025924       FeedbackFrm.TFeedbackForm.GridQueryCellValue
 0001:000259C8       FeedbackFrm.TFeedbackForm.GridQueryEditHide
 0001:000277F8       HY.Finalization
 0002:00000504       HY.HY
 0001:0001C508       HYService..THYService
 0001:0001C574       HYService.THYService.GetProjModel
 0001:0001C5F0       HYService.THYService.Save
 0001:0001C38C       HYUtils.LoadGSPModel
 0001:0001C250       HYUtils.SaveModelToFile
 0001:0000799C       IdAntiFreezeBase..TIdAntiFreezeBase
 0003:00000610       IdAntiFreezeBase.GAntiFreeze
 0001:00007B04       IdAntiFreezeBase.TIdAntiFreezeBase.Create
 0001:00007BDC       IdAntiFreezeBase.TIdAntiFreezeBase.Destroy
 0001:00007C14       IdAntiFreezeBase.TIdAntiFreezeBase.DoProcess
 0001:00007C60       IdAntiFreezeBase.TIdAntiFreezeBase.ShouldUse
 0004:0000029C       IdAuthentication..4
 0001:0000F29C       IdAuthentication..EIdAlreadyRegisteredAuthenticationMethod
 0001:0000F314       IdAuthentication..TAuthListObject
 0001:0000F0FC       IdAuthentication..TIdAuthentication
 0001:0000F1BC       IdAuthentication..TIdBasicAuthentication
 0003:00000648       IdAuthentication.AuthList
 0001:0000FAFC       IdAuthentication.Finalization
 0001:0000F49C       IdAuthentication.FindAuthClass
 0002:000002B8       IdAuthentication.IdAuthentication
 0001:0000F370       IdAuthentication.RegisterAuthenticationMethod
 0001:0000F518       IdAuthentication.TIdAuthentication.Create
 0001:0000F574       IdAuthentication.TIdAuthentication.Destroy
 0001:0000F6EC       IdAuthentication.TIdAuthentication.GetPassword
 0001:0000F7CC       IdAuthentication.TIdAuthentication.GetSteps
 0001:0000F724       IdAuthentication.TIdAuthentication.GetUserName
 0001:0000F6BC       IdAuthentication.TIdAuthentication.Next
 0001:0000F5F8       IdAuthentication.TIdAuthentication.ReadAuthInfo
 0001:0000F6D8       IdAuthentication.TIdAuthentication.Reset
 0001:0000F5BC       IdAuthentication.TIdAuthentication.SetAuthParams
 0001:0000F75C       IdAuthentication.TIdAuthentication.SetPassword
 0001:0000F794       IdAuthentication.TIdAuthentication.SetUserName
 0001:0000F830       IdAuthentication.TIdBasicAuthentication.Authentication
 0001:0000F7E4       IdAuthentication.TIdBasicAuthentication.Create
 0001:0000F8E0       IdAuthentication.TIdBasicAuthentication.DoNext
 0001:0000FAE4       IdAuthentication.TIdBasicAuthentication.GetSteps
 0001:0000FAB4       IdAuthentication.TIdBasicAuthentication.KeepAlive
 0001:0000FAC8       IdAuthentication.TIdBasicAuthentication.Reset
 0001:0000FB6C       IdAuthenticationManager..TIdAuthenticationItem
 0001:0000FC30       IdAuthenticationManager.TIdAuthenticationCollection.Add
 0001:0000FCD4       IdAuthenticationManager.TIdAuthenticationItem.Create
 0001:0000FD44       IdAuthenticationManager.TIdAuthenticationItem.Destroy
 0001:0000FC54       IdAuthenticationManager.TIdAuthenticationManager.AddAuthentication
 0001:000078D8       IdBaseComponent..TIdBaseComponent
 0001:0000E674       IdCoder..TIdDecoder
 0001:0000E5C4       IdCoder..TIdEncoder
 0001:0000E724       IdCoder.TIdEncoder.Encode
 0001:0000E7AC       IdCoder.TIdEncoder.EncodeString
 0001:0000E924       IdCoder3to4..TIdDecoder4to3
 0001:0000E808       IdCoder3to4..TIdEncoder3to4
 0001:0000EA04       IdCoder3to4.TIdDecoder4to3.ConstructDecodeTable
 0001:0000EA7C       IdCoder3to4.TIdDecoder4to3.DecodeToStream
 0001:0000EC60       IdCoder3to4.TIdDecoder4to3.DecodeUnit
 0001:0000ECDC       IdCoder3to4.TIdEncoder3to4.Encode
 0001:0000EECC       IdCoder3to4.TIdEncoder3to4.EncodeUnit
 0004:00000298       IdCoderMIME..3
 0001:0000EF58       IdCoderMIME..TIdEncoderMIME
 0001:0000F0C0       IdCoderMIME.Finalization
 0003:00000644       IdCoderMIME.GBase64CodeTable
 0004:00000218       IdCoderMIME.GBase64DecodeTable
 0002:00000294       IdCoderMIME.IdCoderMIME
 0001:0000F060       IdCoderMIME.TIdEncoderMIME.Create
 0004:00000210       IdComponent..3
 0001:00007EC8       IdComponent..TIdComponent
 0001:00008330       IdComponent.Finalization
 0003:00000638       IdComponent.GInstanceCount
 0004:00000214       IdComponent.GStackCriticalSection
 0002:00000268       IdComponent.IdComponent
 0003:00000614       IdComponent.IdStati
 0001:000081BC       IdComponent.TIdComponent.BeginWork
 0001:00007FB0       IdComponent.TIdComponent.Create
 0001:00008050       IdComponent.TIdComponent.Destroy
 0001:000080F0       IdComponent.TIdComponent.DoStatus
 0001:000080D0       IdComponent.TIdComponent.DoStatus
 0001:00008234       IdComponent.TIdComponent.DoWork
 0001:00008298       IdComponent.TIdComponent.EndWork
 0004:000002A0       IdCookie..9
 0001:0000FD8C       IdCookie..TIdCookieList
 0001:0000FFA4       IdCookie..TIdCookieRFC2109
 0001:000100A4       IdCookie..TIdCookieRFC2965
 0001:00010180       IdCookie..TIdCookies
 0001:0000FEA8       IdCookie..TIdNetscapeCookie
 0001:0001030C       IdCookie.AddCookieFlag
 0001:00010228       IdCookie.AddCookieProperty
 0001:000117E4       IdCookie.Finalization
 0002:000002E8       IdCookie.IdCookie
 0003:00000668       IdCookie.monthnames
 0001:000103AC       IdCookie.TIdCookieList.GetCookie
 0001:00010CD0       IdCookie.TIdCookieRFC2109.Create
 0001:00010DFC       IdCookie.TIdCookieRFC2109.GetClientCookie
 0001:00010E18       IdCookie.TIdCookieRFC2109.GetCookie
 0001:00010F48       IdCookie.TIdCookieRFC2109.LoadProperties
 0001:00010D30       IdCookie.TIdCookieRFC2109.SetExpires
 0001:000110C0       IdCookie.TIdCookieRFC2965.Create
 0001:00011110       IdCookie.TIdCookieRFC2965.GetCookie
 0001:0001112C       IdCookie.TIdCookieRFC2965.LoadProperties
 0001:00011344       IdCookie.TIdCookieRFC2965.SetPort
 0001:00011728       IdCookie.TIdCookies.Add
 0001:0001174C       IdCookie.TIdCookies.Add2
 0001:000115D0       IdCookie.TIdCookies.AddCookie
 0001:000114C8       IdCookie.TIdCookies.Create
 0001:00011548       IdCookie.TIdCookies.Destroy
 0001:00011770       IdCookie.TIdCookies.LockCookieListByDomain
 0001:000117B0       IdCookie.TIdCookies.UnlockCookieListByDomain
 0001:00010510       IdCookie.TIdNetscapeCookie.Assign
 0001:000103D0       IdCookie.TIdNetscapeCookie.Create
 0001:00010420       IdCookie.TIdNetscapeCookie.Destroy
 0001:00010744       IdCookie.TIdNetscapeCookie.GetClientCookie
 0001:00010780       IdCookie.TIdNetscapeCookie.GetCookie
 0001:00010728       IdCookie.TIdNetscapeCookie.GetServerCookie
 0001:0001058C       IdCookie.TIdNetscapeCookie.IsValidCookie
 0001:000108B8       IdCookie.TIdNetscapeCookie.LoadProperties
 0001:00010A44       IdCookie.TIdNetscapeCookie.SetCookie
 0001:000106D4       IdCookie.TIdNetscapeCookie.SetExpires
 0003:0000064C       IdCookie.wdays
 0001:000118F4       IdCookieManager..TIdCookieManager
 0001:00011E98       IdCookieManager.TIdCookieManager.AddCookie
 0001:00011F0C       IdCookieManager.TIdCookieManager.AddCookie2
 0001:00012008       IdCookieManager.TIdCookieManager.CleanupCookieList
 0001:00011A30       IdCookieManager.TIdCookieManager.Create
 0001:00011A94       IdCookieManager.TIdCookieManager.Destroy
 0001:00011D94       IdCookieManager.TIdCookieManager.DoAdd
 0001:00011FB8       IdCookieManager.TIdCookieManager.DoOnCreate
 0001:00011FE0       IdCookieManager.TIdCookieManager.DoOnDestroy
 0001:00011F80       IdCookieManager.TIdCookieManager.DoOnNewCookie
 0001:00011AE0       IdCookieManager.TIdCookieManager.GenerateCookieList
 0001:00000DFC       IdException..EIdAlreadyConnected
 0001:00000E5C       IdException..EIdClosedSocket
 0001:00000D98       IdException..EIdConnClosedGracefully
 0001:00001118       IdException..EIdConnectException
 0001:000010B8       IdException..EIdConnectTimeout
 0001:00000CDC       IdException..EIdException
 0001:00000F80       IdException..EIdInvalidServiceName
 0001:000017FC       IdException..EIdInvalidSocket
 0001:00000FE4       IdException..EIdProtocolReplyError
 0001:00000F14       IdException..EIdReadLnMaxLineLengthExceeded
 0001:00000EB8       IdException..EIdReadTimeout
 0001:00000D38       IdException..EIdSilentException
 0001:0000185C       IdException..EIdSocketError
 0001:00001438       IdException..EIdSocksAuthError
 0001:000013D4       IdException..EIdSocksAuthMethodError
 0001:00001178       IdException..EIdSocksError
 0001:000011D4       IdException..EIdSocksRequestFailed
 0001:000012A0       IdException..EIdSocksRequestIdentFailed
 0001:00001238       IdException..EIdSocksRequestServerFailed
 0001:00001794       IdException..EIdSocksServerAddressError
 0001:0000172C       IdException..EIdSocksServerCommandError
 0001:0000164C       IdException..EIdSocksServerConnectionRefusedError
 0001:00001498       IdException..EIdSocksServerGeneralError
 0001:000015DC       IdException..EIdSocksServerHostUnreachableError
 0001:0000156C       IdException..EIdSocksServerNetUnreachableError
 0001:00001500       IdException..EIdSocksServerPermissionError
 0001:0000136C       IdException..EIdSocksServerRespondError
 0001:000016C0       IdException..EIdSocksServerTTLExpiredError
 0001:00001308       IdException..EIdSocksUnknownError
 0001:0000104C       IdException..EIdSSLProtocolReplyError
 0001:000018BC       IdException.EIdProtocolReplyError.CreateError
 0001:00001910       IdException.EIdSocketError.CreateError
 0004:00000204       IdGlobal..11
 0001:00005C08       IdGlobal..EIdFailedToRetreiveTimeZoneInfo
 0001:00005B8C       IdGlobal..TIdReadMemoryStream
 0004:0000020C       IdGlobal.ATempPath
 0001:000061A8       IdGlobal.DateTimeGMTToHttpStr
 0001:00006DF4       IdGlobal.DateTimeToGmtOffSetStr
 0001:000062C4       IdGlobal.DateTimeToInternetStr
 0001:00007310       IdGlobal.DomainName
 0001:00006998       IdGlobal.Fetch
 0001:00006880       IdGlobal.FetchCaseInsensitive
 0004:00000208       IdGlobal.FIdPorts
 0001:0000781C       IdGlobal.Finalization
 0001:000070D0       IdGlobal.GetCurrentThreadHandle
 0001:00006EBC       IdGlobal.GmtOffsetStrToDateTime
 0001:00007000       IdGlobal.GMTToLocalDateTime
 0002:00000148       IdGlobal.IdGlobal
 0001:00006160       IdGlobal.IncludeTrailingSlash
 0004:000001FC       IdGlobal.IndyFalseBoolStrs
 0003:000005C0       IdGlobal.IndyPos
 0004:00000200       IdGlobal.IndyTrueBoolStrs
 0001:000070E4       IdGlobal.InMainThread
 0001:000072C4       IdGlobal.IsHostname
 0001:00007208       IdGlobal.IsValidIP
 0001:00007124       IdGlobal.MemoryPos
 0001:0000617C       IdGlobal.Min
 0003:000005E0       IdGlobal.monthnames
 0003:00000590       IdGlobal.monthnames
 0001:00006754       IdGlobal.OffsetFromUTC
 0001:00005CBC       IdGlobal.ParseDayOfMonth
 0001:00005D44       IdGlobal.ParseMonth
 0001:00006A7C       IdGlobal.PosInStrArray
 0001:00007364       IdGlobal.ProcessPath
 0001:00005DCC       IdGlobal.RawStrInternetToDateTime
 0001:000066F0       IdGlobal.RightStr
 0001:00006570       IdGlobal.RPos
 0001:00007100       IdGlobal.SBPos
 0001:000070BC       IdGlobal.Sleep
 0001:00006BB0       IdGlobal.StrToDay
 0001:00006CA0       IdGlobal.StrToMonth
 0001:000064D8       IdGlobal.TempPath
 0001:000077D0       IdGlobal.TIdReadMemoryStream.SetPointer
 0001:00007800       IdGlobal.TIdReadMemoryStream.Write
 0003:00000574       IdGlobal.wdays
 0003:000005C4       IdGlobal.wdays
 0001:0000DA48       IdHeaderList..TIdHeaderList
 0001:0000DB78       IdHeaderList.FoldWrapText
 0001:0000DE14       IdHeaderList.TIdHeaderList.Create
 0001:0000DE90       IdHeaderList.TIdHeaderList.DeleteFoldedLines
 0001:0000DF48       IdHeaderList.TIdHeaderList.Extract
 0001:0000DFF4       IdHeaderList.TIdHeaderList.FoldAndInsert
 0001:0000E0E0       IdHeaderList.TIdHeaderList.FoldLine
 0001:0000E1F8       IdHeaderList.TIdHeaderList.GetNameFromLine
 0001:0000E2B0       IdHeaderList.TIdHeaderList.GetValue
 0001:0000E2DC       IdHeaderList.TIdHeaderList.GetValueFromLine
 0001:0000E434       IdHeaderList.TIdHeaderList.IndexOfName
 0001:0000E4C4       IdHeaderList.TIdHeaderList.SetValue
 0004:000002C8       IdHTTP..8
 0001:0001937C       IdHTTP..EIdHTTPProtocolException
 0001:0001931C       IdHTTP..EIdUnknownProtocol
 0001:00018E20       IdHTTP..TIdCustomHTTP
 0001:00018F50       IdHTTP..TIdHTTP
 0001:00018DC4       IdHTTP..TIdHTTPProtocol
 0001:00018D0C       IdHTTP..TIdHTTPRequest
 0001:00018C54       IdHTTP..TIdHTTPResponse
 0001:00019A40       IdHTTP.ChunkSize
 0001:00019414       IdHTTP.EIdHTTPProtocolException.CreateError
 0001:0001C1E8       IdHTTP.Finalization
 0002:00000314       IdHTTP.IdHTTP
 0003:000007E8       IdHTTP.ProtocolVersionString
 0001:0001BB68       IdHTTP.RaiseException
 0001:0001BC98       IdHTTP.ReadContent
 0001:0001A130       IdHTTP.TIdCustomHTTP.CheckAndConnect
 0001:0001A1C4       IdHTTP.TIdCustomHTTP.ConnectToHost
 0001:00019470       IdHTTP.TIdCustomHTTP.Create
 0001:0001957C       IdHTTP.TIdCustomHTTP.Destroy
 0001:0001AAEC       IdHTTP.TIdCustomHTTP.DoOnAuthorization
 0001:0001B0E4       IdHTTP.TIdCustomHTTP.DoOnDisconnected
 0001:0001AD84       IdHTTP.TIdCustomHTTP.DoOnProxyAuthorization
 0001:00019634       IdHTTP.TIdCustomHTTP.DoOnRedirect
 0001:0001A594       IdHTTP.TIdCustomHTTP.DoRequest
 0001:000195D4       IdHTTP.TIdCustomHTTP.Get
 0001:0001C174       IdHTTP.TIdCustomHTTP.GetAuthRetries
 0001:0001C1B0       IdHTTP.TIdCustomHTTP.GetProxyAuthRetries
 0001:0001B0C4       IdHTTP.TIdCustomHTTP.GetRequestHeaders
 0001:0001B060       IdHTTP.TIdCustomHTTP.GetResponseCode
 0001:0001B0A4       IdHTTP.TIdCustomHTTP.GetResponseHeaders
 0001:0001B080       IdHTTP.TIdCustomHTTP.GetResponseText
 0001:0001AA24       IdHTTP.TIdCustomHTTP.Notification
 0001:00019CD0       IdHTTP.TIdCustomHTTP.PrepareRequest
 0001:0001A84C       IdHTTP.TIdCustomHTTP.ProcessCookies
 0001:00019B0C       IdHTTP.TIdCustomHTTP.ReadResult
 0001:0001A830       IdHTTP.TIdCustomHTTP.SetAllowCookies
 0001:0001AA80       IdHTTP.TIdCustomHTTP.SetCookieManager
 0001:00019688       IdHTTP.TIdCustomHTTP.SetCookies
 0001:0001B1EC       IdHTTP.TIdCustomHTTP.SetHost
 0001:00019744       IdHTTP.TIdCustomHTTP.SetHostAndPort
 0001:0001B21C       IdHTTP.TIdCustomHTTP.SetPort
 0001:0001B288       IdHTTP.TIdCustomHTTP.SetRequestHeaders
 0001:0001B67C       IdHTTP.TIdHTTPProtocol.BuildAndSendRequest
 0001:0001B5B4       IdHTTP.TIdHTTPProtocol.Create
 0001:0001B634       IdHTTP.TIdHTTPProtocol.Destroy
 0001:0001BD24       IdHTTP.TIdHTTPProtocol.ProcessResponse
 0001:0001BA70       IdHTTP.TIdHTTPProtocol.RetrieveHeaders
 0001:0001B558       IdHTTP.TIdHTTPRequest.Create
 0001:0001B2AC       IdHTTP.TIdHTTPResponse.Create
 0001:0001B2FC       IdHTTP.TIdHTTPResponse.GetKeepAlive
 0001:0001B49C       IdHTTP.TIdHTTPResponse.GetResponseCode
 0001:000166A8       IdHTTPHeaderInfo..TIdEntityHeaderInfo
 0001:000169BC       IdHTTPHeaderInfo..TIdProxyConnectionInfo
 0001:00016B54       IdHTTPHeaderInfo..TIdRequestHeaderInfo
 0001:00016E30       IdHTTPHeaderInfo..TIdResponseHeaderInfo
 0001:00017090       IdHTTPHeaderInfo.TIdEntityHeaderInfo.AssignTo
 0001:00017184       IdHTTPHeaderInfo.TIdEntityHeaderInfo.Clear
 0001:00016FCC       IdHTTPHeaderInfo.TIdEntityHeaderInfo.Create
 0001:00017048       IdHTTPHeaderInfo.TIdEntityHeaderInfo.Destroy
 0001:0001720C       IdHTTPHeaderInfo.TIdEntityHeaderInfo.ProcessHeaders
 0001:00018988       IdHTTPHeaderInfo.TIdEntityHeaderInfo.SetContentLength
 0001:00018968       IdHTTPHeaderInfo.TIdEntityHeaderInfo.SetCustomHeaders
 0001:00017534       IdHTTPHeaderInfo.TIdEntityHeaderInfo.SetHeaders
 0001:00017990       IdHTTPHeaderInfo.TIdProxyConnectionInfo.AssignTo
 0001:00017A1C       IdHTTPHeaderInfo.TIdProxyConnectionInfo.Clear
 0001:000178FC       IdHTTPHeaderInfo.TIdProxyConnectionInfo.Create
 0001:00017948       IdHTTPHeaderInfo.TIdProxyConnectionInfo.Destroy
 0001:00017A50       IdHTTPHeaderInfo.TIdProxyConnectionInfo.SetHeaders
 0001:00017BAC       IdHTTPHeaderInfo.TIdProxyConnectionInfo.SetProxyPort
 0001:00017BDC       IdHTTPHeaderInfo.TIdProxyConnectionInfo.SetProxyServer
 0001:00017EAC       IdHTTPHeaderInfo.TIdRequestHeaderInfo.AssignTo
 0001:00017F98       IdHTTPHeaderInfo.TIdRequestHeaderInfo.Clear
 0001:00018570       IdHTTPHeaderInfo.TIdRequestHeaderInfo.Destroy
 0001:00017C18       IdHTTPHeaderInfo.TIdRequestHeaderInfo.ProcessHeaders
 0001:00018024       IdHTTPHeaderInfo.TIdRequestHeaderInfo.SetHeaders
 0001:000188F4       IdHTTPHeaderInfo.TIdResponseHeaderInfo.Clear
 0001:000185B0       IdHTTPHeaderInfo.TIdResponseHeaderInfo.Create
 0001:0001863C       IdHTTPHeaderInfo.TIdResponseHeaderInfo.Destroy
 0001:000186C4       IdHTTPHeaderInfo.TIdResponseHeaderInfo.ProcessHeaders
 0001:00018684       IdHTTPHeaderInfo.TIdResponseHeaderInfo.SetProxyAuthenticate
 0001:000186A4       IdHTTPHeaderInfo.TIdResponseHeaderInfo.SetWWWAuthenticate
 0001:0000A27C       IdIntercept..TIdConnectionIntercept
 0001:0000A428       IdIntercept.TIdConnectionIntercept.Connect
 0001:0000A464       IdIntercept.TIdConnectionIntercept.Create
 0001:0000A3F4       IdIntercept.TIdConnectionIntercept.Disconnect
 0001:0000A578       IdIntercept.TIdConnectionIntercept.NestedConnect
 0001:0000A5A0       IdIntercept.TIdConnectionIntercept.NestedDisconnect
 0001:0000A5C0       IdIntercept.TIdConnectionIntercept.NestedReceive
 0001:0000A5E8       IdIntercept.TIdConnectionIntercept.NestedSend
 0001:0000A53C       IdIntercept.TIdConnectionIntercept.Notification
 0001:0000A4B4       IdIntercept.TIdConnectionIntercept.Receive
 0001:0000A4F8       IdIntercept.TIdConnectionIntercept.Send
 0001:00008378       IdIOHandler..TIdIOHandler
 0001:000084C4       IdIOHandler.TIdIOHandler.AfterAccept
 0001:0000845C       IdIOHandler.TIdIOHandler.Close
 0001:00008470       IdIOHandler.TIdIOHandler.ConnectClient
 0001:000084E4       IdIOHandler.TIdIOHandler.Connected
 0001:00008488       IdIOHandler.TIdIOHandler.Destroy
 0001:000084D0       IdIOHandler.TIdIOHandler.Open
 0001:0000A74C       IdIOHandlerSocket..TIdConnectThread
 0001:0000A610       IdIOHandlerSocket..TIdIOHandlerSocket
 0001:0000A7EC       IdIOHandlerSocket.ConnectTimeout
 0003:0000063C       IdIOHandlerSocket.Options
 0001:0000AF7C       IdIOHandlerSocket.TIdConnectThread.Execute
 0001:0000A7C4       IdIOHandlerSocket.TIdIOHandlerSocket.Close
 0001:0000A9B8       IdIOHandlerSocket.TIdIOHandlerSocket.ConnectClient
 0001:0000AB9C       IdIOHandlerSocket.TIdIOHandlerSocket.Connected
 0001:0000ABCC       IdIOHandlerSocket.TIdIOHandlerSocket.Create
 0001:0000AE70       IdIOHandlerSocket.TIdIOHandlerSocket.Destroy
 0001:0000AE38       IdIOHandlerSocket.TIdIOHandlerSocket.GetSocksInfo
 0001:0000AF40       IdIOHandlerSocket.TIdIOHandlerSocket.Notification
 0001:0000AC1C       IdIOHandlerSocket.TIdIOHandlerSocket.Open
 0001:0000AC5C       IdIOHandlerSocket.TIdIOHandlerSocket.Readable
 0001:0000AC80       IdIOHandlerSocket.TIdIOHandlerSocket.Recv
 0001:0000AD10       IdIOHandlerSocket.TIdIOHandlerSocket.Send
 0001:0000AF00       IdIOHandlerSocket.TIdIOHandlerSocket.SetNagleOpt
 0001:0000ADA0       IdIOHandlerSocket.TIdIOHandlerSocket.SetSocksInfo
 0001:0000AECC       IdIOHandlerSocket.TIdIOHandlerSocket.SetUseNagle
 0001:00009CF0       IdRFCReply..TIdRFCReply
 0001:00009E0C       IdRFCReply.TIdRFCReply.AssignTo
 0001:00009E74       IdRFCReply.TIdRFCReply.Clear
 0001:00009E9C       IdRFCReply.TIdRFCReply.Create
 0001:00009F00       IdRFCReply.TIdRFCReply.Destroy
 0001:0000A144       IdRFCReply.TIdRFCReply.GetDisplayName
 0001:00009F3C       IdRFCReply.TIdRFCReply.ParseResponse
 0001:0000A070       IdRFCReply.TIdRFCReply.SetNumericCode
 0001:0000A0D8       IdRFCReply.TIdRFCReply.SetText
 0001:0000A0F8       IdRFCReply.TIdRFCReply.SetTextCode
 0001:00012204       IdServerIOHandler..TIdServerIOHandler
 0001:000122EC       IdServerIOHandler.TIdServerIOHandler.Accept
 0001:000122E0       IdServerIOHandler.TIdServerIOHandler.Init
 0001:00008728       IdSocketHandle..EIdCanNotBindPortInRange
 0001:000086C4       IdSocketHandle..EIdCouldNotBindSocket
 0001:00008790       IdSocketHandle..EIdInvalidPortRange
 0001:00008660       IdSocketHandle..EIdSocketHandleError
 0001:00008500       IdSocketHandle..TIdSocketHandle
 0001:00008C88       IdSocketHandle.CheckIsReadable
 0001:00008B88       IdSocketHandle.TIdSocketHandle.Accept
 0001:000087F0       IdSocketHandle.TIdSocketHandle.AllocateSocket
 0001:00008E00       IdSocketHandle.TIdSocketHandle.Assign
 0001:00008A20       IdSocketHandle.TIdSocketHandle.Bind
 0001:00008F94       IdSocketHandle.TIdSocketHandle.BindPortReserved
 0001:00008840       IdSocketHandle.TIdSocketHandle.CloseSocket
 0001:0000888C       IdSocketHandle.TIdSocketHandle.Connect
 0001:00008C14       IdSocketHandle.TIdSocketHandle.Create
 0001:000088E0       IdSocketHandle.TIdSocketHandle.Destroy
 0001:00008D74       IdSocketHandle.TIdSocketHandle.Readable
 0001:0000891C       IdSocketHandle.TIdSocketHandle.Recv
 0001:000089DC       IdSocketHandle.TIdSocketHandle.RecvFrom
 0001:00008EE0       IdSocketHandle.TIdSocketHandle.Reset
 0001:00008958       IdSocketHandle.TIdSocketHandle.Send
 0001:00008B5C       IdSocketHandle.TIdSocketHandle.SetPeer
 0001:00008994       IdSocketHandle.TIdSocketHandle.SetSockOpt
 0001:00008F30       IdSocketHandle.TIdSocketHandle.TryBind
 0001:00008E78       IdSocketHandle.TIdSocketHandle.UpdateBindingLocal
 0001:00008EAC       IdSocketHandle.TIdSocketHandle.UpdateBindingPeer
 0001:0000908C       IdSocks..TIdSocksInfo
 0001:0000923C       IdSocks.TIdSocksInfo.AssignTo
 0001:000092C4       IdSocks.TIdSocksInfo.Create
 0001:00009324       IdSocks.TIdSocksInfo.MakeSocks4Connection
 0001:00009598       IdSocks.TIdSocksInfo.MakeSocks5Connection
 0001:00009CB0       IdSocks.TIdSocksInfo.MakeSocksConnection
 0004:000002B4       IdSSLOpenSSL..22
 0001:00014008       IdSSLOpenSSL..EIdOpenSSLError
 0001:00014064       IdSSLOpenSSL..EIdOpenSSLLoadError
 0001:00014458       IdSSLOpenSSL..EIdOSSLAcceptError
 0001:000144B8       IdSSLOpenSSL..EIdOSSLConnectError
 0001:000140C4       IdSSLOpenSSL..EIdOSSLCouldNotLoadSSLLibrary
 0001:000141F4       IdSSLOpenSSL..EIdOSSLCreatingContextError
 0001:000143F4       IdSSLOpenSSL..EIdOSSLDataBindingError
 0001:00014190       IdSSLOpenSSL..EIdOSSLGetMethodError
 0001:000142C4       IdSSLOpenSSL..EIdOSSLLoadingCertError
 0001:00014328       IdSSLOpenSSL..EIdOSSLLoadingKeyError
 0001:0001425C       IdSSLOpenSSL..EIdOSSLLoadingRootCertError
 0001:00014130       IdSSLOpenSSL..EIdOSSLModeNotSet
 0001:0001438C       IdSSLOpenSSL..EIdOSSLSettingCipherError
 0001:00013DA8       IdSSLOpenSSL..TIdServerIOHandlerSSL
 0001:00013FAC       IdSSLOpenSSL..TIdSSLCipher
 0001:00013B14       IdSSLOpenSSL..TIdSSLContext
 0001:00013BFC       IdSSLOpenSSL..TIdSSLIOHandlerSocket
 0001:0001390C       IdSSLOpenSSL..TIdSSLOptions
 0001:00013BA0       IdSSLOpenSSL..TIdSSLSocket
 0001:00013F2C       IdSSLOpenSSL..TIdX509
 0004:000002C4       IdSSLOpenSSL.CallbackLockList
 0003:000007E4       IdSSLOpenSSL.DLLLoadCount
 0001:00016670       IdSSLOpenSSL.Finalization
 0002:00000308       IdSSLOpenSSL.IdSSLOpenSSL
 0001:00014640       IdSSLOpenSSL.InfoCallback
 0001:0001485C       IdSSLOpenSSL.LoadOpenSLLibrary
 0004:000002B8       IdSSLOpenSSL.LockInfoCB
 0004:000002BC       IdSSLOpenSSL.LockPassCB
 0004:000002C0       IdSSLOpenSSL.LockVerifyCB
 0001:00014518       IdSSLOpenSSL.PasswordCallback
 0001:000147C4       IdSSLOpenSSL.PrepareOpenSSLLocking
 0001:00014758       IdSSLOpenSSL.SslLockingCallback
 0001:00014DDC       IdSSLOpenSSL.TIdServerIOHandlerSSL.Accept
 0001:00014C10       IdSSLOpenSSL.TIdServerIOHandlerSSL.Create
 0001:00014C70       IdSSLOpenSSL.TIdServerIOHandlerSSL.Destroy
 0001:00014EE4       IdSSLOpenSSL.TIdServerIOHandlerSSL.DoGetPassword
 0001:00014E88       IdSSLOpenSSL.TIdServerIOHandlerSSL.DoStatusInfo
 0001:00014F18       IdSSLOpenSSL.TIdServerIOHandlerSSL.DoVerifyPeer
 0001:00014CC0       IdSSLOpenSSL.TIdServerIOHandlerSSL.Init
 0001:000164FC       IdSSLOpenSSL.TIdSSLCipher.Create
 0001:0001654C       IdSSLOpenSSL.TIdSSLCipher.Destroy
 0001:00016600       IdSSLOpenSSL.TIdSSLCipher.GetBits
 0001:00016580       IdSSLOpenSSL.TIdSSLCipher.GetDescription
 0001:000165C8       IdSSLOpenSSL.TIdSSLCipher.GetName
 0001:00016638       IdSSLOpenSSL.TIdSSLCipher.GetVersion
 0001:000155B0       IdSSLOpenSSL.TIdSSLContext.Create
 0001:0001567C       IdSSLOpenSSL.TIdSSLContext.Destroy
 0001:000156B8       IdSSLOpenSSL.TIdSSLContext.DestroyContext
 0001:000156E4       IdSSLOpenSSL.TIdSSLContext.InitContext
 0001:00015CC4       IdSSLOpenSSL.TIdSSLContext.LoadCert
 0001:00015D1C       IdSSLOpenSSL.TIdSSLContext.LoadKey
 0001:00015C6C       IdSSLOpenSSL.TIdSSLContext.LoadRootCert
 0001:00015A68       IdSSLOpenSSL.TIdSSLContext.SetSSLMethod
 0001:000159E8       IdSSLOpenSSL.TIdSSLContext.SetVerifyMode
 0001:000152A0       IdSSLOpenSSL.TIdSSLIOHandlerSocket.AfterAccept
 0001:000150CC       IdSSLOpenSSL.TIdSSLIOHandlerSocket.Close
 0001:00015028       IdSSLOpenSSL.TIdSSLIOHandlerSocket.ConnectClient
 0001:00014F54       IdSSLOpenSSL.TIdSSLIOHandlerSocket.Create
 0001:00014FC4       IdSSLOpenSSL.TIdSSLIOHandlerSocket.Destroy
 0001:0001557C       IdSSLOpenSSL.TIdSSLIOHandlerSocket.DoBeforeConnect
 0001:000154A8       IdSSLOpenSSL.TIdSSLIOHandlerSocket.DoGetPassword
 0001:00015444       IdSSLOpenSSL.TIdSSLIOHandlerSocket.DoStatusInfo
 0001:000154DC       IdSSLOpenSSL.TIdSSLIOHandlerSocket.DoVerifyPeer
 0001:00015308       IdSSLOpenSSL.TIdSSLIOHandlerSocket.Init
 0001:00015104       IdSSLOpenSSL.TIdSSLIOHandlerSocket.Open
 0001:00015518       IdSSLOpenSSL.TIdSSLIOHandlerSocket.OpenEncodedConnection
 0001:00015118       IdSSLOpenSSL.TIdSSLIOHandlerSocket.Recv
 0001:00015240       IdSSLOpenSSL.TIdSSLIOHandlerSocket.RecvEnc
 0001:00015160       IdSSLOpenSSL.TIdSSLIOHandlerSocket.Send
 0001:00015270       IdSSLOpenSSL.TIdSSLIOHandlerSocket.SendEnc
 0001:000151A8       IdSSLOpenSSL.TIdSSLIOHandlerSocket.SetPassThrough
 0001:00014B58       IdSSLOpenSSL.TIdSSLOptions.AssignTo
 0001:00015EF0       IdSSLOpenSSL.TIdSSLSocket.Accept
 0001:00016110       IdSSLOpenSSL.TIdSSLSocket.Connect
 0001:00015D94       IdSSLOpenSSL.TIdSSLSocket.Create
 0001:00015DEC       IdSSLOpenSSL.TIdSSLSocket.Destroy
 0001:000163FC       IdSSLOpenSSL.TIdSSLSocket.GetSSLCipher
 0001:00015E64       IdSSLOpenSSL.TIdSSLSocket.GetSSLError
 0001:00016324       IdSSLOpenSSL.TIdSSLSocket.Recv
 0001:00016390       IdSSLOpenSSL.TIdSSLSocket.Send
 0001:0001643C       IdSSLOpenSSL.TIdX509.Create
 0001:0001649C       IdSSLOpenSSL.TIdX509.Destroy
 0001:000149AC       IdSSLOpenSSL.TranslateInternalVerifyToSLL
 0001:000148FC       IdSSLOpenSSL.UnLoadOpenSLLibrary
 0001:000149E0       IdSSLOpenSSL.VerifyCallback
 0001:00014848       IdSSLOpenSSL._GetThreadID
 0004:000002B0       IdSSLOpenSSLHeaders..1
 0001:0001370C       IdSSLOpenSSLHeaders.Finalization
 0003:000007D8       IdSSLOpenSSLHeaders.hIdCrypto
 0003:000007DC       IdSSLOpenSSLHeaders.hIdIndySSL
 0003:000007D4       IdSSLOpenSSLHeaders.hIdSSL
 0003:000007A4       IdSSLOpenSSLHeaders.IdDES_ecb_encrypt
 0003:000007A0       IdSSLOpenSSLHeaders.IdDES_set_key
 0003:0000079C       IdSSLOpenSSLHeaders.IdDES_set_odd_parity
 0003:000006DC       IdSSLOpenSSLHeaders.IdSslAccept
 0003:0000073C       IdSSLOpenSSLHeaders.IdSslAddSslAlgorithms
 0003:000007C0       IdSSLOpenSSLHeaders.IdSSLCipherDescription
 0003:000007D0       IdSSLOpenSSLHeaders.IdSSLCipherGetBits
 0003:000007C8       IdSSLOpenSSLHeaders.IdSSLCipherGetName
 0003:000007CC       IdSSLOpenSSLHeaders.IdSSLCipherGetVersion
 0003:000006E0       IdSSLOpenSSLHeaders.IdSslConnect
 0003:00000790       IdSSLOpenSSLHeaders.IdSslCryptoNumLocks
 0003:000006D0       IdSSLOpenSSLHeaders.IdSslCtxCheckPrivateKeyFile
 0003:000006A0       IdSSLOpenSSLHeaders.IdSslCtxFree
 0003:000006C4       IdSSLOpenSSLHeaders.IdSslCtxGetVerifyDepth
 0003:00000750       IdSSLOpenSSLHeaders.IdSslCtxGetVersion
 0003:00000734       IdSSLOpenSSLHeaders.IdSslCtxLoadVerifyLocations
 0003:0000069C       IdSSLOpenSSLHeaders.IdSslCtxNew
 0003:00000698       IdSSLOpenSSLHeaders.IdSslCtxSetCipherList
 0003:000007B4       IdSSLOpenSSLHeaders.IdSSLCtxSetClientCAList
 0003:000006C8       IdSSLOpenSSLHeaders.IdSslCtxSetDefaultPasswdCb
 0003:000006CC       IdSSLOpenSSLHeaders.IdSslCtxSetDefaultPasswdCbUserdata
 0003:000007B8       IdSSLOpenSSLHeaders.IdSSLCtxSetDefaultVerifyPaths
 0003:00000740       IdSSLOpenSSLHeaders.IdSslCtxSetInfoCallback
 0003:00000754       IdSSLOpenSSLHeaders.IdSslCtxSetOptions
 0003:000007BC       IdSSLOpenSSLHeaders.IdSSLCtxSetSessionIdContext
 0003:000006BC       IdSSLOpenSSLHeaders.IdSslCtxSetVerify
 0003:000006C0       IdSSLOpenSSLHeaders.IdSslCtxSetVerifyDepth
 0003:000006AC       IdSSLOpenSSLHeaders.IdSslCtxUseCertificateFile
 0003:000006A8       IdSSLOpenSSLHeaders.IdSslCtxUsePrivateKeyFile
 0003:00000774       IdSSLOpenSSLHeaders.IdSslEvpMd5
 0003:000006D8       IdSSLOpenSSLHeaders.IdSslFree
 0001:000136D4       IdSSLOpenSSLHeaders.IdSslGetAppData
 0003:000007C4       IdSSLOpenSSLHeaders.IdSSLGetCurrentCipher
 0003:000006F0       IdSSLOpenSSLHeaders.IdSslGetError
 0003:000006B8       IdSSLOpenSSLHeaders.IdSslGetPeerCertificate
 0003:00000738       IdSSLOpenSSLHeaders.IdSslGetSession
 0003:000007B0       IdSSLOpenSSLHeaders.IdSSLLoadClientCAFile
 0003:000006B0       IdSSLOpenSSLHeaders.IdSslLoadErrorStrings
 0003:00000720       IdSSLOpenSSLHeaders.IdSslMethodClientTLSV1
 0003:000006FC       IdSSLOpenSSLHeaders.IdSslMethodClientV2
 0003:00000714       IdSSLOpenSSLHeaders.IdSslMethodClientV23
 0003:00000708       IdSSLOpenSSLHeaders.IdSslMethodClientV3
 0003:0000071C       IdSSLOpenSSLHeaders.IdSslMethodServerTLSV1
 0003:000006F8       IdSSLOpenSSLHeaders.IdSslMethodServerV2
 0003:00000710       IdSSLOpenSSLHeaders.IdSslMethodServerV23
 0003:00000704       IdSSLOpenSSLHeaders.IdSslMethodServerV3
 0003:00000718       IdSSLOpenSSLHeaders.IdSslMethodTLSV1
 0003:000006F4       IdSSLOpenSSLHeaders.IdSslMethodV2
 0003:0000070C       IdSSLOpenSSLHeaders.IdSslMethodV23
 0003:00000700       IdSSLOpenSSLHeaders.IdSslMethodV3
 0003:000006D4       IdSSLOpenSSLHeaders.IdSslNew
 0002:000002FC       IdSSLOpenSSLHeaders.IdSSLOpenSSLHeaders
 0003:000006E8       IdSSLOpenSSLHeaders.IdSslPeek
 0003:000007E0       IdSSLOpenSSLHeaders.IdSslRandScreen
 0003:000006E4       IdSSLOpenSSLHeaders.IdSslRead
 0003:00000748       IdSSLOpenSSLHeaders.IdSslSessionGetId
 0003:0000074C       IdSSLOpenSSLHeaders.IdSslSessionGetIdCtx
 0003:0000072C       IdSSLOpenSSLHeaders.IdSslSetAcceptState
 0001:000136A8       IdSSLOpenSSLHeaders.IdSslSetAppData
 0003:00000728       IdSSLOpenSSLHeaders.IdSslSetConnectState
 0003:000006A4       IdSSLOpenSSLHeaders.IdSslSetFd
 0003:00000798       IdSSLOpenSSLHeaders.IdSslSetIdCallback
 0003:00000794       IdSSLOpenSSLHeaders.IdSslSetLockingCallback
 0003:00000730       IdSSLOpenSSLHeaders.IdSslSetShutdown
 0003:00000724       IdSSLOpenSSLHeaders.IdSslShutdown
 0003:000006B4       IdSSLOpenSSLHeaders.IdSslStateStringLong
 0003:000006EC       IdSSLOpenSSLHeaders.IdSslWrite
 0003:00000770       IdSSLOpenSSLHeaders.IdSslX509Digest
 0003:00000764       IdSSLOpenSSLHeaders.IdSslX509GetIssuerName
 0003:0000077C       IdSSLOpenSSLHeaders.IdSslX509GetNotAfter
 0003:00000778       IdSSLOpenSSLHeaders.IdSslX509GetNotBefore
 0003:0000076C       IdSSLOpenSSLHeaders.IdSslX509GetSubjectName
 0003:0000075C       IdSSLOpenSSLHeaders.IdSslX509NameHash
 0003:00000758       IdSSLOpenSSLHeaders.IdSslX509NameOneline
 0003:00000760       IdSSLOpenSSLHeaders.IdSslX509SetIssuerName
 0003:00000768       IdSSLOpenSSLHeaders.IdSslX509SetSubjectName
 0003:00000744       IdSSLOpenSSLHeaders.IdSslX509StoreCtxGetAppData
 0003:0000078C       IdSSLOpenSSLHeaders.IdSslX509StoreCtxGetCurrentCert
 0003:00000780       IdSSLOpenSSLHeaders.IdSslX509StoreCtxGetError
 0003:00000788       IdSSLOpenSSLHeaders.IdSslX509StoreCtxGetErrorDepth
 0003:00000784       IdSSLOpenSSLHeaders.IdSslX509StoreCtxSetError
 0003:000007AC       IdSSLOpenSSLHeaders.IdSSL_get_ex_data
 0003:000007A8       IdSSLOpenSSLHeaders.IdSSL_set_ex_data
 0001:000136F8       IdSSLOpenSSLHeaders.InitializeRandom
 0001:00012440       IdSSLOpenSSLHeaders.Load
 0001:00012308       IdSSLOpenSSLHeaders.LoadFunction
 0001:000123CC       IdSSLOpenSSLHeaders.LoadFunctionCLib
 0001:0001237C       IdSSLOpenSSLHeaders.LoadIndyFunction
 0001:00013650       IdSSLOpenSSLHeaders.Unload
 0001:00003A4C       IdStack..EIdInvalidIPAddress
 0001:00003920       IdStack..EIdStackError
 0001:0000397C       IdStack..EIdStackInitializationFailed
 0001:000039E8       IdStack..EIdStackSetSizeExceeded
 0001:000037C8       IdStack..TIdSocketList
 0001:00003834       IdStack..TIdStack
 0001:00004150       IdStack.ByteIsOk
 0003:0000056C       IdStack.GServeFileProc
 0004:000001F4       IdStack.GSocketListClass
 0003:00000564       IdStack.GStack
 0003:00000568       IdStack.GStackClass
 0001:0000422C       IdStack.LongIsOk
 0001:00003AD4       IdStack.TIdStack.CheckForSocketError
 0001:00003AAC       IdStack.TIdStack.CheckForSocketError
 0001:00003C34       IdStack.TIdStack.Create
 0001:00003B44       IdStack.TIdStack.CreateSocketHandle
 0001:00003C6C       IdStack.TIdStack.CreateStack
 0001:000045C4       IdStack.TIdStack.Destroy
 0001:00004288       IdStack.TIdStack.GetIPInfo
 0001:00004548       IdStack.TIdStack.GetIPType
 0001:0000459C       IdStack.TIdStack.IPIsType
 0001:00004574       IdStack.TIdStack.IsIP
 0001:00003BCC       IdStack.TIdStack.RaiseSocketError
 0001:00003C8C       IdStack.TIdStack.ResolveHost
 0001:00004600       IdStack.TIdStack.StringToTInAddr
 0001:00003D14       IdStack.TIdStack.WSTranslateSocketErrorMsg
 0001:000041E4       IdStack.TwentyFourBitValueIsOk
 0001:00004198       IdStack.WordIsOk
 0004:000001F8       IdStackWindows..3
 0001:0000465C       IdStackWindows..TIdSocketListWindows
 0001:000046D0       IdStackWindows..TIdStackWindows
 0001:00005A24       IdStackWindows.Finalization
 0001:00004D48       IdStackWindows.GetFDSet
 0003:00000570       IdStackWindows.GStarted
 0002:00000118       IdStackWindows.IdStackWindows
 0001:000054B0       IdStackWindows.ServeFile
 0001:00004DA4       IdStackWindows.SetFDSet
 0001:000057DC       IdStackWindows.TIdSocketListWindows.Add
 0001:0000585C       IdStackWindows.TIdSocketListWindows.Count
 0001:00005878       IdStackWindows.TIdSocketListWindows.GetItem
 0001:000058FC       IdStackWindows.TIdSocketListWindows.Remove
 0001:000047B0       IdStackWindows.TIdStackWindows.Create
 0001:00004878       IdStackWindows.TIdStackWindows.Destroy
 0001:000053C4       IdStackWindows.TIdStackWindows.PopulateLocalAddresses
 0001:000048AC       IdStackWindows.TIdStackWindows.TInAddrToString
 0001:00005578       IdStackWindows.TIdStackWindows.TranslateStringToTInAddr
 0001:0000496C       IdStackWindows.TIdStackWindows.WSAccept
 0001:00004A04       IdStackWindows.TIdStackWindows.WSBind
 0001:00004A84       IdStackWindows.TIdStackWindows.WSCloseSocket
 0001:00004AA8       IdStackWindows.TIdStackWindows.WSConnect
 0001:00004B80       IdStackWindows.TIdStackWindows.WSGetHostByAddr
 0001:00004B04       IdStackWindows.TIdStackWindows.WSGetHostByName
 0001:00004BDC       IdStackWindows.TIdStackWindows.WSGetHostName
 0001:0000509C       IdStackWindows.TIdStackWindows.WSGetLastError
 0001:0000548C       IdStackWindows.TIdStackWindows.WSGetLocalAddress
 0001:00005060       IdStackWindows.TIdStackWindows.WSGetLocalAddresses
 0001:00005654       IdStackWindows.TIdStackWindows.WSGetPeerName
 0001:00005138       IdStackWindows.TIdStackWindows.WSGetServByName
 0001:0000524C       IdStackWindows.TIdStackWindows.WSGetServByPort
 0001:000056FC       IdStackWindows.TIdStackWindows.WSGetSockName
 0001:000057A4       IdStackWindows.TIdStackWindows.WSGetSockOpt
 0001:0000537C       IdStackWindows.TIdStackWindows.WSHToNL
 0001:000050E8       IdStackWindows.TIdStackWindows.WSHToNs
 0001:00004C44       IdStackWindows.TIdStackWindows.WSListen
 0001:000053A0       IdStackWindows.TIdStackWindows.WSNToHL
 0001:00005110       IdStackWindows.TIdStackWindows.WSNToHs
 0001:00004C70       IdStackWindows.TIdStackWindows.WSRecv
 0001:00004CA4       IdStackWindows.TIdStackWindows.WSRecvFrom
 0001:00004E54       IdStackWindows.TIdStackWindows.WSSelect
 0001:00004F7C       IdStackWindows.TIdStackWindows.WSSend
 0001:00004FB0       IdStackWindows.TIdStackWindows.WSSendTo
 0001:00005028       IdStackWindows.TIdStackWindows.WSSetSockOpt
 0001:00005628       IdStackWindows.TIdStackWindows.WSShutdown
 0001:000050B8       IdStackWindows.TIdStackWindows.WSSocket
 0001:00005968       IdStackWindows.TIdStackWindows.WSTranslateSocketErrorMsg
 0001:0000D58C       IdTCPClient..TIdTCPClient
 0001:0000D780       IdTCPClient.TIdTCPClient.Connect
 0001:0000D904       IdTCPClient.TIdTCPClient.ConnectAndGetAll
 0001:0000D958       IdTCPClient.TIdTCPClient.Create
 0001:0000D9AC       IdTCPClient.TIdTCPClient.Destroy
 0001:0000D9E0       IdTCPClient.TIdTCPClient.DoOnConnected
 0001:0000DA0C       IdTCPClient.TIdTCPClient.SetHost
 0001:0000DA2C       IdTCPClient.TIdTCPClient.SetPort
 0001:0000B600       IdTCPConnection..EIdFileNotFound
 0001:0000B4E4       IdTCPConnection..EIdIOHandlerPropInvalid
 0001:0000B548       IdTCPConnection..EIdNoDataToRead
 0001:0000B5A4       IdTCPConnection..EIdNotConnected
 0001:0000B47C       IdTCPConnection..EIdNotEnoughDataInBuffer
 0001:0000B418       IdTCPConnection..EIdTCPConnectionError
 0001:0000B0AC       IdTCPConnection..TIdManagedBuffer
 0001:0000B028       IdTCPConnection..TIdSimpleBuffer
 0001:0000B134       IdTCPConnection..TIdTCPConnection
 0001:0000C2B0       IdTCPConnection.AdjustStreamSize
 0001:0000D2C8       IdTCPConnection.TIdManagedBuffer.Clear
 0001:0000D2E4       IdTCPConnection.TIdManagedBuffer.Create
 0001:0000D338       IdTCPConnection.TIdManagedBuffer.Extract
 0001:0000D3E0       IdTCPConnection.TIdManagedBuffer.Memory
 0001:0000D400       IdTCPConnection.TIdManagedBuffer.PackBuffer
 0001:0000D450       IdTCPConnection.TIdManagedBuffer.Remove
 0001:0000D534       IdTCPConnection.TIdManagedBuffer.Seek
 0001:0000CEDC       IdTCPConnection.TIdSimpleBuffer.Create
 0001:0000CF30       IdTCPConnection.TIdSimpleBuffer.Extract
 0001:0000CFD4       IdTCPConnection.TIdSimpleBuffer.Remove
 0001:0000B65C       IdTCPConnection.TIdTCPConnection.AllData
 0001:0000D2A4       IdTCPConnection.TIdTCPConnection.BufferRemoveNotify
 0001:0000B708       IdTCPConnection.TIdTCPConnection.CheckForDisconnect
 0001:0000CEB8       IdTCPConnection.TIdTCPConnection.CheckForGracefulDisconnect
 0001:0000D0D8       IdTCPConnection.TIdTCPConnection.CheckResponse
 0001:0000CEA0       IdTCPConnection.TIdTCPConnection.ClearWriteBuffer
 0001:0000CDA0       IdTCPConnection.TIdTCPConnection.CloseWriteBuffer
 0001:0000B7EC       IdTCPConnection.TIdTCPConnection.Connected
 0001:0000B82C       IdTCPConnection.TIdTCPConnection.Create
 0001:0000B904       IdTCPConnection.TIdTCPConnection.CurrentReadBuffer
 0001:0000B954       IdTCPConnection.TIdTCPConnection.Destroy
 0001:0000B9C8       IdTCPConnection.TIdTCPConnection.Disconnect
 0001:0000CD2C       IdTCPConnection.TIdTCPConnection.DisconnectSocket
 0001:0000BA24       IdTCPConnection.TIdTCPConnection.DoOnDisconnected
 0001:0000CDE8       IdTCPConnection.TIdTCPConnection.FlushWriteBuffer
 0001:0000D144       IdTCPConnection.TIdTCPConnection.GetInternalResponse
 0001:0000BA50       IdTCPConnection.TIdTCPConnection.GetResponse
 0001:0000C600       IdTCPConnection.TIdTCPConnection.Notification
 0001:0000CD68       IdTCPConnection.TIdTCPConnection.OpenWriteBuffer
 0001:0000BA94       IdTCPConnection.TIdTCPConnection.RaiseExceptionForLastCmdResult
 0001:0000BAFC       IdTCPConnection.TIdTCPConnection.RaiseExceptionForLastCmdResult
 0001:0000BB70       IdTCPConnection.TIdTCPConnection.ReadBuffer
 0001:0000BBF8       IdTCPConnection.TIdTCPConnection.ReadFromStack
 0001:0000BF20       IdTCPConnection.TIdTCPConnection.ReadInteger
 0001:0000BF5C       IdTCPConnection.TIdTCPConnection.ReadLn
 0001:0000C1E8       IdTCPConnection.TIdTCPConnection.ReadLnWait
 0001:0000C304       IdTCPConnection.TIdTCPConnection.ReadStream
 0001:0000C5AC       IdTCPConnection.TIdTCPConnection.ResetConnection
 0001:0000C5C8       IdTCPConnection.TIdTCPConnection.SendCmd
 0001:0000C658       IdTCPConnection.TIdTCPConnection.SetIntercept
 0001:0000C688       IdTCPConnection.TIdTCPConnection.SetIOHandler
 0001:0000C71C       IdTCPConnection.TIdTCPConnection.Write
 0001:0000C760       IdTCPConnection.TIdTCPConnection.WriteBuffer
 0001:0000C9A8       IdTCPConnection.TIdTCPConnection.WriteFile
 0001:0000CAEC       IdTCPConnection.TIdTCPConnection.WriteInteger
 0001:0000CB2C       IdTCPConnection.TIdTCPConnection.WriteLn
 0001:0000CB94       IdTCPConnection.TIdTCPConnection.WriteStream
 0004:000002A4       IdThread..5
 0001:000121CC       IdThread.Finalization
 0004:000002AC       IdThread.GThreadCount
 0004:000002A8       IdThread.GThreadLock
 0002:000002F0       IdThread.IdThread
 0001:00012178       IdThread.WaitAllTerminated
 0001:00001D40       IdURI..EIdURIException
 0001:00001C8C       IdURI..TIdURI
 0001:00001D9C       IdURI.TIdURI.Create
 0001:000023D0       IdURI.TIdURI.GetFullURI
 0001:00002358       IdURI.TIdURI.GetURI
 0001:00001E08       IdURI.TIdURI.NormalizePath
 0001:00001E7C       IdURI.TIdURI.SetURI
 0004:000001EC       IdWinSock2..2
 0001:00002620       IdWinSock2..EIdWS2StubError
 0004:00000010       IdWinSock2.accept
 0004:000001C0       IdWinSock2.AcceptEx
 0004:00000014       IdWinSock2.bind
 0004:00000018       IdWinSock2.closesocket
 0004:0000001C       IdWinSock2.connect
 0001:00002698       IdWinSock2.EIdWS2StubError.Build
 0001:00003790       IdWinSock2.Finalization
 0004:000001C4       IdWinSock2.GetAcceptExSockaddrs
 0004:0000006C       IdWinSock2.gethostbyaddr
 0004:00000070       IdWinSock2.gethostbyname
 0004:00000074       IdWinSock2.gethostname
 0004:00000024       IdWinSock2.getpeername
 0004:00000084       IdWinSock2.getprotobyname
 0004:00000080       IdWinSock2.getprotobynumber
 0004:0000007C       IdWinSock2.getservbyname
 0004:00000078       IdWinSock2.getservbyport
 0004:00000028       IdWinSock2.getsockname
 0004:0000002C       IdWinSock2.getsockopt
 0004:00000030       IdWinSock2.htonl
 0004:00000034       IdWinSock2.htons
 0003:00000020       IdWinSock2.hWS2Dll
 0002:000000D4       IdWinSock2.IdWinSock2
 0004:000001CC       IdWinSock2.in6addr_any
 0001:00003754       IdWinSock2.IN6ADDR_ANY_INIT
 0004:000001DC       IdWinSock2.in6addr_loopback
 0001:00003770       IdWinSock2.IN6ADDR_LOOPBACK_INIT
 0004:00000038       IdWinSock2.inet_addr
 0004:0000003C       IdWinSock2.inet_ntoa
 0004:00000020       IdWinSock2.ioctlsocket
 0004:00000040       IdWinSock2.listen
 0004:00000044       IdWinSock2.ntohl
 0004:00000048       IdWinSock2.ntohs
 0004:0000004C       IdWinSock2.recv
 0004:00000050       IdWinSock2.recvfrom
 0004:00000054       IdWinSock2.select
 0004:00000058       IdWinSock2.send
 0004:0000005C       IdWinSock2.sendto
 0004:00000060       IdWinSock2.setsockopt
 0004:00000064       IdWinSock2.shutdown
 0004:00000068       IdWinSock2.socket
 0004:000001BC       IdWinSock2.TransmitFile
 0001:00003544       IdWinSock2.WS2Call
 0001:0000360C       IdWinSock2.WS2StubInit
 0003:00000024       IdWinSock2.WS2StubTable
 0001:000027C4       IdWinSock2.WS2Stub_accept
 0001:00002E84       IdWinSock2.WS2Stub_AcceptEx
 0001:000027D4       IdWinSock2.WS2Stub_bind
 0001:000027E4       IdWinSock2.WS2Stub_closesocket
 0001:000027F4       IdWinSock2.WS2Stub_connect
 0001:00002E94       IdWinSock2.WS2Stub_GetAcceptExSockaddrs
 0001:00002934       IdWinSock2.WS2Stub_gethostbyaddr
 0001:00002944       IdWinSock2.WS2Stub_gethostbyname
 0001:00002954       IdWinSock2.WS2Stub_gethostname
 0001:00002814       IdWinSock2.WS2Stub_getpeername
 0001:00002994       IdWinSock2.WS2Stub_getprotobyname
 0001:00002984       IdWinSock2.WS2Stub_getprotobynumber
 0001:00002974       IdWinSock2.WS2Stub_getservbyname
 0001:00002964       IdWinSock2.WS2Stub_getservbyport
 0001:00002824       IdWinSock2.WS2Stub_getsockname
 0001:00002834       IdWinSock2.WS2Stub_getsockopt
 0001:00002844       IdWinSock2.WS2Stub_htonl
 0001:00002854       IdWinSock2.WS2Stub_htons
 0001:00002864       IdWinSock2.WS2Stub_inet_addr
 0001:00002874       IdWinSock2.WS2Stub_inet_ntoa
 0001:00002804       IdWinSock2.WS2Stub_ioctlsocket
 0001:00002884       IdWinSock2.WS2Stub_listen
 0001:00002894       IdWinSock2.WS2Stub_ntohl
 0001:000028A4       IdWinSock2.WS2Stub_ntohs
 0001:000028B4       IdWinSock2.WS2Stub_recv
 0001:000028C4       IdWinSock2.WS2Stub_recvfrom
 0001:000028D4       IdWinSock2.WS2Stub_select
 0001:000028E4       IdWinSock2.WS2Stub_send
 0001:000028F4       IdWinSock2.WS2Stub_sendto
 0001:00002904       IdWinSock2.WS2Stub_setsockopt
 0001:00002914       IdWinSock2.WS2Stub_shutdown
 0001:00002924       IdWinSock2.WS2Stub_socket
 0001:00002E74       IdWinSock2.WS2Stub_TransmitFile
 0001:00002A94       IdWinSock2.WS2Stub_WSAAccept
 0001:00002DE4       IdWinSock2.WS2Stub_WSAAddressToString
 0001:00002C64       IdWinSock2.WS2Stub_WSAAddressToStringA
 0001:00002C74       IdWinSock2.WS2Stub_WSAAddressToStringW
 0001:00002A54       IdWinSock2.WS2Stub_WSAAsyncGetHostByAddr
 0001:00002A44       IdWinSock2.WS2Stub_WSAAsyncGetHostByName
 0001:00002A24       IdWinSock2.WS2Stub_WSAAsyncGetProtoByName
 0001:00002A34       IdWinSock2.WS2Stub_WSAAsyncGetProtoByNumber
 0001:00002A04       IdWinSock2.WS2Stub_WSAAsyncGetServByName
 0001:00002A14       IdWinSock2.WS2Stub_WSAAsyncGetServByPort
 0001:00002A74       IdWinSock2.WS2Stub_WSAAsyncSelect
 0001:00002A64       IdWinSock2.WS2Stub_WSACancelAsyncRequest
 0001:000029F4       IdWinSock2.WS2Stub_WSACancelBlockingCall
 0001:000027B4       IdWinSock2.WS2Stub_WSACleanup
 0001:00002AA4       IdWinSock2.WS2Stub_WSACloseEvent
 0001:00002AB4       IdWinSock2.WS2Stub_WSAConnect
 0001:00002AC4       IdWinSock2.WS2Stub_WSACreateEvent
 0001:00002DB4       IdWinSock2.WS2Stub_WSADuplicateSocket
 0001:00002AD4       IdWinSock2.WS2Stub_WSADuplicateSocketA
 0001:00002AE4       IdWinSock2.WS2Stub_WSADuplicateSocketW
 0001:00002E44       IdWinSock2.WS2Stub_WSAEnumNameSpaceProviders
 0001:00002D44       IdWinSock2.WS2Stub_WSAEnumNameSpaceProvidersA
 0001:00002D54       IdWinSock2.WS2Stub_WSAEnumNameSpaceProvidersW
 0001:00002AF4       IdWinSock2.WS2Stub_WSAEnumNetworkEvents
 0001:00002DC4       IdWinSock2.WS2Stub_WSAEnumProtocols
 0001:00002B04       IdWinSock2.WS2Stub_WSAEnumProtocolsA
 0001:00002B14       IdWinSock2.WS2Stub_WSAEnumProtocolsW
 0001:00002B24       IdWinSock2.WS2Stub_WSAEventSelect
 0001:000029B4       IdWinSock2.WS2Stub_WSAGetLastError
 0001:00002B34       IdWinSock2.WS2Stub_WSAGetOverlappedResult
 0001:00002B44       IdWinSock2.WS2Stub_WSAGetQosByName
 0001:00002E34       IdWinSock2.WS2Stub_WSAGetServiceClassInfo
 0001:00002D24       IdWinSock2.WS2Stub_WSAGetServiceClassInfoA
 0001:00002D34       IdWinSock2.WS2Stub_WSAGetServiceClassInfoW
 0001:00002E54       IdWinSock2.WS2Stub_WSAGetServiceClassNameByClassId
 0001:00002D64       IdWinSock2.WS2Stub_WSAGetServiceClassNameByClassIdA
 0001:00002D74       IdWinSock2.WS2Stub_WSAGetServiceClassNameByClassIdW
 0001:00002B54       IdWinSock2.WS2Stub_WSAHtonl
 0001:00002B64       IdWinSock2.WS2Stub_WSAHtons
 0001:00002E24       IdWinSock2.WS2Stub_WSAInstallServiceClass
 0001:00002CF4       IdWinSock2.WS2Stub_WSAInstallServiceClassA
 0001:00002D04       IdWinSock2.WS2Stub_WSAInstallServiceClassW
 0001:00002B74       IdWinSock2.WS2Stub_WSAIoctl
 0001:000029C4       IdWinSock2.WS2Stub_WSAIsBlocking
 0001:00002B84       IdWinSock2.WS2Stub_WSAJoinLeaf
 0001:00002E04       IdWinSock2.WS2Stub_WSALookupServiceBegin
 0001:00002CA4       IdWinSock2.WS2Stub_WSALookupServiceBeginA
 0001:00002CB4       IdWinSock2.WS2Stub_WSALookupServiceBeginW
 0001:00002CE4       IdWinSock2.WS2Stub_WSALookupServiceEnd
 0001:00002E14       IdWinSock2.WS2Stub_WSALookupServiceNext
 0001:00002CC4       IdWinSock2.WS2Stub_WSALookupServiceNextA
 0001:00002CD4       IdWinSock2.WS2Stub_WSALookupServiceNextW
 0001:00002B94       IdWinSock2.WS2Stub_WSANtohl
 0001:00002BA4       IdWinSock2.WS2Stub_WSANtohs
 0001:00002DA4       IdWinSock2.WS2Stub_WSAProviderConfigChange
 0001:00002BB4       IdWinSock2.WS2Stub_WSARecv
 0001:00002BC4       IdWinSock2.WS2Stub_WSARecvDisconnect
 0001:00002EA4       IdWinSock2.WS2Stub_WSARecvEx
 0001:00002BD4       IdWinSock2.WS2Stub_WSARecvFrom
 0001:00002D14       IdWinSock2.WS2Stub_WSARemoveServiceClass
 0001:00002BE4       IdWinSock2.WS2Stub_WSAResetEvent
 0001:00002BF4       IdWinSock2.WS2Stub_WSASend
 0001:00002C04       IdWinSock2.WS2Stub_WSASendDisconnect
 0001:00002C14       IdWinSock2.WS2Stub_WSASendTo
 0001:000029E4       IdWinSock2.WS2Stub_WSASetBlockingHook
 0001:00002C24       IdWinSock2.WS2Stub_WSASetEvent
 0001:000029A4       IdWinSock2.WS2Stub_WSASetLastError
 0001:00002E64       IdWinSock2.WS2Stub_WSASetService
 0001:00002D84       IdWinSock2.WS2Stub_WSASetServiceA
 0001:00002D94       IdWinSock2.WS2Stub_WSASetServiceW
 0001:00002DD4       IdWinSock2.WS2Stub_WSASocket
 0001:00002C34       IdWinSock2.WS2Stub_WSASocketA
 0001:00002C44       IdWinSock2.WS2Stub_WSASocketW
 0001:00002DF4       IdWinSock2.WS2Stub_WSAStringToAddress
 0001:00002C84       IdWinSock2.WS2Stub_WSAStringToAddressA
 0001:00002C94       IdWinSock2.WS2Stub_WSAStringToAddressW
 0001:000029D4       IdWinSock2.WS2Stub_WSAUnhookBlockingHook
 0001:00002C54       IdWinSock2.WS2Stub_WSAWaitForMultipleEvents
 0001:00002A84       IdWinSock2.WS2Stub___WSAFDIsSet
 0001:00002788       IdWinSock2.WS2Unload
 0004:000001F0       IdWinSock2.WS2_WSAStartup
 0004:000000C4       IdWinSock2.WSAAccept
 0004:0000014C       IdWinSock2.WSAAddressToString
 0004:00000144       IdWinSock2.WSAAddressToStringA
 0004:00000148       IdWinSock2.WSAAddressToStringW
 0004:000000B4       IdWinSock2.WSAAsyncGetHostByAddr
 0004:000000B0       IdWinSock2.WSAAsyncGetHostByName
 0004:000000A8       IdWinSock2.WSAAsyncGetProtoByName
 0004:000000AC       IdWinSock2.WSAAsyncGetProtoByNumber
 0004:000000A0       IdWinSock2.WSAAsyncGetServByName
 0004:000000A4       IdWinSock2.WSAAsyncGetServByPort
 0004:000000BC       IdWinSock2.WSAAsyncSelect
 0004:000000B8       IdWinSock2.WSACancelAsyncRequest
 0004:0000009C       IdWinSock2.WSACancelBlockingCall
 0004:0000000C       IdWinSock2.WSACleanup
 0004:000000C8       IdWinSock2.WSACloseEvent
 0004:000000CC       IdWinSock2.WSAConnect
 0004:000000D0       IdWinSock2.WSACreateEvent
 0004:000000DC       IdWinSock2.WSADuplicateSocket
 0004:000000D4       IdWinSock2.WSADuplicateSocketA
 0004:000000D8       IdWinSock2.WSADuplicateSocketW
 0004:0000019C       IdWinSock2.WSAEnumNameSpaceProviders
 0004:00000194       IdWinSock2.WSAEnumNameSpaceProvidersA
 0004:00000198       IdWinSock2.WSAEnumNameSpaceProvidersW
 0004:000000E0       IdWinSock2.WSAEnumNetworkEvents
 0004:000000EC       IdWinSock2.WSAEnumProtocols
 0004:000000E4       IdWinSock2.WSAEnumProtocolsA
 0004:000000E8       IdWinSock2.WSAEnumProtocolsW
 0004:000000F0       IdWinSock2.WSAEventSelect
 0004:0000008C       IdWinSock2.WSAGetLastError
 0004:000000F4       IdWinSock2.WSAGetOverlappedResult
 0004:000000F8       IdWinSock2.WSAGetQosByName
 0004:00000190       IdWinSock2.WSAGetServiceClassInfo
 0004:00000188       IdWinSock2.WSAGetServiceClassInfoA
 0004:0000018C       IdWinSock2.WSAGetServiceClassInfoW
 0004:000001A8       IdWinSock2.WSAGetServiceClassNameByClassId
 0004:000001A0       IdWinSock2.WSAGetServiceClassNameByClassIdA
 0004:000001A4       IdWinSock2.WSAGetServiceClassNameByClassIdW
 0004:000000FC       IdWinSock2.WSAHtonl
 0004:00000100       IdWinSock2.WSAHtons
 0004:00000180       IdWinSock2.WSAInstallServiceClass
 0004:00000178       IdWinSock2.WSAInstallServiceClassA
 0004:0000017C       IdWinSock2.WSAInstallServiceClassW
 0004:00000104       IdWinSock2.WSAIoctl
 0004:00000090       IdWinSock2.WSAIsBlocking
 0004:00000108       IdWinSock2.WSAJoinLeaf
 0004:00000164       IdWinSock2.WSALookupServiceBegin
 0004:0000015C       IdWinSock2.WSALookupServiceBeginA
 0004:00000160       IdWinSock2.WSALookupServiceBeginW
 0004:00000174       IdWinSock2.WSALookupServiceEnd
 0004:00000170       IdWinSock2.WSALookupServiceNext
 0004:00000168       IdWinSock2.WSALookupServiceNextA
 0004:0000016C       IdWinSock2.WSALookupServiceNextW
 0004:0000010C       IdWinSock2.WSANtohl
 0004:00000110       IdWinSock2.WSANtohs
 0004:000001B8       IdWinSock2.WSAProviderConfigChange
 0004:00000114       IdWinSock2.WSARecv
 0004:00000118       IdWinSock2.WSARecvDisconnect
 0004:000001C8       IdWinSock2.WSARecvEx
 0004:0000011C       IdWinSock2.WSARecvFrom
 0004:00000184       IdWinSock2.WSARemoveServiceClass
 0004:00000120       IdWinSock2.WSAResetEvent
 0004:00000124       IdWinSock2.WSASend
 0004:00000128       IdWinSock2.WSASendDisconnect
 0004:0000012C       IdWinSock2.WSASendTo
 0004:00000098       IdWinSock2.WSASetBlockingHook
 0004:00000130       IdWinSock2.WSASetEvent
 0004:00000088       IdWinSock2.WSASetLastError
 0004:000001B4       IdWinSock2.WSASetService
 0004:000001AC       IdWinSock2.WSASetServiceA
 0004:000001B0       IdWinSock2.WSASetServiceW
 0004:0000013C       IdWinSock2.WSASocket
 0004:00000134       IdWinSock2.WSASocketA
 0004:00000138       IdWinSock2.WSASocketW
 0001:00003648       IdWinSock2.WSAStartup
 0004:00000158       IdWinSock2.WSAStringToAddress
 0004:00000150       IdWinSock2.WSAStringToAddressA
 0004:00000154       IdWinSock2.WSAStringToAddressW
 0004:00000094       IdWinSock2.WSAUnhookBlockingHook
 0004:00000140       IdWinSock2.WSAWaitForMultipleEvents
 0004:000000C0       IdWinSock2.__WSAFDIsSet
 0001:00025B6C       MainFrm..TMianForm
 0001:0002664C       MainFrm.DecodeJSStr
 0001:000263F8       MainFrm.GetFeedbackTableName
 0004:000002CC       MainFrm.MianForm
 0004:000002D0       MainFrm.NotifyIcon
 0001:00025F5C       MainFrm.TMianForm.btnFeedbackClick
 0001:00025F7C       MainFrm.TMianForm.btnTestClick
 0001:00026520       MainFrm.TMianForm.CanOpenHYOurHome
 0001:00025E9C       MainFrm.TMianForm.FormCreate
 0001:000262C8       MainFrm.TMianForm.FormDestroy
 0001:000262F8       MainFrm.TMianForm.FormShow
 0001:0002645C       MainFrm.TMianForm.GetFeedbackRec
 0001:000267AC       MainFrm.TMianForm.GetWeather
 0001:00026C4C       MainFrm.TMianForm.IdHTTPGet
 0001:00026020       MainFrm.TMianForm.IsWorkDay
 0001:000261B0       MainFrm.TMianForm.LoadConfig
 0001:0002705C       MainFrm.TMianForm.miClose1Click
 0001:00025FF4       MainFrm.TMianForm.miShowClick
 0001:00025FFC       MainFrm.TMianForm.PressEnter
 0001:00027074       MainFrm.TMianForm.SaveConfig
 0001:000271A8       MainFrm.TMianForm.SendMsg
 0001:000273E0       MainFrm.TMianForm.SysCommand
 0001:000273FC       MainFrm.TMianForm.Timer1Timer
 0001:00027614       MainFrm.TMianForm.UpdateToNextDate
 0001:000277B0       MainFrm.TMianForm.WMNID
 0001:00000C9C       ShellAPI.Shell_NotifyIcon
 0001:0001C998       superobject..TSuperAnsiWriterStream
 0001:0001C7F4       superobject..TSuperArray
 0001:0001C624       superobject..TSuperAvlEntry
 0001:0001C790       superobject..TSuperAvlIterator
 0001:0001C69C       superobject..TSuperAvlTree
 0001:0001CC38       superobject..TSuperEnumerator
 0001:0001CFF4       superobject..TSuperObject
 0001:0001C714       superobject..TSuperTableString
 0001:0001CBC4       superobject..TSuperTokenizer
 0001:0001CA0C       superobject..TSuperUnicodeWriterStream
 0001:0001C850       superobject..TSuperWriter
 0001:0001CA84       superobject..TSuperWriterFake
 0001:0001CAF4       superobject..TSuperWriterSock
 0001:0001C928       superobject..TSuperWriterStream
 0001:0001C8B8       superobject..TSuperWriterString
 0001:00022058       superobject.CheckEnum
 0001:000221C8       superobject.CheckLength
 0001:0002243C       superobject.CheckRange
 0001:0001D2F8       superobject.CurrToJson
 0001:0001D7B8       superobject.DoEscape
 0001:0001DA90       superobject.DoMinimalEscape
 0003:00000860       superobject.ENDSTR_A
 0003:00000864       superobject.ENDSTR_B
 0003:000007F4       superobject.ESC_BS
 0003:000007FC       superobject.ESC_CR
 0003:00000804       superobject.ESC_FF
 0003:000007F8       superobject.ESC_LF
 0003:00000808       superobject.ESC_QUOT
 0003:0000080C       superobject.ESC_SL
 0003:00000810       superobject.ESC_SR
 0003:00000800       superobject.ESC_TAB
 0003:00000814       superobject.ESC_ZERO
 0001:000217C0       superobject.FindDataType
 0001:00021A38       superobject.FindInheritedField
 0001:00021684       superobject.FindInheritedProperty
 0001:0001D26C       superobject.FloatToJson
 0001:00023628       superobject.GetDblCompResult
 0001:00021DC0       superobject.getInheritedBool
 0001:00021E74       superobject.GetInheritedFieldList
 0001:000235F8       superobject.GetIntCompResult
 0001:000218A0       superobject.GetNames
 0001:00021BAC       superobject.InheritedFieldExist
 0001:0001E6F4       superobject.IsEndDelimiter
 0001:00024100       superobject.max
 0001:0001D508       superobject.ObjectFindClose
 0001:0001D3E8       superobject.ObjectFindFirst
 0001:0001D490       superobject.ObjectFindNext
 0001:0001D3D8       superobject.ObjectGetType
 0001:0001D3B4       superobject.ObjectIsType
 0001:0002266C       superobject.process
 0001:0001D380       superobject.SO
 0001:0001D21C       superobject.StrComp
 0001:0001D1D0       superobject.StrLComp
 0001:0001D24C       superobject.StrLen
 0003:000007F0       superobject.super_hex_chars
 0003:00000840       superobject.TOK_ARL
 0003:00000844       superobject.TOK_ARR
 0003:00000848       superobject.TOK_ARRAY
 0003:00000820       superobject.TOK_BS
 0003:00000838       superobject.TOK_CBL
 0003:0000083C       superobject.TOK_CBR
 0003:00000850       superobject.TOK_COM
 0003:00000830       superobject.TOK_CR
 0003:00000818       superobject.TOK_CRLF
 0003:00000854       superobject.TOK_DQT
 0003:0000085C       superobject.TOK_FALSE
 0003:0000082C       superobject.TOK_FF
 0003:00000828       superobject.TOK_LF
 0003:00000834       superobject.TOK_NULL
 0003:0000084C       superobject.TOK_OBJ
 0003:0000081C       superobject.TOK_SP
 0003:00000824       superobject.TOK_TAB
 0003:00000858       superobject.TOK_TRUE
 0001:0002431C       superobject.TSuperAnsiWriterStream.Append
 0001:00023E54       superobject.TSuperArray.Add
 0001:00023EC4       superobject.TSuperArray.Clear
 0001:00023FC8       superobject.TSuperArray.Create
 0001:00023E68       superobject.TSuperArray.Delete
 0001:0002402C       superobject.TSuperArray.Destroy
 0001:00024064       superobject.TSuperArray.Expand
 0001:000240AC       superobject.TSuperArray.GetO
 0001:00023F10       superobject.TSuperArray.Pack
 0001:000240D4       superobject.TSuperArray.PutO
 0001:000250C4       superobject.TSuperAvlEntry.Create
 0001:00025114       superobject.TSuperAvlEntry.GetValue
 0001:00025128       superobject.TSuperAvlEntry.Hash
 0001:00025160       superobject.TSuperAvlEntry.SetValue
 0001:00024FA8       superobject.TSuperAvlIterator.Create
 0001:00024FD4       superobject.TSuperAvlIterator.First
[...]
  5148 0001:00023553  5151 0001:00023558  5152 0001:00023560  5153 0001:0002356B
  5154 0001:0002356F  5155 0001:00023578  5158 0001:00023580  5159 0001:00023599
  5160 0001:000235CE  5164 0001:000235F8  5165 0001:000235FB  5166 0001:0002360F
  5167 0001:0002361F  5168 0001:00023621  5171 0001:00023628  5172 0001:0002362B
  5173 0001:0002363E  5174 0001:00023651  5175 0001:00023653  5177 0001:0002365C
  5178 0001:00023680  5180 0001:000236BA  5181 0001:000236F4  5182 0001:00023715
  5183 0001:00023741  5184 0001:00023779  5185 0001:000237A4  5187 0001:000237E1
  5190 0001:000237E8  5191 0001:00023822  5192 0001:00023848  5193 0001:00023868
  5194 0001:00023896  5195 0001:000238BF  5197 0001:000238FC  5200 0001:00023903
  5201 0001:0002393D  5202 0001:00023971  5203 0001:0002399F  5204 0001:000239C7
  5205 0001:000239FE  5207 0001:00023A3B  5210 0001:00023A42  5211 0001:00023A7C
  5212 0001:00023AA6  5213 0001:00023AC8  5214 0001:00023AF6  5215 0001:00023B1F
  5217 0001:00023B59  5220 0001:00023B5D  5225 0001:00023B6D  5227 0001:00023BA7
  5230 0001:00023BAB  5232 0001:00023BAD  5237 0001:00023BE8  5238 0001:00023BEE
  5239 0001:00023BF2  5240 0001:00023BF4  5245 0001:00023BF8  5246 0001:00023C12
  5247 0001:00023C1D  5248 0001:00023C20  5255 0001:00023C40  5256 0001:00023C59
  5257 0001:00023C87  5258 0001:00023C99  5259 0001:00023CA8  5260 0001:00023CAA
  5265 0001:00023CD4  5266 0001:00023CF0  5267 0001:00023D32  5272 0001:00023D5C
  5273 0001:00023D68  5274 0001:00023D95  5279 0001:00023DA0  5280 0001:00023DBC
  5281 0001:00023E15  5286 0001:00023E44  5287 0001:00023E48  5291 0001:00023E4C
  5292 0001:00023E4F  5296 0001:00023E50  5297 0001:00023E53  5302 0001:00023E54
  5303 0001:00023E55  5304 0001:00023E58  5305 0001:00023E61  5308 0001:00023E68
  5309 0001:00023E72  5311 0001:00023E7B  5312 0001:00023E88  5313 0001:00023E90
  5314 0001:00023E93  5316 0001:00023E9A  5318 0001:00023EB4  5321 0001:00023EBF
  5343 0001:00023EC4  5344 0001:00023ECC  5345 0001:00023ED7  5347 0001:00023EE0
  5348 0001:00023EE4  5349 0001:00023EF4  5350 0001:00023EFF  5344 0001:00023F00
  5351 0001:00023F03  5352 0001:00023F08  5357 0001:00023F10  5358 0001:00023F1A
  5360 0001:00023F24  5361 0001:00023F26  5364 0001:00023F2A  5363 0001:00023F2B
  5365 0001:00023F39  5367 0001:00023F3E  5369 0001:00023F42  5368 0001:00023F43
  5371 0001:00023F51  5373 0001:00023F52  5374 0001:00023F56  5376 0001:00023F72
  5377 0001:00023F79  5379 0001:00023F7C  5380 0001:00023F83  5381 0001:00023F97
  5382 0001:00023F9C  5383 0001:00023FA2  5384 0001:00023FAC  5383 0001:00023FBF
  5386 0001:00023FC2  5389 0001:00023FC8  5390 0001:00023FDB  5391 0001:00023FE4
  5392 0001:00023FEB  5393 0001:00023FF0  5394 0001:00024001  5395 0001:00024011
  5398 0001:0002402C  5399 0001:00024037  5400 0001:00024040  5401 0001:00024048
  5402 0001:00024054  5407 0001:00024064  5408 0001:00024068  5410 0001:0002406F
  5412 0001:00024077  5413 0001:0002407A  5414 0001:00024088  5415 0001:000240A3
  5416 0001:000240A6  5419 0001:000240AC  5420 0001:000240B5  5421 0001:000240BA
  5422 0001:000240C3  5423 0001:000240D0  5466 0001:000240D4  5467 0001:000240DD
  5468 0001:000240E6  5469 0001:000240F3  5470 0001:000240FC  5543 0001:00024100
  5544 0001:00024108  5545 0001:00024112  5546 0001:00024114  5548 0001:0002411C
  5550 0001:00024126  5551 0001:0002413B  5554 0001:00024148  5555 0001:00024157
  5556 0001:00024167  5557 0001:00024177  5559 0001:0002418D  5561 0001:000241A1
  5562 0001:000241A4  5564 0001:000241B0  5567 0001:000241B8  5568 0001:000241BE
  5569 0001:000241CF  5572 0001:000241D4  5573 0001:000241E6  5574 0001:000241EF
  5575 0001:000241F6  5576 0001:000241FB  5577 0001:00024208  5580 0001:00024224
  5581 0001:0002422F  5582 0001:0002423B  5583 0001:00024242  5584 0001:00024247
  5588 0001:00024258  5589 0001:00024264  5593 0001:00024268  5594 0001:00024270
  5595 0001:00024275  5598 0001:00024278  5601 0001:0002427A  5602 0001:0002427D
  5599 0001:00024289  5604 0001:000242B3  5609 0001:000242B4  5610 0001:000242BA
  5611 0001:000242CB  5614 0001:000242D0  5615 0001:000242E5  5616 0001:000242EE
  5617 0001:000242F1  5621 0001:0002430C  5622 0001:00024318  5631 0001:0002431C
  5632 0001:0002432F  5633 0001:00024334  5635 0001:00024348  5636 0001:00024350
  5637 0001:0002435C  5638 0001:00024365  5639 0001:00024373  5640 0001:0002437D
  5639 0001:00024388  5641 0001:0002438B  5643 0001:000243AB  5644 0001:000243B6
  5647 0001:000243C6  5652 0001:000243D0  5653 0001:000243D4  5654 0001:000243E2
  5660 0001:000243E8  5661 0001:000243EB  5662 0001:000243EE  5665 0001:000243F0
  5666 0001:000243F6  5667 0001:00024400  5668 0001:00024403  5671 0001:00024408
  5672 0001:0002441A  5673 0001:00024423  5674 0001:00024428  5678 0001:00024444
  5679 0001:00024449  5688 0001:0002444C  5689 0001:0002445F  5693 0001:00024464
  5696 0001:0002447C  5697 0001:00024484  5698 0001:00024490  5699 0001:00024499
  5700 0001:000244A7  5701 0001:000244B1  5700 0001:000244BE  5705 0001:000244C1
  5708 0001:000244E4  5709 0001:000244EF  5712 0001:000244FF  5713 0001:00024508
  5716 0001:00024514  5717 0001:0002451A  5718 0001:0002452B  5721 0001:00024530
  5722 0001:00024545  5723 0001:0002454E  5724 0001:00024551  5725 0001:00024556
  5729 0001:00024574  5730 0001:00024579  5735 0001:0002457C  5736 0001:0002458E
  5737 0001:0002459D  5738 0001:000245A7  5739 0001:000245AF  5740 0001:000245B6
  5743 0001:000245D0  5744 0001:000245DB  5745 0001:000245E2  5746 0001:000245EA
  5747 0001:000245F6  5752 0001:00024604  5753 0001:00024608  5754 0001:00024610
  5753 0001:0002461A  5755 0001:0002461F  5756 0001:00024624  5757 0001:00024628
  5760 0001:0002462C  5761 0001:00024633  5762 0001:0002463B  5763 0001:00024640
  5764 0001:00024649  5765 0001:00024652  5766 0001:0002465B  5767 0001:00024664
  5768 0001:0002466D  5773 0001:00024674  5774 0001:00024680  5775 0001:00024685
  5776 0001:0002468A  5779 0001:000246A0  5780 0001:000246AB  5781 0001:000246B4
  5782 0001:000246C0  5793 0001:000246D0  5794 0001:000246D1  5796 0001:000246DB
  5797 0001:000246DE  5799 0001:000246E4  5800 0001:000246E6  5801 0001:000246E9
  5802 0001:000246EF  5803 0001:000246F5  5804 0001:000246F8  5805 0001:000246FB
  5806 0001:000246FE  5808 0001:00024702  5810 0001:00024706  5811 0001:0002470D
  5814 0001:00024714  5815 0001:0002471B  5817 0001:00024720  5820 0001:0002472A
  5821 0001:0002472F  5825 0001:00024739  5826 0001:0002473F  5827 0001:00024742
  5829 0001:00024748  5830 0001:0002474F  5833 0001:00024758  5834 0001:0002475D
  5836 0001:00024762  5842 0001:00024769  5843 0001:0002476C  5845 0001:00024772
  5846 0001:00024774  5847 0001:00024777  5848 0001:0002477D  5849 0001:00024783
  5850 0001:00024786  5852 0001:00024789  5853 0001:0002478C  5855 0001:00024790
  5857 0001:00024794  5858 0001:0002479B  5861 0001:000247A2  5862 0001:000247A9
  5864 0001:000247AE  5867 0001:000247B5  5868 0001:000247BA  5872 0001:000247C1
  5873 0001:000247C7  5874 0001:000247CA  5876 0001:000247D0  5877 0001:000247D7
  5880 0001:000247E0  5881 0001:000247E5  5883 0001:000247EA  5886 0001:000247EC
  5887 0001:000247EE  5897 0001:000247F0  5898 0001:000247FC  5899 0001:00024802
  5900 0001:00024807  5901 0001:0002480C  5902 0001:00024811  5904 0001:0002481A
  5905 0001:00024824  5908 0001:0002482F  5909 0001:00024835  5910 0001:0002483B
  5911 0001:00024841  5912 0001:00024847  5913 0001:00024849  5915 0001:0002484B
  5917 0001:00024851  5918 0001:00024855  5919 0001:00024859  5921 0001:00024861
  5923 0001:0002486B  5924 0001:00024874  5925 0001:0002487F  5927 0001:00024883
  5928 0001:00024891  5930 0001:00024895  5932 0001:00024897  5933 0001:0002489A
  5934 0001:000248A0  5935 0001:000248A3  5936 0001:000248AE  5937 0001:000248B4
  5939 0001:000248B9  5940 0001:000248BB  5942 0001:000248BF  5943 0001:000248C2
  5946 0001:000248D2  5947 0001:000248D5  5949 0001:000248E3  5950 0001:000248E7
  5952 0001:000248EF  5953 0001:000248F3  5954 0001:000248F8  5956 0001:000248FB
  5958 0001:00024903  5959 0001:0002490A  5962 0001:00024912  5963 0001:00024922
  5964 0001:00024929  5965 0001:0002492C  5966 0001:00024930  5967 0001:00024937
  5968 0001:0002493B  5969 0001:0002493E  5970 0001:0002493F  5971 0001:00024943
  5972 0001:0002494C  5973 0001:00024953  5975 0001:0002495D  5976 0001:00024964
  5980 0001:0002496A  5981 0001:0002496E  5983 0001:00024972  5984 0001:00024982
  5985 0001:00024989  5986 0001:0002498C  5987 0001:00024990  5989 0001:00024994
  5990 0001:0002499B  5993 0001:000249A0  5994 0001:000249A7  5981 0001:000249AA
  5998 0001:000249AE  6000 0001:000249B5  6001 0001:000249C5  6002 0001:000249CC
  6005 0001:000249D8  6006 0001:000249E1  6007 0001:000249F1  6008 0001:000249F8
  6009 0001:000249FB  6010 0001:000249FF  6011 0001:00024A0C  6015 0001:00024A17
  6016 0001:00024A19  6023 0001:00024A28  6024 0001:00024A4C  6026 0001:00024A5C
  6027 0001:00024A61  6029 0001:00024A67  6030 0001:00024A6D  6031 0001:00024A76
  6032 0001:00024A7C  6033 0001:00024A85  6035 0001:00024A8A  6037 0001:00024A8E
  6038 0001:00024A9B  6039 0001:00024AAA  6041 0001:00024AAC  6042 0001:00024AB0
  6043 0001:00024AD1  6045 0001:00024AD5  6047 0001:00024ADB  6048 0001:00024ADE
  6050 0001:00024AE0  6053 0001:00024AE7  6054 0001:00024AED  6055 0001:00024AF9
  6056 0001:00024AFC  6057 0001:00024B00  6058 0001:00024B05  6035 0001:00024B08
  6060 0001:00024B0C  6061 0001:00024B0F  6070 0001:00024B34  6071 0001:00024B46
  6072 0001:00024B58  6073 0001:00024B5E  6075 0001:00024B67  6076 0001:00024B69
  6077 0001:00024B6F  6080 0001:00024B75  6082 0001:00024B7D  6083 0001:00024B8B
  6084 0001:00024B9B  6086 0001:00024B9D  6087 0001:00024BA1  6088 0001:00024BB1
  6090 0001:00024BB5  6091 0001:00024BB9  6093 0001:00024BBD  6094 0001:00024BC0
  6097 0001:00024BCE  6098 0001:00024BD1  6100 0001:00024BDD  6101 0001:00024BDE
  6078 0001:00024BE2  6103 0001:00024BE4  6104 0001:00024BE8  6105 0001:00024BF0
  6107 0001:00024BF4  6109 0001:00024BFA  6110 0001:00024BFD  6111 0001:00024C09
  6114 0001:00024C0E  6115 0001:00024C11  6116 0001:00024C1D  6118 0001:00024C22
  6120 0001:00024C23  6122 0001:00024C27  6124 0001:00024C29  6125 0001:00024C2D
  6126 0001:00024C2F  6128 0001:00024C33  6129 0001:00024C36  6132 0001:00024C44
  6133 0001:00024C47  6135 0001:00024C53  6136 0001:00024C54  6138 0001:00024C58
  6139 0001:00024C62  6140 0001:00024C6C  6142 0001:00024C70  6143 0001:00024C74
  6144 0001:00024C79  6147 0001:00024C7C  6148 0001:00024C83  6149 0001:00024C8B
  6150 0001:00024C92  6151 0001:00024C9B  6153 0001:00024CA2  6154 0001:00024CAC
  6155 0001:00024CB0  6157 0001:00024CB4  6159 0001:00024CBA  6160 0001:00024CC4
  6161 0001:00024CCE  6162 0001:00024CD8  6163 0001:00024CDF  6166 0001:00024CE7
  6167 0001:00024CEC  6168 0001:00024CFA  6169 0001:00024D03  6173 0001:00024D0A
  6175 0001:00024D12  6176 0001:00024D18  6177 0001:00024D1E  6178 0001:00024D20
  6180 0001:00024D24  6182 0001:00024D32  6183 0001:00024D35  6186 0001:00024D3E
  6187 0001:00024D41  6189 0001:00024D48  6190 0001:00024D49  6191 0001:00024D4D
  6178 0001:00024D4F  6194 0001:00024D53  6195 0001:00024D5B  6198 0001:00024D5F
  6200 0001:00024D66  6201 0001:00024D6D  6202 0001:00024D71  6203 0001:00024D77
  6204 0001:00024D7B  6206 0001:00024D89  6207 0001:00024D95  6209 0001:00024D9E
  6210 0001:00024DA5  6212 0001:00024DB4  6214 0001:00024DBB  6215 0001:00024DBD
  6216 0001:00024DC1  6217 0001:00024DC2  6218 0001:00024DD0  6219 0001:00024DD7
  6220 0001:00024DDA  6222 0001:00024DDE  6223 0001:00024DE5  6226 0001:00024DED
  6227 0001:00024DF4  6196 0001:00024DF7  6230 0001:00024DFC  6232 0001:00024E02
  6234 0001:00024E09  6235 0001:00024E16  6236 0001:00024E23  6238 0001:00024E29
  6245 0001:00024E38  6246 0001:00024E5D  6247 0001:00024E63  6248 0001:00024E71
  6250 0001:00024E75  6252 0001:00024E7B  6253 0001:00024E7E  6254 0001:00024E84
  6255 0001:00024E8F  6256 0001:00024E95  6260 0001:00024EB0  6261 0001:00024EB3
  6262 0001:00024EB9  6264 0001:00024EBC  6248 0001:00024EBE  6266 0001:00024EC2
  6267 0001:00024ECD  6266 0001:00024EE5  6268 0001:00024EE8  6269 0001:00024EEF
  6274 0001:00024F20  6275 0001:00024F29  6276 0001:00024F2C  6278 0001:00024F30
  6280 0001:00024F36  6281 0001:00024F39  6285 0001:00024F47  6286 0001:00024F4A
  6287 0001:00024F50  6289 0001:00024F53  6276 0001:00024F55  6291 0001:00024F59
  6292 0001:00024F5E  6293 0001:00024F63  6296 0001:00024F68  6297 0001:00024F6E
  6298 0001:00024F84  6301 0001:00024F88  6302 0001:00024F8E  6303 0001:00024FA5
  6313 0001:00024FA8  6314 0001:00024FB4  6315 0001:00024FBB  6316 0001:00024FBE
  6376 0001:00024FD4  6377 0001:00024FDA  6378 0001:00024FE1  6379 0001:00024FEA
  6381 0001:00024FEE  6382 0001:00024FF6  6383 0001:00024FFA  6384 0001:00024FFD
  6379 0001:00025000  6386 0001:00025004  6414 0001:0002500C  6416 0001:00025014
  6417 0001:00025016  6419 0001:00025017  6420 0001:0002501B  6421 0001:00025023
  6422 0001:00025027  6427 0001:00025028  6428 0001:0002502D  6430 0001:00025035
  6431 0001:00025039  6432 0001:00025044  6434 0001:0002504B  6436 0001:0002504F
  6438 0001:00025055  6439 0001:0002505C  6441 0001:0002505E  6442 0001:00025061
  6445 0001:00025071  6446 0001:0002507C  6447 0001:00025083  6450 0001:00025086
  6451 0001:00025089  6453 0001:0002508D  6454 0001:00025099  6455 0001:000250A0
  6448 0001:000250A3  6459 0001:000250A5  6499 0001:000250AC  6500 0001:000250B3
  6504 0001:000250B4  6505 0001:000250C2  6510 0001:000250C4  6511 0001:000250DC
  6512 0001:000250E6  6513 0001:000250EC  6514 0001:000250F6  6517 0001:00025114
  6518 0001:0002511A  6519 0001:00025124  6525 0001:00025128  6526 0001:0002512D
  6527 0001:0002512F  6528 0001:0002513F  6527 0001:00025156  6529 0001:00025159
  6530 0001:0002515B  6533 0001:00025160  6534 0001:00025166  6535 0001:00025170
  6582 0001:00025174  6583 0001:00025190  6585 0001:00025196  6586 0001:000251B1
  6588 0001:000251BA  6589 0001:000251C5  6607 0001:000251E8  6608 0001:000251F0
  6609 0001:00025201  6610 0001:00025205  6611 0001:00025210  6612 0001:00025217
  6617 0001:00025220  6618 0001:00025229  6619 0001:00025241  6620 0001:00025247
  6621 0001:00025250  7501 0001:00025254

Line numbers for HYConsts(HYConsts.pas) segment .text

    28 0001:00000000

Line numbers for FeedbackFrm(FeedbackFrm.pas) segment .text

    48 0001:00025734    49 0001:00025749    50 0001:00025754    51 0001:0002575A
    56 0001:00025778    57 0001:0002578E    58 0001:0002579C    59 0001:000257AA
    64 0001:000257CC    65 0001:000257E2    66 0001:000257F0    67 0001:000257F6
    68 0001:00025804    71 0001:00025828    72 0001:0002582E    73 0001:0002583A
    74 0001:00025848    76 0001:00025865    78 0001:00025875    81 0001:00025880
    82 0001:00025899    83 0001:000258CB    84 0001:000258D8    89 0001:00025924
    90 0001:00025941    92 0001:0002596B    93 0001:0002598B   100 0001:000259C8
   101 0001:00025A1A   103 0001:00025A51   104 0001:00025A61   105 0001:00025A68
   106 0001:00025A6F   107 0001:00025A7F   108 0001:00025A8F   109 0001:00025ADE
   111 0001:00025AE4   113 0001:00025B9A

Line numbers for MainFrm(MainFrm.pas) segment .text

    70 0001:00025E9C    71 0001:00025EB5    72 0001:00025EC9    73 0001:00025EFC
    74 0001:00025F03    77 0001:00025F5C    78 0001:00025F5F    79 0001:00025F6F
    80 0001:00025F7A    85 0001:00025F7C    88 0001:00025F94    89 0001:00025FAA
    91 0001:00025FB0    94 0001:00025FC7    98 0001:00025FF4    99 0001:00025FFB
   102 0001:00025FFC   103 0001:00025FFF   104 0001:0002600E   105 0001:0002601D
   112 0001:00026020   113 0001:0002605B   114 0001:00026068   115 0001:00026078
   116 0001:0002608C   117 0001:0002609A   119 0001:000260CC   123 0001:000260D1
   124 0001:000260E0   125 0001:000260F4   126 0001:000260FF   127 0001:00026104
   130 0001:000261B0   131 0001:000261CB   132 0001:000261EC   133 0001:0002620D
   134 0001:0002622E   135 0001:0002624F   138 0001:000262C8   139 0001:000262CB
   140 0001:000262D7   141 0001:000262DE   142 0001:000262E9   143 0001:000262F4
   146 0001:000262F8   147 0001:00026302   150 0001:00026321   151 0001:00026327
   152 0001:00026331   153 0001:00026338   154 0001:0002633F   155 0001:00026346
   156 0001:0002635B   158 0001:0002636C   159 0001:00026374   164 0001:000263F8
   165 0001:000263FE   166 0001:00026412   168 0001:00026421   169 0001:0002642D
   173 0001:0002645C   174 0001:0002647C   175 0001:000264AA   176 0001:000264C6
   183 0001:00026520   184 0001:00026540   185 0001:00026544   186 0001:00026553
   187 0001:00026561   188 0001:0002656E   190 0001:00026591   192 0001:000265A1
   196 0001:000265A8   197 0001:000265B8   198 0001:000265C2   199 0001:000265CE
   200 0001:000265DF   202 0001:000265E7   203 0001:000265EB   205 0001:000265ED
   206 0001:000265FB   215 0001:0002664C   216 0001:0002666D   217 0001:00026675
   220 0001:00026683   221 0001:00026685   224 0001:00026691   225 0001:00026694
   227 0001:000266CB   229 0001:000266D0   231 0001:000266D6   233 0001:000266DC
   235 0001:000266E2   237 0001:000266E8   240 0001:000266EE   241 0001:0002670E
   242 0001:00026733   247 0001:00026738   249 0001:0002673A   250 0001:00026752
   218 0001:00026755   252 0001:00026761   257 0001:000267AC   285 0001:000267CF
   286 0001:000267DD   287 0001:000267EA   288 0001:0002680B   289 0001:00026848
   291 0001:0002689F   292 0001:000268F6   293 0001:0002694D   294 0001:000269A4
   296 0001:00026A0A   298 0001:00026A1C   304 0001:00026C4C   305 0001:00026C59
   306 0001:00026C5D   307 0001:00026C65   308 0001:00026C6C   309 0001:00026C7D
   310 0001:00026C8B   314 0001:00026C99   315 0001:00026CB2   316 0001:00026CBC
   317 0001:00026CD7   318 0001:00026CE1   319 0001:00026CEB   320 0001:00026CF8
   322 0001:00026D05   323 0001:00026D1A   324 0001:00026D2F   325 0001:00026D3F
   326 0001:00026D54   327 0001:00026D69   329 0001:00026D7E   330 0001:00026D98
   331 0001:00026DAD   333 0001:00026DBF   334 0001:00026DD0   335 0001:00026DDE
   336 0001:00026DEB   338 0001:00026E0E   339 0001:00026E1B   341 0001:00026E2C
   346 0001:00026E57   349 0001:00026E6D   350 0001:00026E75   352 0001:00026E85
   355 0001:0002705C   356 0001:0002705F   357 0001:0002706B   358 0001:00027072
   361 0001:00027074   362 0001:0002708F   363 0001:000270B0   364 0001:000270D1
   365 0001:000270F2   366 0001:00027113   367 0001:0002711E   373 0001:000271A8
   374 0001:000271D3   377 0001:000271E5   379 0001:000271F1   380 0001:00027203
   382 0001:0002720B   383 0001:00027225   384 0001:00027280   385 0001:00027292
   387 0001:000272A8   388 0001:000272F5   389 0001:00027307   390 0001:00027311
   394 0001:0002731B   397 0001:00027325   398 0001:00027334   402 0001:000273E0
   405 0001:000273F0   408 0001:000273F6   410 0001:000273FB   416 0001:000273FC
   417 0001:0002741D   418 0001:0002742B   420 0001:00027471   422 0001:00027484
   424 0001:000274BD   425 0001:000274D4   427 0001:000274DA   428 0001:000274F3
   430 0001:000274FE   433 0001:00027508   434 0001:00027516   436 0001:0002755C
   438 0001:0002756F   440 0001:000275A8   441 0001:000275C6   443 0001:000275D0
   452 0001:00027614   453 0001:00027641   456 0001:0002764B   457 0001:00027656
   458 0001:00027663   459 0001:0002768A   461 0001:0002769E   462 0001:000276BB
   464 0001:000276C2   465 0001:000276C7   467 0001:000276C9   468 0001:000276CA
   469 0001:000276D7   472 0001:00027718   473 0001:0002771D   475 0001:00027722
   476 0001:00027738   478 0001:00027743   483 0001:000277B0   484 0001:000277B9
   485 0001:000277BF   487 0001:000277D0   489 0001:000277E0   491 0001:000277F2
   493 0001:00027825

Line numbers for HY(G:\刘延军\tools\QQ自动发消息\HY.dpr) segment .itext

    15 0002:00000504    16 0002:00000514    17 0002:00000520    18 0002:00000538
    19 0002:00000544

Bound resource files

FeedbackFrm.dfm
MainFrm.dfm
HY.res
HY.drf


Program entry point at 0002:00000504
